Archive member included to satisfy reference by file (symbol)

g:/embedded_config/10 2021.10/bin/../lib/gcc/arm-none-eabi/10.3.1/../../../../arm-none-eabi/lib/thumb/v7e-m+fp/hard\libstdc++.a(atexit_arm.o)
                              CMakeFiles/DRIVE_CMAKE.elf.dir/Foc/core/Src/foc_ctrl.cpp.obj (__aeabi_atexit)
g:/embedded_config/10 2021.10/bin/../lib/gcc/arm-none-eabi/10.3.1/../../../../arm-none-eabi/lib/thumb/v7e-m+fp/hard\libstdc++.a(class_type_info.o)
                              CMakeFiles/DRIVE_CMAKE.elf.dir/Foc/core/Src/analog_sense.cpp.obj (vtable for __cxxabiv1::__class_type_info)
g:/embedded_config/10 2021.10/bin/../lib/gcc/arm-none-eabi/10.3.1/../../../../arm-none-eabi/lib/thumb/v7e-m+fp/hard\libstdc++.a(del_ops.o)
                              CMakeFiles/DRIVE_CMAKE.elf.dir/Foc/core/Src/foc_ctrl.cpp.obj (operator delete(void*, unsigned int))
g:/embedded_config/10 2021.10/bin/../lib/gcc/arm-none-eabi/10.3.1/../../../../arm-none-eabi/lib/thumb/v7e-m+fp/hard\libstdc++.a(si_class_type_info.o)
                              CMakeFiles/DRIVE_CMAKE.elf.dir/Foc/core/Src/analog_sense.cpp.obj (vtable for __cxxabiv1::__si_class_type_info)
g:/embedded_config/10 2021.10/bin/../lib/gcc/arm-none-eabi/10.3.1/../../../../arm-none-eabi/lib/thumb/v7e-m+fp/hard\libstdc++.a(tinfo.o)
                              g:/embedded_config/10 2021.10/bin/../lib/gcc/arm-none-eabi/10.3.1/../../../../arm-none-eabi/lib/thumb/v7e-m+fp/hard\libstdc++.a(class_type_info.o) (std::type_info::~type_info())
g:/embedded_config/10 2021.10/bin/../lib/gcc/arm-none-eabi/10.3.1/../../../../arm-none-eabi/lib/thumb/v7e-m+fp/hard\libstdc++.a(vmi_class_type_info.o)
                              CMakeFiles/DRIVE_CMAKE.elf.dir/Foc/core/Src/foc_ctrl.cpp.obj (vtable for __cxxabiv1::__vmi_class_type_info)
g:/embedded_config/10 2021.10/bin/../lib/gcc/arm-none-eabi/10.3.1/../../../../arm-none-eabi/lib/thumb/v7e-m+fp/hard\libstdc++.a(del_op.o)
                              g:/embedded_config/10 2021.10/bin/../lib/gcc/arm-none-eabi/10.3.1/../../../../arm-none-eabi/lib/thumb/v7e-m+fp/hard\libstdc++.a(del_ops.o) (operator delete(void*))
g:/embedded_config/10 2021.10/bin/../lib/gcc/arm-none-eabi/10.3.1/../../../../arm-none-eabi/lib/thumb/v7e-m+fp/hard\libm.a(lib_a-sf_fmax.o)
                              CMakeFiles/DRIVE_CMAKE.elf.dir/Foc/utils/Src/util.c.obj (fmaxf)
g:/embedded_config/10 2021.10/bin/../lib/gcc/arm-none-eabi/10.3.1/../../../../arm-none-eabi/lib/thumb/v7e-m+fp/hard\libm.a(lib_a-sf_fmin.o)
                              CMakeFiles/DRIVE_CMAKE.elf.dir/Foc/utils/Src/util.c.obj (fminf)
g:/embedded_config/10 2021.10/bin/../lib/gcc/arm-none-eabi/10.3.1/../../../../arm-none-eabi/lib/thumb/v7e-m+fp/hard\libm.a(lib_a-sf_fpclassify.o)
                              g:/embedded_config/10 2021.10/bin/../lib/gcc/arm-none-eabi/10.3.1/../../../../arm-none-eabi/lib/thumb/v7e-m+fp/hard\libm.a(lib_a-sf_fmax.o) (__fpclassifyf)
g:/embedded_config/10 2021.10/bin/../lib/gcc/arm-none-eabi/10.3.1/../../../../arm-none-eabi/lib/thumb/v7e-m+fp/hard\libm.a(lib_a-wf_atan2.o)
                              CMakeFiles/DRIVE_CMAKE.elf.dir/Foc/core/Src/foc_ctrl.cpp.obj (atan2f)
g:/embedded_config/10 2021.10/bin/../lib/gcc/arm-none-eabi/10.3.1/../../../../arm-none-eabi/lib/thumb/v7e-m+fp/hard\libm.a(lib_a-wf_log.o)
                              CMakeFiles/DRIVE_CMAKE.elf.dir/Foc/core/Src/foc_ctrl.cpp.obj (logf)
g:/embedded_config/10 2021.10/bin/../lib/gcc/arm-none-eabi/10.3.1/../../../../arm-none-eabi/lib/thumb/v7e-m+fp/hard\libm.a(lib_a-ef_atan2.o)
                              g:/embedded_config/10 2021.10/bin/../lib/gcc/arm-none-eabi/10.3.1/../../../../arm-none-eabi/lib/thumb/v7e-m+fp/hard\libm.a(lib_a-wf_atan2.o) (__ieee754_atan2f)
g:/embedded_config/10 2021.10/bin/../lib/gcc/arm-none-eabi/10.3.1/../../../../arm-none-eabi/lib/thumb/v7e-m+fp/hard\libm.a(lib_a-ef_log.o)
                              g:/embedded_config/10 2021.10/bin/../lib/gcc/arm-none-eabi/10.3.1/../../../../arm-none-eabi/lib/thumb/v7e-m+fp/hard\libm.a(lib_a-wf_log.o) (__ieee754_logf)
g:/embedded_config/10 2021.10/bin/../lib/gcc/arm-none-eabi/10.3.1/../../../../arm-none-eabi/lib/thumb/v7e-m+fp/hard\libm.a(lib_a-sf_atan.o)
                              g:/embedded_config/10 2021.10/bin/../lib/gcc/arm-none-eabi/10.3.1/../../../../arm-none-eabi/lib/thumb/v7e-m+fp/hard\libm.a(lib_a-ef_atan2.o) (atanf)
g:/embedded_config/10 2021.10/bin/../lib/gcc/arm-none-eabi/10.3.1/../../../../arm-none-eabi/lib/thumb/v7e-m+fp/hard\libm.a(lib_a-sf_fabs.o)
                              g:/embedded_config/10 2021.10/bin/../lib/gcc/arm-none-eabi/10.3.1/../../../../arm-none-eabi/lib/thumb/v7e-m+fp/hard\libm.a(lib_a-ef_atan2.o) (fabsf)
g:/embedded_config/10 2021.10/bin/../lib/gcc/arm-none-eabi/10.3.1/../../../../arm-none-eabi/lib/thumb/v7e-m+fp/hard\libm.a(lib_a-sf_nan.o)
[...]
Memory Configuration

Name             Origin             Length             Attributes
RAM              0x20000000         0x00020000         xrw
FLASH            0x08000000         0x00020000         xr
*default*        0x00000000         0xffffffff

Linker script and memory map

LOAD g:/embedded_config/10 2021.10/bin/../lib/gcc/arm-none-eabi/10.3.1/thumb/v7e-m+fp/hard/crti.o
LOAD g:/embedded_config/10 2021.10/bin/../lib/gcc/arm-none-eabi/10.3.1/thumb/v7e-m+fp/hard/crtbegin.o
LOAD g:/embedded_config/10 2021.10/bin/../lib/gcc/arm-none-eabi/10.3.1/../../../../arm-none-eabi/lib/thumb/v7e-m+fp/hard/crt0.o
LOAD CMakeFiles/DRIVE_CMAKE.elf.dir/BSP/Src/drive_can.c.obj
LOAD CMakeFiles/DRIVE_CMAKE.elf.dir/BSP/Src/drive_iic.c.obj
LOAD CMakeFiles/DRIVE_CMAKE.elf.dir/BSP/Src/drive_tim.c.obj
LOAD CMakeFiles/DRIVE_CMAKE.elf.dir/Core/Src/adc.c.obj
LOAD CMakeFiles/DRIVE_CMAKE.elf.dir/Core/Src/fdcan.c.obj
LOAD CMakeFiles/DRIVE_CMAKE.elf.dir/Core/Src/gpio.c.obj
LOAD CMakeFiles/DRIVE_CMAKE.elf.dir/Core/Src/i2c.c.obj
LOAD CMakeFiles/DRIVE_CMAKE.elf.dir/Core/Src/main.cpp.obj
LOAD CMakeFiles/DRIVE_CMAKE.elf.dir/Core/Src/spi.c.obj
LOAD CMakeFiles/DRIVE_CMAKE.elf.dir/Core/Src/stm32g4xx_hal_msp.c.obj
LOAD CMakeFiles/DRIVE_CMAKE.elf.dir/Core/Src/stm32g4xx_it.c.obj
LOAD CMakeFiles/DRIVE_CMAKE.elf.dir/Core/Src/syscalls.c.obj
LOAD CMakeFiles/DRIVE_CMAKE.elf.dir/Core/Src/sysmem.c.obj
LOAD CMakeFiles/DRIVE_CMAKE.elf.dir/Core/Src/system_stm32g4xx.c.obj
LOAD CMakeFiles/DRIVE_CMAKE.elf.dir/Core/Src/tim.c.obj
LOAD CMakeFiles/DRIVE_CMAKE.elf.dir/Core/Startup/startup_stm32g474rbtx.s.obj
LOAD CMakeFiles/DRIVE_CMAKE.elf.dir/Drivers/STM32G4xx_HAL_Driver/Src/stm32g4xx_hal.c.obj
LOAD CMakeFiles/DRIVE_CMAKE.elf.dir/Drivers/STM32G4xx_HAL_Driver/Src/stm32g4xx_hal_adc.c.obj
LOAD CMakeFiles/DRIVE_CMAKE.elf.dir/Drivers/STM32G4xx_HAL_Driver/Src/stm32g4xx_hal_adc_ex.c.obj
LOAD CMakeFiles/DRIVE_CMAKE.elf.dir/Drivers/STM32G4xx_HAL_Driver/Src/stm32g4xx_hal_cortex.c.obj
LOAD CMakeFiles/DRIVE_CMAKE.elf.dir/Drivers/STM32G4xx_HAL_Driver/Src/stm32g4xx_hal_dma.c.obj
LOAD CMakeFiles/DRIVE_CMAKE.elf.dir/Drivers/STM32G4xx_HAL_Driver/Src/stm32g4xx_hal_dma_ex.c.obj
LOAD CMakeFiles/DRIVE_CMAKE.elf.dir/Drivers/STM32G4xx_HAL_Driver/Src/stm32g4xx_hal_exti.c.obj
LOAD CMakeFiles/DRIVE_CMAKE.elf.dir/Drivers/STM32G4xx_HAL_Driver/Src/stm32g4xx_hal_fdcan.c.obj
LOAD CMakeFiles/DRIVE_CMAKE.elf.dir/Drivers/STM32G4xx_HAL_Driver/Src/stm32g4xx_hal_flash.c.obj
LOAD CMakeFiles/DRIVE_CMAKE.elf.dir/Drivers/STM32G4xx_HAL_Driver/Src/stm32g4xx_hal_flash_ex.c.obj
LOAD CMakeFiles/DRIVE_CMAKE.elf.dir/Drivers/STM32G4xx_HAL_Driver/Src/stm32g4xx_hal_flash_ramfunc.c.obj
LOAD CMakeFiles/DRIVE_CMAKE.elf.dir/Drivers/STM32G4xx_HAL_Driver/Src/stm32g4xx_hal_gpio.c.obj
LOAD CMakeFiles/DRIVE_CMAKE.elf.dir/Drivers/STM32G4xx_HAL_Driver/Src/stm32g4xx_hal_i2c.c.obj
LOAD CMakeFiles/DRIVE_CMAKE.elf.dir/Drivers/STM32G4xx_HAL_Driver/Src/stm32g4xx_hal_i2c_ex.c.obj
LOAD CMakeFiles/DRIVE_CMAKE.elf.dir/Drivers/STM32G4xx_HAL_Driver/Src/stm32g4xx_hal_pcd.c.obj
LOAD CMakeFiles/DRIVE_CMAKE.elf.dir/Drivers/STM32G4xx_HAL_Driver/Src/stm32g4xx_hal_pcd_ex.c.obj
LOAD CMakeFiles/DRIVE_CMAKE.elf.dir/Drivers/STM32G4xx_HAL_Driver/Src/stm32g4xx_hal_pwr.c.obj
LOAD CMakeFiles/DRIVE_CMAKE.elf.dir/Drivers/STM32G4xx_HAL_Driver/Src/stm32g4xx_hal_pwr_ex.c.obj
LOAD CMakeFiles/DRIVE_CMAKE.elf.dir/Drivers/STM32G4xx_HAL_Driver/Src/stm32g4xx_hal_rcc.c.obj
LOAD CMakeFiles/DRIVE_CMAKE.elf.dir/Drivers/STM32G4xx_HAL_Driver/Src/stm32g4xx_hal_rcc_ex.c.obj
LOAD CMakeFiles/DRIVE_CMAKE.elf.dir/Drivers/STM32G4xx_HAL_Driver/Src/stm32g4xx_hal_spi.c.obj
LOAD CMakeFiles/DRIVE_CMAKE.elf.dir/Drivers/STM32G4xx_HAL_Driver/Src/stm32g4xx_hal_spi_ex.c.obj
LOAD CMakeFiles/DRIVE_CMAKE.elf.dir/Drivers/STM32G4xx_HAL_Driver/Src/stm32g4xx_hal_tim.c.obj
LOAD CMakeFiles/DRIVE_CMAKE.elf.dir/Drivers/STM32G4xx_HAL_Driver/Src/stm32g4xx_hal_tim_ex.c.obj
LOAD CMakeFiles/DRIVE_CMAKE.elf.dir/Drivers/STM32G4xx_HAL_Driver/Src/stm32g4xx_ll_adc.c.obj
LOAD CMakeFiles/DRIVE_CMAKE.elf.dir/Drivers/STM32G4xx_HAL_Driver/Src/stm32g4xx_ll_usb.c.obj
LOAD CMakeFiles/DRIVE_CMAKE.elf.dir/Foc/core/Src/analog_sense.cpp.obj
LOAD CMakeFiles/DRIVE_CMAKE.elf.dir/Foc/core/Src/foc_cfg.cpp.obj
LOAD CMakeFiles/DRIVE_CMAKE.elf.dir/Foc/core/Src/foc_ctrl.cpp.obj
LOAD CMakeFiles/DRIVE_CMAKE.elf.dir/Foc/core/Src/foc_math.cpp.obj
LOAD CMakeFiles/DRIVE_CMAKE.elf.dir/Foc/encoder/Src/as5047p.c.obj
LOAD CMakeFiles/DRIVE_CMAKE.elf.dir/Foc/encoder/Src/encoder.cpp.obj
LOAD CMakeFiles/DRIVE_CMAKE.elf.dir/Foc/encoder/Src/encoder_proc.c.obj
LOAD CMakeFiles/DRIVE_CMAKE.elf.dir/Foc/utils/Src/pid.cpp.obj
LOAD CMakeFiles/DRIVE_CMAKE.elf.dir/Foc/utils/Src/util.c.obj
LOAD CMakeFiles/DRIVE_CMAKE.elf.dir/Foc/utils/Src/vofa.c.obj
LOAD CMakeFiles/DRIVE_CMAKE.elf.dir/Middlewares/ST/STM32_USB_Device_Library/Class/CDC/Src/usbd_cdc.c.obj
LOAD CMakeFiles/DRIVE_CMAKE.elf.dir/Middlewares/ST/STM32_USB_Device_Library/Core/Src/usbd_core.c.obj
LOAD CMakeFiles/DRIVE_CMAKE.elf.dir/Middlewares/ST/STM32_USB_Device_Library/Core/Src/usbd_ctlreq.c.obj
LOAD CMakeFiles/DRIVE_CMAKE.elf.dir/Middlewares/ST/STM32_USB_Device_Library/Core/Src/usbd_ioreq.c.obj
LOAD CMakeFiles/DRIVE_CMAKE.elf.dir/Mine/Src/McuDevicePort.c.obj
LOAD CMakeFiles/DRIVE_CMAKE.elf.dir/Mine/Src/key.cpp.obj
LOAD CMakeFiles/DRIVE_CMAKE.elf.dir/Mine/Src/menu_manager.cpp.obj
LOAD CMakeFiles/DRIVE_CMAKE.elf.dir/Mine/Src/oled_iic.cpp.obj
LOAD CMakeFiles/DRIVE_CMAKE.elf.dir/USB_Device/App/usb_device.c.obj
LOAD CMakeFiles/DRIVE_CMAKE.elf.dir/USB_Device/App/usbd_cdc_if.c.obj
LOAD CMakeFiles/DRIVE_CMAKE.elf.dir/USB_Device/App/usbd_desc.c.obj
LOAD CMakeFiles/DRIVE_CMAKE.elf.dir/USB_Device/Target/usbd_conf.c.obj
LOAD g:/embedded_config/10 2021.10/bin/../lib/gcc/arm-none-eabi/10.3.1/../../../../arm-none-eabi/lib/thumb/v7e-m+fp/hard\libstdc++.a
LOAD g:/embedded_config/10 2021.10/bin/../lib/gcc/arm-none-eabi/10.3.1/../../../../arm-none-eabi/lib/thumb/v7e-m+fp/hard\libm.a
START GROUP
LOAD g:/embedded_config/10 2021.10/bin/../lib/gcc/arm-none-eabi/10.3.1/thumb/v7e-m+fp/hard\libgcc.a
LOAD g:/embedded_config/10 2021.10/bin/../lib/gcc/arm-none-eabi/10.3.1/../../../../arm-none-eabi/lib/thumb/v7e-m+fp/hard\libg.a
LOAD g:/embedded_config/10 2021.10/bin/../lib/gcc/arm-none-eabi/10.3.1/../../../../arm-none-eabi/lib/thumb/v7e-m+fp/hard\libc.a
END GROUP
LOAD g:/embedded_config/10 2021.10/bin/../lib/gcc/arm-none-eabi/10.3.1/thumb/v7e-m+fp/hard/crtend.o
LOAD g:/embedded_config/10 2021.10/bin/../lib/gcc/arm-none-eabi/10.3.1/thumb/v7e-m+fp/hard/crtn.o
                0x20020000                _estack = (ORIGIN (RAM) + LENGTH (RAM))
                0x00000200                _Min_Heap_Size = 0x200
                0x00000400                _Min_Stack_Size = 0x400

.isr_vector     0x08000000      0x1d8
                0x08000000                . = ALIGN (0x4)
 *(.isr_vector)
 .isr_vector    0x08000000      0x1d8 CMakeFiles/DRIVE_CMAKE.elf.dir/Core/Startup/startup_stm32g474rbtx.s.obj
                0x08000000                g_pfnVectors
                0x080001d8                . = ALIGN (0x4)

.text           0x080001e0     0xbce8
                0x080001e0                . = ALIGN (0x4)
 *(.text)
 .text          0x080001e0       0x40 g:/embedded_config/10 2021.10/bin/../lib/gcc/arm-none-eabi/10.3.1/thumb/v7e-m+fp/hard/crtbegin.o
 .text          0x08000220      0x9d8 g:/embedded_config/10 2021.10/bin/../lib/gcc/arm-none-eabi/10.3.1/thumb/v7e-m+fp/hard\libgcc.a(unwind-arm.o)
                0x080004c8                _Unwind_GetCFA
                0x080004cc                __gnu_Unwind_RaiseException
                0x08000534                __gnu_Unwind_ForcedUnwind
                0x08000544                __gnu_Unwind_Resume
                0x08000588                __gnu_Unwind_Resume_or_Rethrow
                0x08000598                _Unwind_Complete
                0x0800059c                _Unwind_DeleteException
                0x080005a8                _Unwind_VRS_Get
                0x080005f4                _Unwind_VRS_Set
                0x0800063c                __gnu_Unwind_Backtrace
                0x08000968                __aeabi_unwind_cpp_pr0
                0x0800096c                __aeabi_unwind_cpp_pr1
                0x08000970                __aeabi_unwind_cpp_pr2
                0x08000974                _Unwind_VRS_Pop
 .text          0x08000bf8      0x1ac g:/embedded_config/10 2021.10/bin/../lib/gcc/arm-none-eabi/10.3.1/thumb/v7e-m+fp/hard\libgcc.a(libunwind.o)
                0x08000bf8                __restore_core_regs
                0x08000bf8                restore_core_regs
                0x08000c10                __gnu_Unwind_Restore_VFP
                0x08000c18                __gnu_Unwind_Save_VFP
                0x08000c20                __gnu_Unwind_Restore_VFP_D
                0x08000c28                __gnu_Unwind_Save_VFP_D
                0x08000c30                __gnu_Unwind_Restore_VFP_D_16_to_31
                0x08000c38                __gnu_Unwind_Save_VFP_D_16_to_31
                0x08000c40                __gnu_Unwind_Restore_WMMXD
                0x08000c84                __gnu_Unwind_Save_WMMXD
                0x08000cc8                __gnu_Unwind_Restore_WMMXC
                0x08000cdc                __gnu_Unwind_Save_WMMXC
                0x08000cf0                ___Unwind_RaiseException
                0x08000cf0                _Unwind_RaiseException
                0x08000d14                _Unwind_Resume
                0x08000d14                ___Unwind_Resume
                0x08000d38                _Unwind_Resume_or_Rethrow
                0x08000d38                ___Unwind_Resume_or_Rethrow
                0x08000d5c                _Unwind_ForcedUnwind
                0x08000d5c                ___Unwind_ForcedUnwind
                0x08000d80                ___Unwind_Backtrace
                0x08000d80                _Unwind_Backtrace
 .text          0x08000da4      0x350 g:/embedded_config/10 2021.10/bin/../lib/gcc/arm-none-eabi/10.3.1/thumb/v7e-m+fp/hard\libgcc.a(pr-support.o)
                0x08000dfc                __gnu_unwind_execute
                0x080010a8                __gnu_unwind_frame
                0x080010d4                _Unwind_GetRegionStart
                0x080010e0                _Unwind_GetLanguageSpecificData
 .text          0x080010f4      0x134 g:/embedded_config/10 2021.10/bin/../lib/gcc/arm-none-eabi/10.3.1/../../../../arm-none-eabi/lib/thumb/v7e-m+fp/hard\libg.a(lib_a-memcpy.o)
                0x080010f4                memcpy
 *fill*         0x08001228       0x18 
 .text          0x08001240      0x2dc g:/embedded_config/10 2021.10/bin/../lib/gcc/arm-none-eabi/10.3.1/../../../../arm-none-eabi/lib/thumb/v7e-m+fp/hard\libg.a(lib_a-strcmp.o)
                0x08001248                strcmp
 *(.text*)
 .text.HAL_FDCAN_RxFifo0Callback
                0x0800151c       0x64 CMakeFiles/DRIVE_CMAKE.elf.dir/BSP/Src/drive_can.c.obj
                0x0800151c                HAL_FDCAN_RxFifo0Callback
 .text.HAL_FDCAN_RxFifo1Callback
                0x08001580       0x64 CMakeFiles/DRIVE_CMAKE.elf.dir/BSP/Src/drive_can.c.obj
                0x08001580                HAL_FDCAN_RxFifo1Callback
 .text.MX_ADC1_Init
                0x080015e4       0xf4 CMakeFiles/DRIVE_CMAKE.elf.dir/Core/Src/adc.c.obj
                0x080015e4                MX_ADC1_Init
 .text.MX_ADC2_Init
                0x080016d8       0xb8 CMakeFiles/DRIVE_CMAKE.elf.dir/Core/Src/adc.c.obj
                0x080016d8                MX_ADC2_Init
 .text.HAL_ADC_MspInit
                0x08001790      0x114 CMakeFiles/DRIVE_CMAKE.elf.dir/Core/Src/adc.c.obj
                0x08001790                HAL_ADC_MspInit
 .text.MX_FDCAN2_Init
                0x080018a4       0x4c CMakeFiles/DRIVE_CMAKE.elf.dir/Core/Src/fdcan.c.obj
                0x080018a4                MX_FDCAN2_Init
 .text.HAL_FDCAN_MspInit
                0x080018f0       0xa4 CMakeFiles/DRIVE_CMAKE.elf.dir/Core/Src/fdcan.c.obj
                0x080018f0                HAL_FDCAN_MspInit
 .text.MX_GPIO_Init
                0x08001994       0xbc CMakeFiles/DRIVE_CMAKE.elf.dir/Core/Src/gpio.c.obj
                0x08001994                MX_GPIO_Init
 .text.MX_I2C1_Init
                0x08001a50       0x7c CMakeFiles/DRIVE_CMAKE.elf.dir/Core/Src/i2c.c.obj
                0x08001a50                MX_I2C1_Init
 .text.HAL_I2C_MspInit
                0x08001acc       0xb4 CMakeFiles/DRIVE_CMAKE.elf.dir/Core/Src/i2c.c.obj
                0x08001acc                HAL_I2C_MspInit
 .text.SystemClock_Config
                0x08001b80       0x74 CMakeFiles/DRIVE_CMAKE.elf.dir/Core/Src/main.cpp.obj
                0x08001b80                SystemClock_Config
 .text.startup.main
                0x08001bf4       0x7c CMakeFiles/DRIVE_CMAKE.elf.dir/Core/Src/main.cpp.obj
                0x08001bf4                main
 .text.Error_Handler
                0x08001c70        0x4 CMakeFiles/DRIVE_CMAKE.elf.dir/Core/Src/main.cpp.obj
                0x08001c70                Error_Handler
 .text.startup._GLOBAL__sub_I_oled_buffer
                0x08001c74       0x18 CMakeFiles/DRIVE_CMAKE.elf.dir/Core/Src/main.cpp.obj
 .text.MX_SPI1_Init
                0x08001c8c       0x50 CMakeFiles/DRIVE_CMAKE.elf.dir/Core/Src/spi.c.obj
                0x08001c8c                MX_SPI1_Init
 .text.HAL_SPI_MspInit
                0x08001cdc       0x68 CMakeFiles/DRIVE_CMAKE.elf.dir/Core/Src/spi.c.obj
                0x08001cdc                HAL_SPI_MspInit
 .text.HAL_MspInit
                0x08001d44       0x34 CMakeFiles/DRIVE_CMAKE.elf.dir/Core/Src/stm32g4xx_hal_msp.c.obj
                0x08001d44                HAL_MspInit
 .text.NMI_Handler
                0x08001d78        0x8 CMakeFiles/DRIVE_CMAKE.elf.dir/Core/Src/stm32g4xx_it.c.obj
                0x08001d78                NMI_Handler
 .text.HardFault_Handler
                0x08001d80        0x4 CMakeFiles/DRIVE_CMAKE.elf.dir/Core/Src/stm32g4xx_it.c.obj
                0x08001d80                HardFault_Handler
 .text.MemManage_Handler
                0x08001d84        0x4 CMakeFiles/DRIVE_CMAKE.elf.dir/Core/Src/stm32g4xx_it.c.obj
                0x08001d84                MemManage_Handler
 .text.BusFault_Handler
                0x08001d88        0x4 CMakeFiles/DRIVE_CMAKE.elf.dir/Core/Src/stm32g4xx_it.c.obj
                0x08001d88                BusFault_Handler
 .text.UsageFault_Handler
                0x08001d8c        0x4 CMakeFiles/DRIVE_CMAKE.elf.dir/Core/Src/stm32g4xx_it.c.obj
                0x08001d8c                UsageFault_Handler
 .text.SVC_Handler
                0x08001d90        0x4 CMakeFiles/DRIVE_CMAKE.elf.dir/Core/Src/stm32g4xx_it.c.obj
                0x08001d90                SVC_Handler
 .text.DebugMon_Handler
                0x08001d94        0x4 CMakeFiles/DRIVE_CMAKE.elf.dir/Core/Src/stm32g4xx_it.c.obj
                0x08001d94                DebugMon_Handler
 .text.PendSV_Handler
                0x08001d98        0x4 CMakeFiles/DRIVE_CMAKE.elf.dir/Core/Src/stm32g4xx_it.c.obj
                0x08001d98                PendSV_Handler
 .text.SysTick_Handler
                0x08001d9c        0x4 CMakeFiles/DRIVE_CMAKE.elf.dir/Core/Src/stm32g4xx_it.c.obj
                0x08001d9c                SysTick_Handler
 .text.ADC1_2_IRQHandler
                0x08001da0       0x1c CMakeFiles/DRIVE_CMAKE.elf.dir/Core/Src/stm32g4xx_it.c.obj
                0x08001da0                ADC1_2_IRQHandler
 .text.USB_LP_IRQHandler
                0x08001dbc        0xc CMakeFiles/DRIVE_CMAKE.elf.dir/Core/Src/stm32g4xx_it.c.obj
                0x08001dbc                USB_LP_IRQHandler
 .text.TIM1_UP_TIM16_IRQHandler
                0x08001dc8       0x1c CMakeFiles/DRIVE_CMAKE.elf.dir/Core/Src/stm32g4xx_it.c.obj
                0x08001dc8                TIM1_UP_TIM16_IRQHandler
 .text.TIM2_IRQHandler
                0x08001de4       0x14 CMakeFiles/DRIVE_CMAKE.elf.dir/Core/Src/stm32g4xx_it.c.obj
                0x08001de4                TIM2_IRQHandler
 .text.TIM8_UP_IRQHandler
                0x08001df8        0xc CMakeFiles/DRIVE_CMAKE.elf.dir/Core/Src/stm32g4xx_it.c.obj
                0x08001df8                TIM8_UP_IRQHandler
 .text.FDCAN2_IT0_IRQHandler
                0x08001e04        0xc CMakeFiles/DRIVE_CMAKE.elf.dir/Core/Src/stm32g4xx_it.c.obj
                0x08001e04                FDCAN2_IT0_IRQHandler
 .text._getpid  0x08001e10        0x4 CMakeFiles/DRIVE_CMAKE.elf.dir/Core/Src/syscalls.c.obj
                0x08001e10                _getpid
 .text._kill    0x08001e14       0x10 CMakeFiles/DRIVE_CMAKE.elf.dir/Core/Src/syscalls.c.obj
                0x08001e14                _kill
 .text._exit    0x08001e24        0xc CMakeFiles/DRIVE_CMAKE.elf.dir/Core/Src/syscalls.c.obj
                0x08001e24                _exit
 .text._sbrk    0x08001e30       0x44 CMakeFiles/DRIVE_CMAKE.elf.dir/Core/Src/sysmem.c.obj
                0x08001e30                _sbrk
 .text.SystemInit
                0x08001e74       0x14 CMakeFiles/DRIVE_CMAKE.elf.dir/Core/Src/system_stm32g4xx.c.obj
                0x08001e74                SystemInit
 .text.MX_TIM1_Init
                0x08001e88       0x6c CMakeFiles/DRIVE_CMAKE.elf.dir/Core/Src/tim.c.obj
                0x08001e88                MX_TIM1_Init
 .text.MX_TIM2_Init
                0x08001ef4       0x70 CMakeFiles/DRIVE_CMAKE.elf.dir/Core/Src/tim.c.obj
                0x08001ef4                MX_TIM2_Init
 .text.MX_TIM16_Init
                0x08001f64       0x34 CMakeFiles/DRIVE_CMAKE.elf.dir/Core/Src/tim.c.obj
                0x08001f64                MX_TIM16_Init
 .text.HAL_TIM_Encoder_MspInit
                0x08001f98       0x74 CMakeFiles/DRIVE_CMAKE.elf.dir/Core/Src/tim.c.obj
                0x08001f98                HAL_TIM_Encoder_MspInit
 .text.HAL_TIM_Base_MspInit
                0x0800200c       0x78 CMakeFiles/DRIVE_CMAKE.elf.dir/Core/Src/tim.c.obj
                0x0800200c                HAL_TIM_Base_MspInit
 .text.HAL_TIM_PWM_MspInit
                0x08002084       0x40 CMakeFiles/DRIVE_CMAKE.elf.dir/Core/Src/tim.c.obj
                0x08002084                HAL_TIM_PWM_MspInit
 .text.HAL_TIM_MspPostInit
                0x080020c4       0x5c CMakeFiles/DRIVE_CMAKE.elf.dir/Core/Src/tim.c.obj
                0x080020c4                HAL_TIM_MspPostInit
 .text.MX_TIM8_Init
                0x08002120      0x14c CMakeFiles/DRIVE_CMAKE.elf.dir/Core/Src/tim.c.obj
                0x08002120                MX_TIM8_Init
 .text.Reset_Handler
                0x0800226c       0x50 CMakeFiles/DRIVE_CMAKE.elf.dir/Core/Startup/startup_stm32g474rbtx.s.obj
                0x0800226c                Reset_Handler
 .text.Default_Handler
                0x080022bc        0x2 CMakeFiles/DRIVE_CMAKE.elf.dir/Core/Startup/startup_stm32g474rbtx.s.obj
                0x080022bc                RTC_Alarm_IRQHandler
                0x080022bc                EXTI2_IRQHandler
                0x080022bc                TIM8_TRG_COM_IRQHandler
                0x080022bc                TIM8_CC_IRQHandler
                0x080022bc                HRTIM1_Master_IRQHandler
                0x080022bc                SPI4_IRQHandler
                0x080022bc                FDCAN3_IT0_IRQHandler
                0x080022bc                TIM1_CC_IRQHandler
                0x080022bc                HRTIM1_FLT_IRQHandler
                0x080022bc                HRTIM1_TIMF_IRQHandler
                0x080022bc                USB_HP_IRQHandler
                0x080022bc                CORDIC_IRQHandler
                0x080022bc                HRTIM1_TIMD_IRQHandler
                0x080022bc                DMA2_Channel8_IRQHandler
                0x080022bc                EXTI3_IRQHandler
                0x080022bc                I2C3_ER_IRQHandler
                0x080022bc                EXTI0_IRQHandler
                0x080022bc                I2C2_EV_IRQHandler
                0x080022bc                FPU_IRQHandler
                0x080022bc                FDCAN1_IT1_IRQHandler
                0x080022bc                HRTIM1_TIME_IRQHandler
                0x080022bc                SPI1_IRQHandler
                0x080022bc                TIM6_DAC_IRQHandler
                0x080022bc                HRTIM1_TIMC_IRQHandler
                0x080022bc                DMA2_Channel2_IRQHandler
                0x080022bc                DMA1_Channel4_IRQHandler
                0x080022bc                TIM20_TRG_COM_IRQHandler
                0x080022bc                USART3_IRQHandler
                0x080022bc                DMA1_Channel7_IRQHandler
                0x080022bc                UART5_IRQHandler
                0x080022bc                ADC3_IRQHandler
                0x080022bc                TIM4_IRQHandler
                0x080022bc                DMA2_Channel1_IRQHandler
                0x080022bc                QUADSPI_IRQHandler
                0x080022bc                I2C1_EV_IRQHandler
                0x080022bc                DMA1_Channel6_IRQHandler
                0x080022bc                UART4_IRQHandler
                0x080022bc                DMA2_Channel4_IRQHandler
                0x080022bc                TIM3_IRQHandler
                0x080022bc                RCC_IRQHandler
                0x080022bc                TIM20_UP_IRQHandler
                0x080022bc                DMA1_Channel1_IRQHandler
                0x080022bc                Default_Handler
                0x080022bc                DMA2_Channel7_IRQHandler
                0x080022bc                RTC_TAMP_LSECSS_IRQHandler
                0x080022bc                FMAC_IRQHandler
                0x080022bc                EXTI15_10_IRQHandler
                0x080022bc                DMA1_Channel8_IRQHandler
                0x080022bc                HRTIM1_TIMA_IRQHandler
                0x080022bc                TIM7_DAC_IRQHandler
                0x080022bc                FDCAN3_IT1_IRQHandler
                0x080022bc                TIM5_IRQHandler
                0x080022bc                UCPD1_IRQHandler
                0x080022bc                I2C3_EV_IRQHandler
                0x080022bc                EXTI9_5_IRQHandler
                0x080022bc                RTC_WKUP_IRQHandler
                0x080022bc                PVD_PVM_IRQHandler
                0x080022bc                SPI2_IRQHandler
                0x080022bc                ADC5_IRQHandler
                0x080022bc                DMA2_Channel5_IRQHandler
                0x080022bc                CRS_IRQHandler
                0x080022bc                DMA1_Channel5_IRQHandler
                0x080022bc                EXTI4_IRQHandler
                0x080022bc                RNG_IRQHandler
                0x080022bc                HRTIM1_TIMB_IRQHandler
                0x080022bc                TIM1_TRG_COM_TIM17_IRQHandler
                0x080022bc                FDCAN2_IT1_IRQHandler
                0x080022bc                DMA1_Channel3_IRQHandler
                0x080022bc                ADC4_IRQHandler
                0x080022bc                WWDG_IRQHandler
                0x080022bc                I2C4_EV_IRQHandler
                0x080022bc                LPUART1_IRQHandler
                0x080022bc                DMA2_Channel6_IRQHandler
                0x080022bc                FDCAN1_IT0_IRQHandler
                0x080022bc                COMP7_IRQHandler
                0x080022bc                COMP1_2_3_IRQHandler
                0x080022bc                EXTI1_IRQHandler
                0x080022bc                USART2_IRQHandler
                0x080022bc                COMP4_5_6_IRQHandler
                0x080022bc                TIM20_BRK_IRQHandler
                0x080022bc                I2C2_ER_IRQHandler
                0x080022bc                DMA1_Channel2_IRQHandler
                0x080022bc                TIM8_BRK_IRQHandler
                0x080022bc                FLASH_IRQHandler
                0x080022bc                TIM20_CC_IRQHandler
                0x080022bc                USART1_IRQHandler
                0x080022bc                SPI3_IRQHandler
                0x080022bc                I2C1_ER_IRQHandler
                0x080022bc                FMC_IRQHandler
                0x080022bc                LPTIM1_IRQHandler
                0x080022bc                DMAMUX_OVR_IRQHandler
                0x080022bc                I2C4_ER_IRQHandler
                0x080022bc                USBWakeUp_IRQHandler
                0x080022bc                SAI1_IRQHandler
                0x080022bc                DMA2_Channel3_IRQHandler
                0x080022bc                TIM1_BRK_TIM15_IRQHandler
 *fill*         0x080022be        0x2 
 .text.HAL_InitTick
                0x080022c0       0x4c CMakeFiles/DRIVE_CMAKE.elf.dir/Drivers/STM32G4xx_HAL_Driver/Src/stm32g4xx_hal.c.obj
                0x080022c0                HAL_InitTick
 .text.HAL_Init
                0x0800230c       0x20 CMakeFiles/DRIVE_CMAKE.elf.dir/Drivers/STM32G4xx_HAL_Driver/Src/stm32g4xx_hal.c.obj
                0x0800230c                HAL_Init
 .text.HAL_IncTick
                0x0800232c       0x18 CMakeFiles/DRIVE_CMAKE.elf.dir/Drivers/STM32G4xx_HAL_Driver/Src/stm32g4xx_hal.c.obj
                0x0800232c                HAL_IncTick
 .text.HAL_GetTick
                0x08002344        0xc CMakeFiles/DRIVE_CMAKE.elf.dir/Drivers/STM32G4xx_HAL_Driver/Src/stm32g4xx_hal.c.obj
                0x08002344                HAL_GetTick
 .text.HAL_Delay
                0x08002350       0x24 CMakeFiles/DRIVE_CMAKE.elf.dir/Drivers/STM32G4xx_HAL_Driver/Src/stm32g4xx_hal.c.obj
                0x08002350                HAL_Delay
 .text.HAL_ADC_Init
                0x08002374      0x24c CMakeFiles/DRIVE_CMAKE.elf.dir/Drivers/STM32G4xx_HAL_Driver/Src/stm32g4xx_hal_adc.c.obj
                0x08002374                HAL_ADC_Init
 .text.HAL_ADC_ConvCpltCallback
                0x080025c0        0x4 CMakeFiles/DRIVE_CMAKE.elf.dir/Drivers/STM32G4xx_HAL_Driver/Src/stm32g4xx_hal_adc.c.obj
                0x080025c0                HAL_ADC_ConvCpltCallback
 .text.HAL_ADC_LevelOutOfWindowCallback
                0x080025c4        0x4 CMakeFiles/DRIVE_CMAKE.elf.dir/Drivers/STM32G4xx_HAL_Driver/Src/stm32g4xx_hal_adc.c.obj
                0x080025c4                HAL_ADC_LevelOutOfWindowCallback
 .text.HAL_ADC_ErrorCallback
                0x080025c8        0x4 CMakeFiles/DRIVE_CMAKE.elf.dir/Drivers/STM32G4xx_HAL_Driver/Src/stm32g4xx_hal_adc.c.obj
                0x080025c8                HAL_ADC_ErrorCallback
 .text.HAL_ADC_IRQHandler
                0x080025cc      0x2b4 CMakeFiles/DRIVE_CMAKE.elf.dir/Drivers/STM32G4xx_HAL_Driver/Src/stm32g4xx_hal_adc.c.obj
                0x080025cc                HAL_ADC_IRQHandler
 .text.HAL_ADCEx_InjectedQueueOverflowCallback
                0x08002880        0x4 CMakeFiles/DRIVE_CMAKE.elf.dir/Drivers/STM32G4xx_HAL_Driver/Src/stm32g4xx_hal_adc_ex.c.obj
                0x08002880                HAL_ADCEx_InjectedQueueOverflowCallback
 .text.HAL_ADCEx_LevelOutOfWindow2Callback
                0x08002884        0x4 CMakeFiles/DRIVE_CMAKE.elf.dir/Drivers/STM32G4xx_HAL_Driver/Src/stm32g4xx_hal_adc_ex.c.obj
                0x08002884                HAL_ADCEx_LevelOutOfWindow2Callback
 .text.HAL_ADCEx_LevelOutOfWindow3Callback
                0x08002888        0x4 CMakeFiles/DRIVE_CMAKE.elf.dir/Drivers/STM32G4xx_HAL_Driver/Src/stm32g4xx_hal_adc_ex.c.obj
                0x08002888                HAL_ADCEx_LevelOutOfWindow3Callback
 .text.HAL_ADCEx_EndOfSamplingCallback
                0x0800288c        0x4 CMakeFiles/DRIVE_CMAKE.elf.dir/Drivers/STM32G4xx_HAL_Driver/Src/stm32g4xx_hal_adc_ex.c.obj
                0x0800288c                HAL_ADCEx_EndOfSamplingCallback
 .text.HAL_ADCEx_InjectedConfigChannel
                0x08002890      0x65c CMakeFiles/DRIVE_CMAKE.elf.dir/Drivers/STM32G4xx_HAL_Driver/Src/stm32g4xx_hal_adc_ex.c.obj
                0x08002890                HAL_ADCEx_InjectedConfigChannel
 .text.HAL_ADCEx_MultiModeConfigChannel
                0x08002eec      0x164 CMakeFiles/DRIVE_CMAKE.elf.dir/Drivers/STM32G4xx_HAL_Driver/Src/stm32g4xx_hal_adc_ex.c.obj
                0x08002eec                HAL_ADCEx_MultiModeConfigChannel
 .text.HAL_NVIC_SetPriorityGrouping
                0x08003050       0x24 CMakeFiles/DRIVE_CMAKE.elf.dir/Drivers/STM32G4xx_HAL_Driver/Src/stm32g4xx_hal_cortex.c.obj
                0x08003050                HAL_NVIC_SetPriorityGrouping
 .text.HAL_NVIC_SetPriority
                0x08003074       0x7c CMakeFiles/DRIVE_CMAKE.elf.dir/Drivers/STM32G4xx_HAL_Driver/Src/stm32g4xx_hal_cortex.c.obj
                0x08003074                HAL_NVIC_SetPriority
 .text.HAL_NVIC_EnableIRQ
                0x080030f0       0x1c CMakeFiles/DRIVE_CMAKE.elf.dir/Drivers/STM32G4xx_HAL_Driver/Src/stm32g4xx_hal_cortex.c.obj
                0x080030f0                HAL_NVIC_EnableIRQ
 .text.HAL_SYSTICK_Config
                0x0800310c       0x34 CMakeFiles/DRIVE_CMAKE.elf.dir/Drivers/STM32G4xx_HAL_Driver/Src/stm32g4xx_hal_cortex.c.obj
                0x0800310c                HAL_SYSTICK_Config
 .text.HAL_FDCAN_Init
                0x08003140      0x274 CMakeFiles/DRIVE_CMAKE.elf.dir/Drivers/STM32G4xx_HAL_Driver/Src/stm32g4xx_hal_fdcan.c.obj
                0x08003140                HAL_FDCAN_Init
 .text.HAL_FDCAN_GetRxMessage
                0x080033b4      0x144 CMakeFiles/DRIVE_CMAKE.elf.dir/Drivers/STM32G4xx_HAL_Driver/Src/stm32g4xx_hal_fdcan.c.obj
                0x080033b4                HAL_FDCAN_GetRxMessage
 .text.HAL_FDCAN_TxEventFifoCallback
                0x080034f8        0x4 CMakeFiles/DRIVE_CMAKE.elf.dir/Drivers/STM32G4xx_HAL_Driver/Src/stm32g4xx_hal_fdcan.c.obj
                0x080034f8                HAL_FDCAN_TxEventFifoCallback
 .text.HAL_FDCAN_TxFifoEmptyCallback
                0x080034fc        0x4 CMakeFiles/DRIVE_CMAKE.elf.dir/Drivers/STM32G4xx_HAL_Driver/Src/stm32g4xx_hal_fdcan.c.obj
                0x080034fc                HAL_FDCAN_TxFifoEmptyCallback
 .text.HAL_FDCAN_TxBufferCompleteCallback
                0x08003500        0x4 CMakeFiles/DRIVE_CMAKE.elf.dir/Drivers/STM32G4xx_HAL_Driver/Src/stm32g4xx_hal_fdcan.c.obj
                0x08003500                HAL_FDCAN_TxBufferCompleteCallback
 .text.HAL_FDCAN_TxBufferAbortCallback
                0x08003504        0x4 CMakeFiles/DRIVE_CMAKE.elf.dir/Drivers/STM32G4xx_HAL_Driver/Src/stm32g4xx_hal_fdcan.c.obj
                0x08003504                HAL_FDCAN_TxBufferAbortCallback
 .text.HAL_FDCAN_TimestampWraparoundCallback
                0x08003508        0x4 CMakeFiles/DRIVE_CMAKE.elf.dir/Drivers/STM32G4xx_HAL_Driver/Src/stm32g4xx_hal_fdcan.c.obj
                0x08003508                HAL_FDCAN_TimestampWraparoundCallback
 .text.HAL_FDCAN_TimeoutOccurredCallback
                0x0800350c        0x4 CMakeFiles/DRIVE_CMAKE.elf.dir/Drivers/STM32G4xx_HAL_Driver/Src/stm32g4xx_hal_fdcan.c.obj
                0x0800350c                HAL_FDCAN_TimeoutOccurredCallback
 .text.HAL_FDCAN_HighPriorityMessageCallback
                0x08003510        0x4 CMakeFiles/DRIVE_CMAKE.elf.dir/Drivers/STM32G4xx_HAL_Driver/Src/stm32g4xx_hal_fdcan.c.obj
                0x08003510                HAL_FDCAN_HighPriorityMessageCallback
 .text.HAL_FDCAN_ErrorCallback
                0x08003514        0x4 CMakeFiles/DRIVE_CMAKE.elf.dir/Drivers/STM32G4xx_HAL_Driver/Src/stm32g4xx_hal_fdcan.c.obj
                0x08003514                HAL_FDCAN_ErrorCallback
 .text.HAL_FDCAN_ErrorStatusCallback
                0x08003518        0x4 CMakeFiles/DRIVE_CMAKE.elf.dir/Drivers/STM32G4xx_HAL_Driver/Src/stm32g4xx_hal_fdcan.c.obj
                0x08003518                HAL_FDCAN_ErrorStatusCallback
 .text.HAL_FDCAN_IRQHandler
                0x0800351c      0x188 CMakeFiles/DRIVE_CMAKE.elf.dir/Drivers/STM32G4xx_HAL_Driver/Src/stm32g4xx_hal_fdcan.c.obj
                0x0800351c                HAL_FDCAN_IRQHandler
 .text.HAL_GPIO_Init
                0x080036a4      0x1f0 CMakeFiles/DRIVE_CMAKE.elf.dir/Drivers/STM32G4xx_HAL_Driver/Src/stm32g4xx_hal_gpio.c.obj
                0x080036a4                HAL_GPIO_Init
 .text.HAL_GPIO_ReadPin
                0x08003894        0xc CMakeFiles/DRIVE_CMAKE.elf.dir/Drivers/STM32G4xx_HAL_Driver/Src/stm32g4xx_hal_gpio.c.obj
                0x08003894                HAL_GPIO_ReadPin
 .text.HAL_GPIO_WritePin
                0x080038a0        0xc CMakeFiles/DRIVE_CMAKE.elf.dir/Drivers/STM32G4xx_HAL_Driver/Src/stm32g4xx_hal_gpio.c.obj
                0x080038a0                HAL_GPIO_WritePin
 .text.I2C_IsErrorOccurred
                0x080038ac      0x110 CMakeFiles/DRIVE_CMAKE.elf.dir/Drivers/STM32G4xx_HAL_Driver/Src/stm32g4xx_hal_i2c.c.obj
 .text.I2C_WaitOnTXISFlagUntilTimeout
                0x080039bc       0x5c CMakeFiles/DRIVE_CMAKE.elf.dir/Drivers/STM32G4xx_HAL_Driver/Src/stm32g4xx_hal_i2c.c.obj
 .text.I2C_WaitOnFlagUntilTimeout
                0x08003a18       0x80 CMakeFiles/DRIVE_CMAKE.elf.dir/Drivers/STM32G4xx_HAL_Driver/Src/stm32g4xx_hal_i2c.c.obj
 .text.I2C_WaitOnSTOPFlagUntilTimeout
                0x08003a98       0x60 CMakeFiles/DRIVE_CMAKE.elf.dir/Drivers/STM32G4xx_HAL_Driver/Src/stm32g4xx_hal_i2c.c.obj
 .text.HAL_I2C_Init
                0x08003af8       0xb4 CMakeFiles/DRIVE_CMAKE.elf.dir/Drivers/STM32G4xx_HAL_Driver/Src/stm32g4xx_hal_i2c.c.obj
                0x08003af8                HAL_I2C_Init
 .text.HAL_I2C_Mem_Write
                0x08003bac      0x200 CMakeFiles/DRIVE_CMAKE.elf.dir/Drivers/STM32G4xx_HAL_Driver/Src/stm32g4xx_hal_i2c.c.obj
                0x08003bac                HAL_I2C_Mem_Write
 .text.HAL_I2CEx_ConfigAnalogFilter
                0x08003dac       0x54 CMakeFiles/DRIVE_CMAKE.elf.dir/Drivers/STM32G4xx_HAL_Driver/Src/stm32g4xx_hal_i2c_ex.c.obj
                0x08003dac                HAL_I2CEx_ConfigAnalogFilter
 .text.HAL_I2CEx_ConfigDigitalFilter
                0x08003e00       0x58 CMakeFiles/DRIVE_CMAKE.elf.dir/Drivers/STM32G4xx_HAL_Driver/Src/stm32g4xx_hal_i2c_ex.c.obj
                0x08003e00                HAL_I2CEx_ConfigDigitalFilter
 .text.HAL_PCD_Init
                0x08003e58       0xa8 CMakeFiles/DRIVE_CMAKE.elf.dir/Drivers/STM32G4xx_HAL_Driver/Src/stm32g4xx_hal_pcd.c.obj
                0x08003e58                HAL_PCD_Init
 .text.HAL_PCD_Start
                0x08003f00       0x2c CMakeFiles/DRIVE_CMAKE.elf.dir/Drivers/STM32G4xx_HAL_Driver/Src/stm32g4xx_hal_pcd.c.obj
                0x08003f00                HAL_PCD_Start
 .text.HAL_PCD_IRQHandler
                0x08003f2c      0xb18 CMakeFiles/DRIVE_CMAKE.elf.dir/Drivers/STM32G4xx_HAL_Driver/Src/stm32g4xx_hal_pcd.c.obj
                0x08003f2c                HAL_PCD_IRQHandler
 .text.HAL_PCD_SetAddress
                0x08004a44       0x28 CMakeFiles/DRIVE_CMAKE.elf.dir/Drivers/STM32G4xx_HAL_Driver/Src/stm32g4xx_hal_pcd.c.obj
                0x08004a44                HAL_PCD_SetAddress
 .text.HAL_PCD_EP_Open
                0x08004a6c       0x70 CMakeFiles/DRIVE_CMAKE.elf.dir/Drivers/STM32G4xx_HAL_Driver/Src/stm32g4xx_hal_pcd.c.obj
                0x08004a6c                HAL_PCD_EP_Open
 .text.HAL_PCD_EP_Close
                0x08004adc       0x5c CMakeFiles/DRIVE_CMAKE.elf.dir/Drivers/STM32G4xx_HAL_Driver/Src/stm32g4xx_hal_pcd.c.obj
                0x08004adc                HAL_PCD_EP_Close
 .text.HAL_PCD_EP_Receive
                0x08004b38       0x34 CMakeFiles/DRIVE_CMAKE.elf.dir/Drivers/STM32G4xx_HAL_Driver/Src/stm32g4xx_hal_pcd.c.obj
                0x08004b38                HAL_PCD_EP_Receive
 .text.HAL_PCD_EP_GetRxCount
                0x08004b6c       0x14 CMakeFiles/DRIVE_CMAKE.elf.dir/Drivers/STM32G4xx_HAL_Driver/Src/stm32g4xx_hal_pcd.c.obj
                0x08004b6c                HAL_PCD_EP_GetRxCount
 .text.HAL_PCD_EP_Transmit
                0x08004b80       0x3c CMakeFiles/DRIVE_CMAKE.elf.dir/Drivers/STM32G4xx_HAL_Driver/Src/stm32g4xx_hal_pcd.c.obj
                0x08004b80                HAL_PCD_EP_Transmit
 .text.HAL_PCD_EP_SetStall
                0x08004bbc       0x74 CMakeFiles/DRIVE_CMAKE.elf.dir/Drivers/STM32G4xx_HAL_Driver/Src/stm32g4xx_hal_pcd.c.obj
                0x08004bbc                HAL_PCD_EP_SetStall
 .text.HAL_PCD_EP_ClrStall
                0x08004c30       0x70 CMakeFiles/DRIVE_CMAKE.elf.dir/Drivers/STM32G4xx_HAL_Driver/Src/stm32g4xx_hal_pcd.c.obj
                0x08004c30                HAL_PCD_EP_ClrStall
 .text.HAL_PCDEx_PMAConfig
                0x08004ca0       0x38 CMakeFiles/DRIVE_CMAKE.elf.dir/Drivers/STM32G4xx_HAL_Driver/Src/stm32g4xx_hal_pcd_ex.c.obj
                0x08004ca0                HAL_PCDEx_PMAConfig
 .text.HAL_PCDEx_ActivateLPM
                0x08004cd8       0x34 CMakeFiles/DRIVE_CMAKE.elf.dir/Drivers/STM32G4xx_HAL_Driver/Src/stm32g4xx_hal_pcd_ex.c.obj
                0x08004cd8                HAL_PCDEx_ActivateLPM
 .text.HAL_PWREx_ControlVoltageScaling
                0x08004d0c       0xfc CMakeFiles/DRIVE_CMAKE.elf.dir/Drivers/STM32G4xx_HAL_Driver/Src/stm32g4xx_hal_pwr_ex.c.obj
                0x08004d0c                HAL_PWREx_ControlVoltageScaling
 .text.HAL_PWREx_DisableUCPDDeadBattery
                0x08004e08       0x10 CMakeFiles/DRIVE_CMAKE.elf.dir/Drivers/STM32G4xx_HAL_Driver/Src/stm32g4xx_hal_pwr_ex.c.obj
                0x08004e08                HAL_PWREx_DisableUCPDDeadBattery
 .text.HAL_RCC_OscConfig
                0x08004e18      0x498 CMakeFiles/DRIVE_CMAKE.elf.dir/Drivers/STM32G4xx_HAL_Driver/Src/stm32g4xx_hal_rcc.c.obj
                0x08004e18                HAL_RCC_OscConfig
 .text.HAL_RCC_GetSysClockFreq
                0x080052b0       0x70 CMakeFiles/DRIVE_CMAKE.elf.dir/Drivers/STM32G4xx_HAL_Driver/Src/stm32g4xx_hal_rcc.c.obj
                0x080052b0                HAL_RCC_GetSysClockFreq
 .text.HAL_RCC_ClockConfig
                0x08005320      0x224 CMakeFiles/DRIVE_CMAKE.elf.dir/Drivers/STM32G4xx_HAL_Driver/Src/stm32g4xx_hal_rcc.c.obj
                0x08005320                HAL_RCC_ClockConfig
 .text.HAL_RCC_EnableCSS
                0x08005544       0x10 CMakeFiles/DRIVE_CMAKE.elf.dir/Drivers/STM32G4xx_HAL_Driver/Src/stm32g4xx_hal_rcc.c.obj
                0x08005544                HAL_RCC_EnableCSS
 .text.HAL_RCC_CSSCallback
                0x08005554        0x4 CMakeFiles/DRIVE_CMAKE.elf.dir/Drivers/STM32G4xx_HAL_Driver/Src/stm32g4xx_hal_rcc.c.obj
                0x08005554                HAL_RCC_CSSCallback
 .text.HAL_RCC_NMI_IRQHandler
                0x08005558       0x1c CMakeFiles/DRIVE_CMAKE.elf.dir/Drivers/STM32G4xx_HAL_Driver/Src/stm32g4xx_hal_rcc.c.obj
                0x08005558                HAL_RCC_NMI_IRQHandler
 .text.HAL_RCCEx_PeriphCLKConfig
                0x08005574      0x310 CMakeFiles/DRIVE_CMAKE.elf.dir/Drivers/STM32G4xx_HAL_Driver/Src/stm32g4xx_hal_rcc_ex.c.obj
                0x08005574                HAL_RCCEx_PeriphCLKConfig
 .text.SPI_WaitFifoStateUntilTimeout.constprop.0
                0x08005884       0xe8 CMakeFiles/DRIVE_CMAKE.elf.dir/Drivers/STM32G4xx_HAL_Driver/Src/stm32g4xx_hal_spi.c.obj
 .text.SPI_WaitFlagStateUntilTimeout.constprop.0
                0x0800596c       0xb0 CMakeFiles/DRIVE_CMAKE.elf.dir/Drivers/STM32G4xx_HAL_Driver/Src/stm32g4xx_hal_spi.c.obj
 .text.SPI_EndRxTxTransaction
                0x08005a1c       0x40 CMakeFiles/DRIVE_CMAKE.elf.dir/Drivers/STM32G4xx_HAL_Driver/Src/stm32g4xx_hal_spi.c.obj
 .text.HAL_SPI_Init
                0x08005a5c       0xfc CMakeFiles/DRIVE_CMAKE.elf.dir/Drivers/STM32G4xx_HAL_Driver/Src/stm32g4xx_hal_spi.c.obj
                0x08005a5c                HAL_SPI_Init
 .text.HAL_SPI_TransmitReceive
                0x08005b58      0x2ac CMakeFiles/DRIVE_CMAKE.elf.dir/Drivers/STM32G4xx_HAL_Driver/Src/stm32g4xx_hal_spi.c.obj
                0x08005b58                HAL_SPI_TransmitReceive
 .text.TIM_OC1_SetConfig
                0x08005e04       0x80 CMakeFiles/DRIVE_CMAKE.elf.dir/Drivers/STM32G4xx_HAL_Driver/Src/stm32g4xx_hal_tim.c.obj
 .text.TIM_OC3_SetConfig
                0x08005e84       0xa0 CMakeFiles/DRIVE_CMAKE.elf.dir/Drivers/STM32G4xx_HAL_Driver/Src/stm32g4xx_hal_tim.c.obj
 .text.TIM_OC4_SetConfig
                0x08005f24       0xa4 CMakeFiles/DRIVE_CMAKE.elf.dir/Drivers/STM32G4xx_HAL_Driver/Src/stm32g4xx_hal_tim.c.obj
 .text.TIM_OC5_SetConfig
                0x08005fc8       0x70 CMakeFiles/DRIVE_CMAKE.elf.dir/Drivers/STM32G4xx_HAL_Driver/Src/stm32g4xx_hal_tim.c.obj
 .text.TIM_OC6_SetConfig
                0x08006038       0x74 CMakeFiles/DRIVE_CMAKE.elf.dir/Drivers/STM32G4xx_HAL_Driver/Src/stm32g4xx_hal_tim.c.obj
 .text.HAL_TIM_Base_Start_IT
                0x080060ac       0x84 CMakeFiles/DRIVE_CMAKE.elf.dir/Drivers/STM32G4xx_HAL_Driver/Src/stm32g4xx_hal_tim.c.obj
                0x080060ac                HAL_TIM_Base_Start_IT
 .text.HAL_TIM_OC_Start
                0x08006130      0x13c CMakeFiles/DRIVE_CMAKE.elf.dir/Drivers/STM32G4xx_HAL_Driver/Src/stm32g4xx_hal_tim.c.obj
                0x08006130                HAL_TIM_OC_Start
 .text.HAL_TIM_OC_Stop
                0x0800626c       0xd8 CMakeFiles/DRIVE_CMAKE.elf.dir/Drivers/STM32G4xx_HAL_Driver/Src/stm32g4xx_hal_tim.c.obj
                0x0800626c                HAL_TIM_OC_Stop
 .text.HAL_TIM_PWM_Start
                0x08006344        0x4 CMakeFiles/DRIVE_CMAKE.elf.dir/Drivers/STM32G4xx_HAL_Driver/Src/stm32g4xx_hal_tim.c.obj
                0x08006344                HAL_TIM_PWM_Start
 .text.HAL_TIM_PWM_Stop
                0x08006348        0x4 CMakeFiles/DRIVE_CMAKE.elf.dir/Drivers/STM32G4xx_HAL_Driver/Src/stm32g4xx_hal_tim.c.obj
                0x08006348                HAL_TIM_PWM_Stop
 .text.HAL_TIM_ConfigClockSource
                0x0800634c      0x1c8 CMakeFiles/DRIVE_CMAKE.elf.dir/Drivers/STM32G4xx_HAL_Driver/Src/stm32g4xx_hal_tim.c.obj
                0x0800634c                HAL_TIM_ConfigClockSource
 .text.HAL_TIM_OC_DelayElapsedCallback
                0x08006514        0x4 CMakeFiles/DRIVE_CMAKE.elf.dir/Drivers/STM32G4xx_HAL_Driver/Src/stm32g4xx_hal_tim.c.obj
                0x08006514                HAL_TIM_OC_DelayElapsedCallback
 .text.HAL_TIM_IC_CaptureCallback
                0x08006518        0x4 CMakeFiles/DRIVE_CMAKE.elf.dir/Drivers/STM32G4xx_HAL_Driver/Src/stm32g4xx_hal_tim.c.obj
                0x08006518                HAL_TIM_IC_CaptureCallback
 .text.HAL_TIM_PWM_PulseFinishedCallback
                0x0800651c        0x4 CMakeFiles/DRIVE_CMAKE.elf.dir/Drivers/STM32G4xx_HAL_Driver/Src/stm32g4xx_hal_tim.c.obj
                0x0800651c                HAL_TIM_PWM_PulseFinishedCallback
 .text.HAL_TIM_TriggerCallback
                0x08006520        0x4 CMakeFiles/DRIVE_CMAKE.elf.dir/Drivers/STM32G4xx_HAL_Driver/Src/stm32g4xx_hal_tim.c.obj
                0x08006520                HAL_TIM_TriggerCallback
 .text.HAL_TIM_IRQHandler
                0x08006524      0x1c4 CMakeFiles/DRIVE_CMAKE.elf.dir/Drivers/STM32G4xx_HAL_Driver/Src/stm32g4xx_hal_tim.c.obj
                0x08006524                HAL_TIM_IRQHandler
 .text.TIM_Base_SetConfig
                0x080066e8       0xfc CMakeFiles/DRIVE_CMAKE.elf.dir/Drivers/STM32G4xx_HAL_Driver/Src/stm32g4xx_hal_tim.c.obj
                0x080066e8                TIM_Base_SetConfig
 .text.HAL_TIM_Base_Init
                0x080067e4       0x64 CMakeFiles/DRIVE_CMAKE.elf.dir/Drivers/STM32G4xx_HAL_Driver/Src/stm32g4xx_hal_tim.c.obj
                0x080067e4                HAL_TIM_Base_Init
 .text.HAL_TIM_PWM_Init
                0x08006848       0x64 CMakeFiles/DRIVE_CMAKE.elf.dir/Drivers/STM32G4xx_HAL_Driver/Src/stm32g4xx_hal_tim.c.obj
                0x08006848                HAL_TIM_PWM_Init
 .text.HAL_TIM_Encoder_Init
                0x080068ac       0xb0 CMakeFiles/DRIVE_CMAKE.elf.dir/Drivers/STM32G4xx_HAL_Driver/Src/stm32g4xx_hal_tim.c.obj
                0x080068ac                HAL_TIM_Encoder_Init
 .text.TIM_OC2_SetConfig
                0x0800695c       0xa4 CMakeFiles/DRIVE_CMAKE.elf.dir/Drivers/STM32G4xx_HAL_Driver/Src/stm32g4xx_hal_tim.c.obj
                0x0800695c                TIM_OC2_SetConfig
 .text.HAL_TIM_PWM_ConfigChannel
                0x08006a00      0x120 CMakeFiles/DRIVE_CMAKE.elf.dir/Drivers/STM32G4xx_HAL_Driver/Src/stm32g4xx_hal_tim.c.obj
                0x08006a00                HAL_TIM_PWM_ConfigChannel
 .text.HAL_TIMEx_OCN_Start
                0x08006b20       0xd8 CMakeFiles/DRIVE_CMAKE.elf.dir/Drivers/STM32G4xx_HAL_Driver/Src/stm32g4xx_hal_tim_ex.c.obj
                0x08006b20                HAL_TIMEx_OCN_Start
 .text.HAL_TIMEx_OCN_Stop
                0x08006bf8       0x8c CMakeFiles/DRIVE_CMAKE.elf.dir/Drivers/STM32G4xx_HAL_Driver/Src/stm32g4xx_hal_tim_ex.c.obj
                0x08006bf8                HAL_TIMEx_OCN_Stop
 .text.HAL_TIMEx_PWMN_Start
                0x08006c84        0x4 CMakeFiles/DRIVE_CMAKE.elf.dir/Drivers/STM32G4xx_HAL_Driver/Src/stm32g4xx_hal_tim_ex.c.obj
                0x08006c84                HAL_TIMEx_PWMN_Start
 .text.HAL_TIMEx_PWMN_Stop
                0x08006c88        0x4 CMakeFiles/DRIVE_CMAKE.elf.dir/Drivers/STM32G4xx_HAL_Driver/Src/stm32g4xx_hal_tim_ex.c.obj
                0x08006c88                HAL_TIMEx_PWMN_Stop
 .text.HAL_TIMEx_MasterConfigSynchronization
                0x08006c8c       0xb8 CMakeFiles/DRIVE_CMAKE.elf.dir/Drivers/STM32G4xx_HAL_Driver/Src/stm32g4xx_hal_tim_ex.c.obj
                0x08006c8c                HAL_TIMEx_MasterConfigSynchronization
 .text.HAL_TIMEx_ConfigBreakDeadTime
                0x08006d44       0xa4 CMakeFiles/DRIVE_CMAKE.elf.dir/Drivers/STM32G4xx_HAL_Driver/Src/stm32g4xx_hal_tim_ex.c.obj
                0x08006d44                HAL_TIMEx_ConfigBreakDeadTime
 .text.HAL_TIMEx_CommutCallback
                0x08006de8        0x4 CMakeFiles/DRIVE_CMAKE.elf.dir/Drivers/STM32G4xx_HAL_Driver/Src/stm32g4xx_hal_tim_ex.c.obj
                0x08006de8                HAL_TIMEx_CommutCallback
 .text.HAL_TIMEx_BreakCallback
                0x08006dec        0x4 CMakeFiles/DRIVE_CMAKE.elf.dir/Drivers/STM32G4xx_HAL_Driver/Src/stm32g4xx_hal_tim_ex.c.obj
                0x08006dec                HAL_TIMEx_BreakCallback
 .text.HAL_TIMEx_Break2Callback
                0x08006df0        0x4 CMakeFiles/DRIVE_CMAKE.elf.dir/Drivers/STM32G4xx_HAL_Driver/Src/stm32g4xx_hal_tim_ex.c.obj
                0x08006df0                HAL_TIMEx_Break2Callback
 .text.HAL_TIMEx_EncoderIndexCallback
                0x08006df4        0x4 CMakeFiles/DRIVE_CMAKE.elf.dir/Drivers/STM32G4xx_HAL_Driver/Src/stm32g4xx_hal_tim_ex.c.obj
                0x08006df4                HAL_TIMEx_EncoderIndexCallback
 .text.HAL_TIMEx_DirectionChangeCallback
                0x08006df8        0x4 CMakeFiles/DRIVE_CMAKE.elf.dir/Drivers/STM32G4xx_HAL_Driver/Src/stm32g4xx_hal_tim_ex.c.obj
                0x08006df8                HAL_TIMEx_DirectionChangeCallback
 .text.HAL_TIMEx_IndexErrorCallback
                0x08006dfc        0x4 CMakeFiles/DRIVE_CMAKE.elf.dir/Drivers/STM32G4xx_HAL_Driver/Src/stm32g4xx_hal_tim_ex.c.obj
                0x08006dfc                HAL_TIMEx_IndexErrorCallback
 .text.HAL_TIMEx_TransitionErrorCallback
                0x08006e00        0x4 CMakeFiles/DRIVE_CMAKE.elf.dir/Drivers/STM32G4xx_HAL_Driver/Src/stm32g4xx_hal_tim_ex.c.obj
                0x08006e00                HAL_TIMEx_TransitionErrorCallback
 .text.USB_EnableGlobalInt
                0x08006e04       0x14 CMakeFiles/DRIVE_CMAKE.elf.dir/Drivers/STM32G4xx_HAL_Driver/Src/stm32g4xx_ll_usb.c.obj
                0x08006e04                USB_EnableGlobalInt
 .text.USB_DisableGlobalInt
                0x08006e18       0x14 CMakeFiles/DRIVE_CMAKE.elf.dir/Drivers/STM32G4xx_HAL_Driver/Src/stm32g4xx_ll_usb.c.obj
                0x08006e18                USB_DisableGlobalInt
 .text.USB_DevInit
                0x08006e2c       0x28 CMakeFiles/DRIVE_CMAKE.elf.dir/Drivers/STM32G4xx_HAL_Driver/Src/stm32g4xx_ll_usb.c.obj
                0x08006e2c                USB_DevInit
 .text.USB_ActivateEndpoint
                0x08006e54      0x38c CMakeFiles/DRIVE_CMAKE.elf.dir/Drivers/STM32G4xx_HAL_Driver/Src/stm32g4xx_ll_usb.c.obj
                0x08006e54                USB_ActivateEndpoint
 .text.USB_DeactivateEndpoint
                0x080071e0      0x1c0 CMakeFiles/DRIVE_CMAKE.elf.dir/Drivers/STM32G4xx_HAL_Driver/Src/stm32g4xx_ll_usb.c.obj
                0x080071e0                USB_DeactivateEndpoint
 .text.USB_EPStartXfer
                0x080073a0      0x5cc CMakeFiles/DRIVE_CMAKE.elf.dir/Drivers/STM32G4xx_HAL_Driver/Src/stm32g4xx_ll_usb.c.obj
                0x080073a0                USB_EPStartXfer
 .text.USB_EPSetStall
                0x0800796c       0x50 CMakeFiles/DRIVE_CMAKE.elf.dir/Drivers/STM32G4xx_HAL_Driver/Src/stm32g4xx_ll_usb.c.obj
                0x0800796c                USB_EPSetStall
 .text.USB_EPClearStall
                0x080079bc       0xa0 CMakeFiles/DRIVE_CMAKE.elf.dir/Drivers/STM32G4xx_HAL_Driver/Src/stm32g4xx_ll_usb.c.obj
                0x080079bc                USB_EPClearStall
 .text.USB_SetDevAddress
                0x08007a5c        0xc CMakeFiles/DRIVE_CMAKE.elf.dir/Drivers/STM32G4xx_HAL_Driver/Src/stm32g4xx_ll_usb.c.obj
                0x08007a5c                USB_SetDevAddress
 .text.USB_DevConnect
                0x08007a68       0x18 CMakeFiles/DRIVE_CMAKE.elf.dir/Drivers/STM32G4xx_HAL_Driver/Src/stm32g4xx_ll_usb.c.obj
                0x08007a68                USB_DevConnect
 .text.USB_ReadInterrupts
                0x08007a80        0x8 CMakeFiles/DRIVE_CMAKE.elf.dir/Drivers/STM32G4xx_HAL_Driver/Src/stm32g4xx_ll_usb.c.obj
                0x08007a80                USB_ReadInterrupts
 .text.USB_WritePMA
                0x08007a88       0x20 CMakeFiles/DRIVE_CMAKE.elf.dir/Drivers/STM32G4xx_HAL_Driver/Src/stm32g4xx_ll_usb.c.obj
                0x08007a88                USB_WritePMA
 .text.USB_ReadPMA
                0x08007aa8       0x54 CMakeFiles/DRIVE_CMAKE.elf.dir/Drivers/STM32G4xx_HAL_Driver/Src/stm32g4xx_ll_usb.c.obj
                0x08007aa8                USB_ReadPMA
 .text._ZN14PhaseSenseBase15OffsetCalibrateEv
                0x08007afc       0xa0 CMakeFiles/DRIVE_CMAKE.elf.dir/Foc/core/Src/analog_sense.cpp.obj
                0x08007afc                PhaseSenseBase::OffsetCalibrate()
 .text._ZN18InlineCurrentSenseC2ERKN14PhaseSenseBase11SenseConfigE
                0x08007b9c       0x64 CMakeFiles/DRIVE_CMAKE.elf.dir/Foc/core/Src/analog_sense.cpp.obj
                0x08007b9c                InlineCurrentSense::InlineCurrentSense(PhaseSenseBase::SenseConfig const&)
                0x08007b9c                InlineCurrentSense::InlineCurrentSense(PhaseSenseBase::SenseConfig const&)
 .text._ZN18InlineCurrentSense6UpdateEv
                0x08007c00       0x68 CMakeFiles/DRIVE_CMAKE.elf.dir/Foc/core/Src/analog_sense.cpp.obj
                0x08007c00                InlineCurrentSense::Update()
 .text.FocPwmStart
                0x08007c68       0x9c CMakeFiles/DRIVE_CMAKE.elf.dir/Foc/core/Src/foc_cfg.cpp.obj
                0x08007c68                FocPwmStart
 .text.MotorCtrlReset
                0x08007d04       0x14 CMakeFiles/DRIVE_CMAKE.elf.dir/Foc/core/Src/foc_cfg.cpp.obj
                0x08007d04                MotorCtrlReset
 .text._ZN11EncoderBase17ElectAngleWritingEf
                0x08007d18        0x8 CMakeFiles/DRIVE_CMAKE.elf.dir/Foc/core/Src/foc_ctrl.cpp.obj
                0x08007d18                EncoderBase::ElectAngleWriting(float)
 .text._ZN17SlideMoveObserverD2Ev
                0x08007d20        0x4 CMakeFiles/DRIVE_CMAKE.elf.dir/Foc/core/Src/foc_ctrl.cpp.obj
                0x08007d20                SlideMoveObserver::~SlideMoveObserver()
                0x08007d20                SlideMoveObserver::~SlideMoveObserver()
 .text._ZN12PulsatingHFID2Ev
                0x08007d24        0x4 CMakeFiles/DRIVE_CMAKE.elf.dir/Foc/core/Src/foc_ctrl.cpp.obj
                0x08007d24                PulsatingHFI::~PulsatingHFI()
                0x08007d24                PulsatingHFI::~PulsatingHFI()
 .text._ZN15NonFluxObserverD2Ev
                0x08007d28        0x4 CMakeFiles/DRIVE_CMAKE.elf.dir/Foc/core/Src/foc_ctrl.cpp.obj
                0x08007d28                NonFluxObserver::~NonFluxObserver()
                0x08007d28                NonFluxObserver::~NonFluxObserver()
 .text._ZN13As5407EncoderD2Ev
                0x08007d2c        0x4 CMakeFiles/DRIVE_CMAKE.elf.dir/Foc/core/Src/foc_ctrl.cpp.obj
                0x08007d2c                As5407Encoder::~As5407Encoder()
                0x08007d2c                As5407Encoder::~As5407Encoder()
 .text._ZN10AbiEncoderD2Ev
                0x08007d30        0x4 CMakeFiles/DRIVE_CMAKE.elf.dir/Foc/core/Src/foc_ctrl.cpp.obj
                0x08007d30                AbiEncoder::~AbiEncoder()
                0x08007d30                AbiEncoder::~AbiEncoder()
 .text._ZN10AbiEncoderD0Ev
                0x08007d34       0x10 CMakeFiles/DRIVE_CMAKE.elf.dir/Foc/core/Src/foc_ctrl.cpp.obj
                0x08007d34                AbiEncoder::~AbiEncoder()
 .text._ZN13As5407EncoderD0Ev
                0x08007d44       0x10 CMakeFiles/DRIVE_CMAKE.elf.dir/Foc/core/Src/foc_ctrl.cpp.obj
                0x08007d44                As5407Encoder::~As5407Encoder()
 .text._ZN17SlideMoveObserverD0Ev
                0x08007d54       0x10 CMakeFiles/DRIVE_CMAKE.elf.dir/Foc/core/Src/foc_ctrl.cpp.obj
                0x08007d54                SlideMoveObserver::~SlideMoveObserver()
 .text._ZN12PulsatingHFID0Ev
                0x08007d64       0x10 CMakeFiles/DRIVE_CMAKE.elf.dir/Foc/core/Src/foc_ctrl.cpp.obj
                0x08007d64                PulsatingHFI::~PulsatingHFI()
 .text._ZN15NonFluxObserverD0Ev
                0x08007d74       0x10 CMakeFiles/DRIVE_CMAKE.elf.dir/Foc/core/Src/foc_ctrl.cpp.obj
                0x08007d74                NonFluxObserver::~NonFluxObserver()
 .text._ZN5Svpwm12GetSvpwmDutyE11Vector2Df_t
                0x08007d84      0x454 CMakeFiles/DRIVE_CMAKE.elf.dir/Foc/core/Src/foc_ctrl.cpp.obj
                0x08007d84                Svpwm::GetSvpwmDuty(Vector2Df_t)
 .text._Z9MotorCtrlP11MotorCtrl_tP11foc_param_t
                0x080081d8      0x380 CMakeFiles/DRIVE_CMAKE.elf.dir/Foc/core/Src/foc_ctrl.cpp.obj
                0x080081d8                MotorCtrl(MotorCtrl_t*, foc_param_t*)
 .text.startup._GLOBAL__sub_I_app_config
                0x08008558      0x1fc CMakeFiles/DRIVE_CMAKE.elf.dir/Foc/core/Src/foc_ctrl.cpp.obj
 .text.HAL_ADCEx_InjectedConvCpltCallback
                0x08008754       0x70 CMakeFiles/DRIVE_CMAKE.elf.dir/Foc/core/Src/foc_ctrl.cpp.obj
                0x08008754                HAL_ADCEx_InjectedConvCpltCallback
 .text._ZN11EncoderBase15EncoderDataProcEt
                0x080087c4      0x118 CMakeFiles/DRIVE_CMAKE.elf.dir/Foc/encoder/Src/encoder.cpp.obj
                0x080087c4                EncoderBase::EncoderDataProc(unsigned short)
 .text.sin_f32  0x080088dc       0x98 CMakeFiles/DRIVE_CMAKE.elf.dir/Foc/utils/Src/util.c.obj
                0x080088dc                sin_f32
 .text.cos_f32  0x08008974       0x9c CMakeFiles/DRIVE_CMAKE.elf.dir/Foc/utils/Src/util.c.obj
                0x08008974                cos_f32
 .text.AbsLimit
                0x08008a10       0x24 CMakeFiles/DRIVE_CMAKE.elf.dir/Foc/utils/Src/util.c.obj
                0x08008a10                AbsLimit
 .text.USBD_CDC_EP0_RxReady
                0x08008a34       0x30 CMakeFiles/DRIVE_CMAKE.elf.dir/Middlewares/ST/STM32_USB_Device_Library/Class/CDC/Src/usbd_cdc.c.obj
 .text.USBD_CDC_GetFSCfgDesc
                0x08008a64        0xc CMakeFiles/DRIVE_CMAKE.elf.dir/Middlewares/ST/STM32_USB_Device_Library/Class/CDC/Src/usbd_cdc.c.obj
 .text.USBD_CDC_GetHSCfgDesc
                0x08008a70        0xc CMakeFiles/DRIVE_CMAKE.elf.dir/Middlewares/ST/STM32_USB_Device_Library/Class/CDC/Src/usbd_cdc.c.obj
 .text.USBD_CDC_GetOtherSpeedCfgDesc
                0x08008a7c        0xc CMakeFiles/DRIVE_CMAKE.elf.dir/Middlewares/ST/STM32_USB_Device_Library/Class/CDC/Src/usbd_cdc.c.obj
 .text.USBD_CDC_GetDeviceQualifierDescriptor
                0x08008a88        0xc CMakeFiles/DRIVE_CMAKE.elf.dir/Middlewares/ST/STM32_USB_Device_Library/Class/CDC/Src/usbd_cdc.c.obj
                0x08008a88                USBD_CDC_GetDeviceQualifierDescriptor
 .text.USBD_CDC_DataOut
                0x08008a94       0x2c CMakeFiles/DRIVE_CMAKE.elf.dir/Middlewares/ST/STM32_USB_Device_Library/Class/CDC/Src/usbd_cdc.c.obj
 .text.USBD_CDC_DataIn
                0x08008ac0       0x64 CMakeFiles/DRIVE_CMAKE.elf.dir/Middlewares/ST/STM32_USB_Device_Library/Class/CDC/Src/usbd_cdc.c.obj
 .text.USBD_CDC_Setup
                0x08008b24      0x10c CMakeFiles/DRIVE_CMAKE.elf.dir/Middlewares/ST/STM32_USB_Device_Library/Class/CDC/Src/usbd_cdc.c.obj
 .text.USBD_CDC_DeInit
                0x08008c30       0x44 CMakeFiles/DRIVE_CMAKE.elf.dir/Middlewares/ST/STM32_USB_Device_Library/Class/CDC/Src/usbd_cdc.c.obj
 .text.USBD_CDC_Init
                0x08008c74       0xb8 CMakeFiles/DRIVE_CMAKE.elf.dir/Middlewares/ST/STM32_USB_Device_Library/Class/CDC/Src/usbd_cdc.c.obj
 .text.USBD_CDC_RegisterInterface
                0x08008d2c       0x10 CMakeFiles/DRIVE_CMAKE.elf.dir/Middlewares/ST/STM32_USB_Device_Library/Class/CDC/Src/usbd_cdc.c.obj
                0x08008d2c                USBD_CDC_RegisterInterface
 .text.USBD_CDC_SetTxBuffer
                0x08008d3c       0x18 CMakeFiles/DRIVE_CMAKE.elf.dir/Middlewares/ST/STM32_USB_Device_Library/Class/CDC/Src/usbd_cdc.c.obj
                0x08008d3c                USBD_CDC_SetTxBuffer
 .text.USBD_CDC_SetRxBuffer
                0x08008d54       0x14 CMakeFiles/DRIVE_CMAKE.elf.dir/Middlewares/ST/STM32_USB_Device_Library/Class/CDC/Src/usbd_cdc.c.obj
                0x08008d54                USBD_CDC_SetRxBuffer
 .text.USBD_CDC_ReceivePacket
                0x08008d68       0x34 CMakeFiles/DRIVE_CMAKE.elf.dir/Middlewares/ST/STM32_USB_Device_Library/Class/CDC/Src/usbd_cdc.c.obj
                0x08008d68                USBD_CDC_ReceivePacket
 .text.USBD_Init
                0x08008d9c       0x28 CMakeFiles/DRIVE_CMAKE.elf.dir/Middlewares/ST/STM32_USB_Device_Library/Core/Src/usbd_core.c.obj
                0x08008d9c                USBD_Init
 .text.USBD_RegisterClass
                0x08008dc4       0x34 CMakeFiles/DRIVE_CMAKE.elf.dir/Middlewares/ST/STM32_USB_Device_Library/Core/Src/usbd_core.c.obj
                0x08008dc4                USBD_RegisterClass
 .text.USBD_Start
                0x08008df8        0x4 CMakeFiles/DRIVE_CMAKE.elf.dir/Middlewares/ST/STM32_USB_Device_Library/Core/Src/usbd_core.c.obj
                0x08008df8                USBD_Start
 .text.USBD_SetClassConfig
                0x08008dfc       0x10 CMakeFiles/DRIVE_CMAKE.elf.dir/Middlewares/ST/STM32_USB_Device_Library/Core/Src/usbd_core.c.obj
                0x08008dfc                USBD_SetClassConfig
 .text.USBD_ClrClassConfig
                0x08008e0c       0x10 CMakeFiles/DRIVE_CMAKE.elf.dir/Middlewares/ST/STM32_USB_Device_Library/Core/Src/usbd_core.c.obj
                0x08008e0c                USBD_ClrClassConfig
 .text.USBD_LL_SetupStage
                0x08008e1c       0x60 CMakeFiles/DRIVE_CMAKE.elf.dir/Middlewares/ST/STM32_USB_Device_Library/Core/Src/usbd_core.c.obj
                0x08008e1c                USBD_LL_SetupStage
 .text.USBD_LL_DataOutStage
                0x08008e7c       0x68 CMakeFiles/DRIVE_CMAKE.elf.dir/Middlewares/ST/STM32_USB_Device_Library/Core/Src/usbd_core.c.obj
                0x08008e7c                USBD_LL_DataOutStage
 .text.USBD_LL_DataInStage
                0x08008ee4       0xac CMakeFiles/DRIVE_CMAKE.elf.dir/Middlewares/ST/STM32_USB_Device_Library/Core/Src/usbd_core.c.obj
                0x08008ee4                USBD_LL_DataInStage
 .text.USBD_LL_Reset
                0x08008f90       0x58 CMakeFiles/DRIVE_CMAKE.elf.dir/Middlewares/ST/STM32_USB_Device_Library/Core/Src/usbd_core.c.obj
                0x08008f90                USBD_LL_Reset
 .text.USBD_LL_SetSpeed
                0x08008fe8        0x8 CMakeFiles/DRIVE_CMAKE.elf.dir/Middlewares/ST/STM32_USB_Device_Library/Core/Src/usbd_core.c.obj
                0x08008fe8                USBD_LL_SetSpeed
 .text.USBD_LL_Suspend
                0x08008ff0       0x18 CMakeFiles/DRIVE_CMAKE.elf.dir/Middlewares/ST/STM32_USB_Device_Library/Core/Src/usbd_core.c.obj
                0x08008ff0                USBD_LL_Suspend
 .text.USBD_LL_Resume
                0x08009008       0x18 CMakeFiles/DRIVE_CMAKE.elf.dir/Middlewares/ST/STM32_USB_Device_Library/Core/Src/usbd_core.c.obj
                0x08009008                USBD_LL_Resume
 .text.USBD_LL_SOF
                0x08009020       0x28 CMakeFiles/DRIVE_CMAKE.elf.dir/Middlewares/ST/STM32_USB_Device_Library/Core/Src/usbd_core.c.obj
                0x08009020                USBD_LL_SOF
 .text.USBD_StdDevReq
                0x08009048      0x350 CMakeFiles/DRIVE_CMAKE.elf.dir/Middlewares/ST/STM32_USB_Device_Library/Core/Src/usbd_ctlreq.c.obj
                0x08009048                USBD_StdDevReq
 .text.USBD_StdItfReq
                0x08009398       0x60 CMakeFiles/DRIVE_CMAKE.elf.dir/Middlewares/ST/STM32_USB_Device_Library/Core/Src/usbd_ctlreq.c.obj
                0x08009398                USBD_StdItfReq
 .text.USBD_StdEPReq
                0x080093f8      0x134 CMakeFiles/DRIVE_CMAKE.elf.dir/Middlewares/ST/STM32_USB_Device_Library/Core/Src/usbd_ctlreq.c.obj
                0x080093f8                USBD_StdEPReq
 .text.USBD_ParseSetupRequest
                0x0800952c       0x18 CMakeFiles/DRIVE_CMAKE.elf.dir/Middlewares/ST/STM32_USB_Device_Library/Core/Src/usbd_ctlreq.c.obj
                0x0800952c                USBD_ParseSetupRequest
 .text.USBD_CtlError
                0x08009544       0x18 CMakeFiles/DRIVE_CMAKE.elf.dir/Middlewares/ST/STM32_USB_Device_Library/Core/Src/usbd_ctlreq.c.obj
                0x08009544                USBD_CtlError
 .text.USBD_GetString
                0x0800955c       0x54 CMakeFiles/DRIVE_CMAKE.elf.dir/Middlewares/ST/STM32_USB_Device_Library/Core/Src/usbd_ctlreq.c.obj
                0x0800955c                USBD_GetString
 .text.USBD_CtlSendData
                0x080095b0       0x1c CMakeFiles/DRIVE_CMAKE.elf.dir/Middlewares/ST/STM32_USB_Device_Library/Core/Src/usbd_ioreq.c.obj
                0x080095b0                USBD_CtlSendData
 .text.USBD_CtlContinueSendData
                0x080095cc       0x10 CMakeFiles/DRIVE_CMAKE.elf.dir/Middlewares/ST/STM32_USB_Device_Library/Core/Src/usbd_ioreq.c.obj
                0x080095cc                USBD_CtlContinueSendData
 .text.USBD_CtlPrepareRx
                0x080095dc       0x1c CMakeFiles/DRIVE_CMAKE.elf.dir/Middlewares/ST/STM32_USB_Device_Library/Core/Src/usbd_ioreq.c.obj
                0x080095dc                USBD_CtlPrepareRx
 .text.USBD_CtlContinueRx
                0x080095f8       0x10 CMakeFiles/DRIVE_CMAKE.elf.dir/Middlewares/ST/STM32_USB_Device_Library/Core/Src/usbd_ioreq.c.obj
                0x080095f8                USBD_CtlContinueRx
 .text.USBD_CtlSendStatus
                0x08009608       0x18 CMakeFiles/DRIVE_CMAKE.elf.dir/Middlewares/ST/STM32_USB_Device_Library/Core/Src/usbd_ioreq.c.obj
                0x08009608                USBD_CtlSendStatus
 .text.USBD_CtlReceiveStatus
                0x08009620       0x18 CMakeFiles/DRIVE_CMAKE.elf.dir/Middlewares/ST/STM32_USB_Device_Library/Core/Src/usbd_ioreq.c.obj
                0x08009620                USBD_CtlReceiveStatus
 .text.HAL_TIM_PeriodElapsedCallback
                0x08009638       0x38 CMakeFiles/DRIVE_CMAKE.elf.dir/Mine/Src/key.cpp.obj
                0x08009638                HAL_TIM_PeriodElapsedCallback
 .text.startup._GLOBAL__sub_I_menu
                0x08009670       0x5c CMakeFiles/DRIVE_CMAKE.elf.dir/Mine/Src/key.cpp.obj
 .text._ZN11MenuManager9DrawValueEfh
                0x080096cc      0x1b4 CMakeFiles/DRIVE_CMAKE.elf.dir/Mine/Src/menu_manager.cpp.obj
                0x080096cc                MenuManager::DrawValue(float, unsigned char)
 .text._ZN11MenuManager17DrawVariableValueEfhb
                0x08009880      0x1cc CMakeFiles/DRIVE_CMAKE.elf.dir/Mine/Src/menu_manager.cpp.obj
                0x08009880                MenuManager::DrawVariableValue(float, unsigned char, bool)
 .text._ZN11MenuManager8DrawLineEv
                0x08009a4c       0xcc CMakeFiles/DRIVE_CMAKE.elf.dir/Mine/Src/menu_manager.cpp.obj
                0x08009a4c                MenuManager::DrawLine()
 .text._ZN11MenuManager8DrawMenuEv
                0x08009b18      0x298 CMakeFiles/DRIVE_CMAKE.elf.dir/Mine/Src/menu_manager.cpp.obj
                0x08009b18                MenuManager::DrawMenu()
 .text._Z8task_5msv
                0x08009db0      0x1b8 CMakeFiles/DRIVE_CMAKE.elf.dir/Mine/Src/menu_manager.cpp.obj
                0x08009db0                task_5ms()
 .text._Z9task_50msv
                0x08009f68      0x2e8 CMakeFiles/DRIVE_CMAKE.elf.dir/Mine/Src/menu_manager.cpp.obj
                0x08009f68                task_50ms()
 .text.startup._GLOBAL__sub_I_pid_kp
                0x0800a250       0x60 CMakeFiles/DRIVE_CMAKE.elf.dir/Mine/Src/menu_manager.cpp.obj
 .text._ZN4OLED8OLED_CLSEv
                0x0800a2b0       0x98 CMakeFiles/DRIVE_CMAKE.elf.dir/Mine/Src/oled_iic.cpp.obj
                0x0800a2b0                OLED::OLED_CLS()
 .text._ZN4OLED15OLED_RefreshRAMEv
                0x0800a348       0xac CMakeFiles/DRIVE_CMAKE.elf.dir/Mine/Src/oled_iic.cpp.obj
                0x0800a348                OLED::OLED_RefreshRAM()
 .text._ZN4OLED4InitEv
                0x0800a3f4      0x2f4 CMakeFiles/DRIVE_CMAKE.elf.dir/Mine/Src/oled_iic.cpp.obj
                0x0800a3f4                OLED::Init()
 .text._ZN4OLED13OLED_SetPixelEssh
                0x0800a6e8       0x54 CMakeFiles/DRIVE_CMAKE.elf.dir/Mine/Src/oled_iic.cpp.obj
                0x0800a6e8                OLED::OLED_SetPixel(short, short, unsigned char)
 .text._ZN4OLED12OLED_ShowStrEssPKchb
                0x0800a73c      0x1c0 CMakeFiles/DRIVE_CMAKE.elf.dir/Mine/Src/oled_iic.cpp.obj
                0x0800a73c                OLED::OLED_ShowStr(short, short, char const*, unsigned char, bool)
 .text.MX_USB_Device_Init
                0x0800a8fc       0x74 CMakeFiles/DRIVE_CMAKE.elf.dir/USB_Device/App/usb_device.c.obj
                0x0800a8fc                MX_USB_Device_Init
 .text.CDC_DeInit_FS
                0x0800a970        0x4 CMakeFiles/DRIVE_CMAKE.elf.dir/USB_Device/App/usbd_cdc_if.c.obj
 .text.CDC_Control_FS
                0x0800a974        0x4 CMakeFiles/DRIVE_CMAKE.elf.dir/USB_Device/App/usbd_cdc_if.c.obj
 .text.CDC_TransmitCplt_FS
                0x0800a978        0x4 CMakeFiles/DRIVE_CMAKE.elf.dir/USB_Device/App/usbd_cdc_if.c.obj
 .text.CDC_Receive_FS
                0x0800a97c       0x1c CMakeFiles/DRIVE_CMAKE.elf.dir/USB_Device/App/usbd_cdc_if.c.obj
 .text.CDC_Init_FS
                0x0800a998       0x28 CMakeFiles/DRIVE_CMAKE.elf.dir/USB_Device/App/usbd_cdc_if.c.obj
 .text.USBD_CDC_DeviceDescriptor
                0x0800a9c0        0xc CMakeFiles/DRIVE_CMAKE.elf.dir/USB_Device/App/usbd_desc.c.obj
                0x0800a9c0                USBD_CDC_DeviceDescriptor
 .text.USBD_CDC_LangIDStrDescriptor
                0x0800a9cc        0xc CMakeFiles/DRIVE_CMAKE.elf.dir/USB_Device/App/usbd_desc.c.obj
                0x0800a9cc                USBD_CDC_LangIDStrDescriptor
 .text.USBD_CDC_ManufacturerStrDescriptor
                0x0800a9d8       0x1c CMakeFiles/DRIVE_CMAKE.elf.dir/USB_Device/App/usbd_desc.c.obj
                0x0800a9d8                USBD_CDC_ManufacturerStrDescriptor
 .text.USBD_CDC_ProductStrDescriptor
                0x0800a9f4       0x1c CMakeFiles/DRIVE_CMAKE.elf.dir/USB_Device/App/usbd_desc.c.obj
                0x0800a9f4                USBD_CDC_ProductStrDescriptor
 .text.USBD_CDC_ConfigStrDescriptor
                0x0800aa10       0x1c CMakeFiles/DRIVE_CMAKE.elf.dir/USB_Device/App/usbd_desc.c.obj
                0x0800aa10                USBD_CDC_ConfigStrDescriptor
 .text.USBD_CDC_InterfaceStrDescriptor
                0x0800aa2c       0x1c CMakeFiles/DRIVE_CMAKE.elf.dir/USB_Device/App/usbd_desc.c.obj
                0x0800aa2c                USBD_CDC_InterfaceStrDescriptor
 .text.USBD_CDC_SerialStrDescriptor
                0x0800aa48       0x8c CMakeFiles/DRIVE_CMAKE.elf.dir/USB_Device/App/usbd_desc.c.obj
                0x0800aa48                USBD_CDC_SerialStrDescriptor
 .text.HAL_PCD_MspInit
                0x0800aad4       0x60 CMakeFiles/DRIVE_CMAKE.elf.dir/USB_Device/Target/usbd_conf.c.obj
                0x0800aad4                HAL_PCD_MspInit
 .text.HAL_PCD_SetupStageCallback
                0x0800ab34        0xc CMakeFiles/DRIVE_CMAKE.elf.dir/USB_Device/Target/usbd_conf.c.obj
                0x0800ab34                HAL_PCD_SetupStageCallback
 .text.HAL_PCD_DataOutStageCallback
                0x0800ab40       0x14 CMakeFiles/DRIVE_CMAKE.elf.dir/USB_Device/Target/usbd_conf.c.obj
                0x0800ab40                HAL_PCD_DataOutStageCallback
 .text.HAL_PCD_DataInStageCallback
                0x0800ab54       0x14 CMakeFiles/DRIVE_CMAKE.elf.dir/USB_Device/Target/usbd_conf.c.obj
                0x0800ab54                HAL_PCD_DataInStageCallback
 .text.HAL_PCD_SOFCallback
                0x0800ab68        0x8 CMakeFiles/DRIVE_CMAKE.elf.dir/USB_Device/Target/usbd_conf.c.obj
                0x0800ab68                HAL_PCD_SOFCallback
 .text.HAL_PCD_ResetCallback
                0x0800ab70       0x24 CMakeFiles/DRIVE_CMAKE.elf.dir/USB_Device/Target/usbd_conf.c.obj
                0x0800ab70                HAL_PCD_ResetCallback
 .text.HAL_PCD_SuspendCallback
                0x0800ab94       0x20 CMakeFiles/DRIVE_CMAKE.elf.dir/USB_Device/Target/usbd_conf.c.obj
                0x0800ab94                HAL_PCD_SuspendCallback
 .text.HAL_PCD_ResumeCallback
                0x0800abb4       0x34 CMakeFiles/DRIVE_CMAKE.elf.dir/USB_Device/Target/usbd_conf.c.obj
                0x0800abb4                HAL_PCD_ResumeCallback
 .text.USBD_LL_Init
                0x0800abe8       0x84 CMakeFiles/DRIVE_CMAKE.elf.dir/USB_Device/Target/usbd_conf.c.obj
                0x0800abe8                USBD_LL_Init
 .text.USBD_LL_Start
                0x0800ac6c       0x1c CMakeFiles/DRIVE_CMAKE.elf.dir/USB_Device/Target/usbd_conf.c.obj
                0x0800ac6c                USBD_LL_Start
 .text.USBD_LL_OpenEP
                0x0800ac88       0x20 CMakeFiles/DRIVE_CMAKE.elf.dir/USB_Device/Target/usbd_conf.c.obj
                0x0800ac88                USBD_LL_OpenEP
 .text.USBD_LL_CloseEP
                0x0800aca8       0x1c CMakeFiles/DRIVE_CMAKE.elf.dir/USB_Device/Target/usbd_conf.c.obj
                0x0800aca8                USBD_LL_CloseEP
 .text.USBD_LL_StallEP
                0x0800acc4       0x1c CMakeFiles/DRIVE_CMAKE.elf.dir/USB_Device/Target/usbd_conf.c.obj
                0x0800acc4                USBD_LL_StallEP
 .text.USBD_LL_ClearStallEP
                0x0800ace0       0x1c CMakeFiles/DRIVE_CMAKE.elf.dir/USB_Device/Target/usbd_conf.c.obj
                0x0800ace0                USBD_LL_ClearStallEP
 .text.USBD_LL_IsStallEP
                0x0800acfc       0x28 CMakeFiles/DRIVE_CMAKE.elf.dir/USB_Device/Target/usbd_conf.c.obj
                0x0800acfc                USBD_LL_IsStallEP
 .text.USBD_LL_SetUSBAddress
                0x0800ad24       0x1c CMakeFiles/DRIVE_CMAKE.elf.dir/USB_Device/Target/usbd_conf.c.obj
                0x0800ad24                USBD_LL_SetUSBAddress
 .text.USBD_LL_Transmit
                0x0800ad40       0x1c CMakeFiles/DRIVE_CMAKE.elf.dir/USB_Device/Target/usbd_conf.c.obj
                0x0800ad40                USBD_LL_Transmit
 .text.USBD_LL_PrepareReceive
                0x0800ad5c       0x1c CMakeFiles/DRIVE_CMAKE.elf.dir/USB_Device/Target/usbd_conf.c.obj
                0x0800ad5c                USBD_LL_PrepareReceive
 .text.USBD_LL_GetRxDataSize
                0x0800ad78        0x8 CMakeFiles/DRIVE_CMAKE.elf.dir/USB_Device/Target/usbd_conf.c.obj
                0x0800ad78                USBD_LL_GetRxDataSize
 .text.HAL_PCDEx_LPM_Callback
                0x0800ad80       0x50 CMakeFiles/DRIVE_CMAKE.elf.dir/USB_Device/Target/usbd_conf.c.obj
                0x0800ad80                HAL_PCDEx_LPM_Callback
 .text.USBD_static_malloc
                0x0800add0        0x8 CMakeFiles/DRIVE_CMAKE.elf.dir/USB_Device/Target/usbd_conf.c.obj
                0x0800add0                USBD_static_malloc
 .text.USBD_static_free
                0x0800add8        0x4 CMakeFiles/DRIVE_CMAKE.elf.dir/USB_Device/Target/usbd_conf.c.obj
                0x0800add8                USBD_static_free
 .text.__aeabi_atexit
                0x0800addc        0xc g:/embedded_config/10 2021.10/bin/../lib/gcc/arm-none-eabi/10.3.1/../../../../arm-none-eabi/lib/thumb/v7e-m+fp/hard\libstdc++.a(atexit_arm.o)
                0x0800addc                __aeabi_atexit
 .text._ZNK10__cxxabiv117__class_type_info11__do_upcastEPKS0_PPv
                0x0800ade8       0x34 g:/embedded_config/10 2021.10/bin/../lib/gcc/arm-none-eabi/10.3.1/../../../../arm-none-eabi/lib/thumb/v7e-m+fp/hard\libstdc++.a(class_type_info.o)
                0x0800ade8                __cxxabiv1::__class_type_info::__do_upcast(__cxxabiv1::__class_type_info const*, void**) const
 .text._ZNK10__cxxabiv117__class_type_info20__do_find_public_srcEiPKvPKS0_S2_
                0x0800ae1c        0xc g:/embedded_config/10 2021.10/bin/../lib/gcc/arm-none-eabi/10.3.1/../../../../arm-none-eabi/lib/thumb/v7e-m+fp/hard\libstdc++.a(class_type_info.o)
                0x0800ae1c                __cxxabiv1::__class_type_info::__do_find_public_src(int, void const*, __cxxabiv1::__class_type_info const*, void const*) const
 .text._ZN10__cxxabiv117__class_type_infoD2Ev
                0x0800ae28       0x14 g:/embedded_config/10 2021.10/bin/../lib/gcc/arm-none-eabi/10.3.1/../../../../arm-none-eabi/lib/thumb/v7e-m+fp/hard\libstdc++.a(class_type_info.o)
                0x0800ae28                __cxxabiv1::__class_type_info::~__class_type_info()
                0x0800ae28                __cxxabiv1::__class_type_info::~__class_type_info()
 .text._ZN10__cxxabiv117__class_type_infoD0Ev
                0x0800ae3c       0x1c g:/embedded_config/10 2021.10/bin/../lib/gcc/arm-none-eabi/10.3.1/../../../../arm-none-eabi/lib/thumb/v7e-m+fp/hard\libstdc++.a(class_type_info.o)
                0x0800ae3c                __cxxabiv1::__class_type_info::~__class_type_info()
 .text._ZNK10__cxxabiv117__class_type_info12__do_dyncastEiNS0_10__sub_kindEPKS0_PKvS3_S5_RNS0_16__dyncast_resultE
                0x0800ae58       0x44 g:/embedded_config/10 2021.10/bin/../lib/gcc/arm-none-eabi/10.3.1/../../../../arm-none-eabi/lib/thumb/v7e-m+fp/hard\libstdc++.a(class_type_info.o)
                0x0800ae58                __cxxabiv1::__class_type_info::__do_dyncast(int, __cxxabiv1::__class_type_info::__sub_kind, __cxxabiv1::__class_type_info const*, void const*, __cxxabiv1::__class_type_info const*, void const*, __cxxabiv1::__class_type_info::__dyncast_result&) const
 .text._ZNK10__cxxabiv117__class_type_info11__do_upcastEPKS0_PKvRNS0_15__upcast_resultE
                0x0800ae9c       0x1c g:/embedded_config/10 2021.10/bin/../lib/gcc/arm-none-eabi/10.3.1/../../../../arm-none-eabi/lib/thumb/v7e-m+fp/hard\libstdc++.a(class_type_info.o)
                0x0800ae9c                __cxxabiv1::__class_type_info::__do_upcast(__cxxabiv1::__class_type_info const*, void const*, __cxxabiv1::__class_type_info::__upcast_result&) const
 .text._ZNK10__cxxabiv117__class_type_info10__do_catchEPKSt9type_infoPPvj
                0x0800aeb8       0x2c g:/embedded_config/10 2021.10/bin/../lib/gcc/arm-none-eabi/10.3.1/../../../../arm-none-eabi/lib/thumb/v7e-m+fp/hard\libstdc++.a(class_type_info.o)
                0x0800aeb8                __cxxabiv1::__class_type_info::__do_catch(std::type_info const*, void**, unsigned int) const
 .text._ZdlPvj  0x0800aee4        0x4 g:/embedded_config/10 2021.10/bin/../lib/gcc/arm-none-eabi/10.3.1/../../../../arm-none-eabi/lib/thumb/v7e-m+fp/hard\libstdc++.a(del_ops.o)
                0x0800aee4                operator delete(void*, unsigned int)
 .text._ZN10__cxxabiv120__si_class_type_infoD2Ev
                0x0800aee8       0x14 g:/embedded_config/10 2021.10/bin/../lib/gcc/arm-none-eabi/10.3.1/../../../../arm-none-eabi/lib/thumb/v7e-m+fp/hard\libstdc++.a(si_class_type_info.o)
                0x0800aee8                __cxxabiv1::__si_class_type_info::~__si_class_type_info()
                0x0800aee8                __cxxabiv1::__si_class_type_info::~__si_class_type_info()
 .text._ZN10__cxxabiv120__si_class_type_infoD0Ev
                0x0800aefc       0x1c g:/embedded_config/10 2021.10/bin/../lib/gcc/arm-none-eabi/10.3.1/../../../../arm-none-eabi/lib/thumb/v7e-m+fp/hard\libstdc++.a(si_class_type_info.o)
                0x0800aefc                __cxxabiv1::__si_class_type_info::~__si_class_type_info()
 .text._ZNK10__cxxabiv120__si_class_type_info20__do_find_public_srcEiPKvPKNS_17__class_type_infoES2_
                0x0800af18       0x3c g:/embedded_config/10 2021.10/bin/../lib/gcc/arm-none-eabi/10.3.1/../../../../arm-none-eabi/lib/thumb/v7e-m+fp/hard\libstdc++.a(si_class_type_info.o)
                0x0800af18                __cxxabiv1::__si_class_type_info::__do_find_public_src(int, void const*, __cxxabiv1::__class_type_info const*, void const*) const
 .text._ZNK10__cxxabiv120__si_class_type_info12__do_dyncastEiNS_17__class_type_info10__sub_kindEPKS1_PKvS4_S6_RNS1_16__dyncast_resultE
                0x0800af54       0x80 g:/embedded_config/10 2021.10/bin/../lib/gcc/arm-none-eabi/10.3.1/../../../../arm-none-eabi/lib/thumb/v7e-m+fp/hard\libstdc++.a(si_class_type_info.o)
                0x0800af54                __cxxabiv1::__si_class_type_info::__do_dyncast(int, __cxxabiv1::__class_type_info::__sub_kind, __cxxabiv1::__class_type_info const*, void const*, __cxxabiv1::__class_type_info const*, void const*, __cxxabiv1::__class_type_info::__dyncast_result&) const
 .text._ZNK10__cxxabiv120__si_class_type_info11__do_upcastEPKNS_17__class_type_infoEPKvRNS1_15__upcast_resultE
                0x0800afd4       0x2c g:/embedded_config/10 2021.10/bin/../lib/gcc/arm-none-eabi/10.3.1/../../../../arm-none-eabi/lib/thumb/v7e-m+fp/hard\libstdc++.a(si_class_type_info.o)
                0x0800afd4                __cxxabiv1::__si_class_type_info::__do_upcast(__cxxabiv1::__class_type_info const*, void const*, __cxxabiv1::__class_type_info::__upcast_result&) const
 .text._ZNSt9type_infoD2Ev
                0x0800b000        0x4 g:/embedded_config/10 2021.10/bin/../lib/gcc/arm-none-eabi/10.3.1/../../../../arm-none-eabi/lib/thumb/v7e-m+fp/hard\libstdc++.a(tinfo.o)
                0x0800b000                std::type_info::~type_info()
                0x0800b000                std::type_info::~type_info()
 .text._ZNKSt9type_info14__is_pointer_pEv
                0x0800b004        0x4 g:/embedded_config/10 2021.10/bin/../lib/gcc/arm-none-eabi/10.3.1/../../../../arm-none-eabi/lib/thumb/v7e-m+fp/hard\libstdc++.a(tinfo.o)
                0x0800b004                std::type_info::__is_pointer_p() const
                0x0800b004                std::type_info::__is_function_p() const
 .text._ZNKSt9type_infoeqERKS_
                0x0800b008       0x2c g:/embedded_config/10 2021.10/bin/../lib/gcc/arm-none-eabi/10.3.1/../../../../arm-none-eabi/lib/thumb/v7e-m+fp/hard\libstdc++.a(tinfo.o)
                0x0800b008                std::type_info::operator==(std::type_info const&) const
 .text._ZN10__cxxabiv121__vmi_class_type_infoD2Ev
                0x0800b034       0x14 g:/embedded_config/10 2021.10/bin/../lib/gcc/arm-none-eabi/10.3.1/../../../../arm-none-eabi/lib/thumb/v7e-m+fp/hard\libstdc++.a(vmi_class_type_info.o)
                0x0800b034                __cxxabiv1::__vmi_class_type_info::~__vmi_class_type_info()
                0x0800b034                __cxxabiv1::__vmi_class_type_info::~__vmi_class_type_info()
 .text._ZN10__cxxabiv121__vmi_class_type_infoD0Ev
                0x0800b048       0x1c g:/embedded_config/10 2021.10/bin/../lib/gcc/arm-none-eabi/10.3.1/../../../../arm-none-eabi/lib/thumb/v7e-m+fp/hard\libstdc++.a(vmi_class_type_info.o)
                0x0800b048                __cxxabiv1::__vmi_class_type_info::~__vmi_class_type_info()
 .text._ZNK10__cxxabiv121__vmi_class_type_info20__do_find_public_srcEiPKvPKNS_17__class_type_infoES2_
                0x0800b064       0x88 g:/embedded_config/10 2021.10/bin/../lib/gcc/arm-none-eabi/10.3.1/../../../../arm-none-eabi/lib/thumb/v7e-m+fp/hard\libstdc++.a(vmi_class_type_info.o)
                0x0800b064                __cxxabiv1::__vmi_class_type_info::__do_find_public_src(int, void const*, __cxxabiv1::__class_type_info const*, void const*) const
 .text._ZNK10__cxxabiv121__vmi_class_type_info12__do_dyncastEiNS_17__class_type_info10__sub_kindEPKS1_PKvS4_S6_RNS1_16__dyncast_resultE
                0x0800b0ec      0x3d0 g:/embedded_config/10 2021.10/bin/../lib/gcc/arm-none-eabi/10.3.1/../../../../arm-none-eabi/lib/thumb/v7e-m+fp/hard\libstdc++.a(vmi_class_type_info.o)
                0x0800b0ec                __cxxabiv1::__vmi_class_type_info::__do_dyncast(int, __cxxabiv1::__class_type_info::__sub_kind, __cxxabiv1::__class_type_info const*, void const*, __cxxabiv1::__class_type_info const*, void const*, __cxxabiv1::__class_type_info::__dyncast_result&) const
 .text._ZNK10__cxxabiv121__vmi_class_type_info11__do_upcastEPKNS_17__class_type_infoEPKvRNS1_15__upcast_resultE
                0x0800b4bc      0x160 g:/embedded_config/10 2021.10/bin/../lib/gcc/arm-none-eabi/10.3.1/../../../../arm-none-eabi/lib/thumb/v7e-m+fp/hard\libstdc++.a(vmi_class_type_info.o)
                0x0800b4bc                __cxxabiv1::__vmi_class_type_info::__do_upcast(__cxxabiv1::__class_type_info const*, void const*, __cxxabiv1::__class_type_info::__upcast_result&) const
 .text._ZdlPv   0x0800b61c        0x4 g:/embedded_config/10 2021.10/bin/../lib/gcc/arm-none-eabi/10.3.1/../../../../arm-none-eabi/lib/thumb/v7e-m+fp/hard\libstdc++.a(del_op.o)
                0x0800b61c                operator delete(void*)
 .text.atan2f   0x0800b620        0x4 g:/embedded_config/10 2021.10/bin/../lib/gcc/arm-none-eabi/10.3.1/../../../../arm-none-eabi/lib/thumb/v7e-m+fp/hard\libm.a(lib_a-wf_atan2.o)
                0x0800b620                atan2f
 .text.__ieee754_atan2f
                0x0800b624      0x150 g:/embedded_config/10 2021.10/bin/../lib/gcc/arm-none-eabi/10.3.1/../../../../arm-none-eabi/lib/thumb/v7e-m+fp/hard\libm.a(lib_a-ef_atan2.o)
                0x0800b624                __ieee754_atan2f
 .text.atanf    0x0800b774      0x1b4 g:/embedded_config/10 2021.10/bin/../lib/gcc/arm-none-eabi/10.3.1/../../../../arm-none-eabi/lib/thumb/v7e-m+fp/hard\libm.a(lib_a-sf_atan.o)
                0x0800b774                atanf
 .text.fabsf    0x0800b928       0x10 g:/embedded_config/10 2021.10/bin/../lib/gcc/arm-none-eabi/10.3.1/../../../../arm-none-eabi/lib/thumb/v7e-m+fp/hard\libm.a(lib_a-sf_fabs.o)
                0x0800b928                fabsf
 .text.abort    0x0800b938       0x10 g:/embedded_config/10 2021.10/bin/../lib/gcc/arm-none-eabi/10.3.1/../../../../arm-none-eabi/lib/thumb/v7e-m+fp/hard\libg.a(lib_a-abort.o)
                0x0800b938                abort
 .text.__cxa_atexit
                0x0800b948        0xc g:/embedded_config/10 2021.10/bin/../lib/gcc/arm-none-eabi/10.3.1/../../../../arm-none-eabi/lib/thumb/v7e-m+fp/hard\libg.a(lib_a-cxa_atexit.o)
                0x0800b948                __cxa_atexit
 .text.__errno  0x0800b954        0xc g:/embedded_config/10 2021.10/bin/../lib/gcc/arm-none-eabi/10.3.1/../../../../arm-none-eabi/lib/thumb/v7e-m+fp/hard\libg.a(lib_a-errno.o)
                0x0800b954                __errno
 .text.__libc_init_array
                0x0800b960       0x48 g:/embedded_config/10 2021.10/bin/../lib/gcc/arm-none-eabi/10.3.1/../../../../arm-none-eabi/lib/thumb/v7e-m+fp/hard\libg.a(lib_a-init.o)
                0x0800b960                __libc_init_array
 .text.free     0x0800b9a8       0x10 g:/embedded_config/10 2021.10/bin/../lib/gcc/arm-none-eabi/10.3.1/../../../../arm-none-eabi/lib/thumb/v7e-m+fp/hard\libg.a(lib_a-malloc.o)
                0x0800b9a8                free
 .text.memset   0x0800b9b8       0xa4 g:/embedded_config/10 2021.10/bin/../lib/gcc/arm-none-eabi/10.3.1/../../../../arm-none-eabi/lib/thumb/v7e-m+fp/hard\libg.a(lib_a-memset.o)
                0x0800b9b8                memset
 .text.__malloc_lock
                0x0800ba5c        0xc g:/embedded_config/10 2021.10/bin/../lib/gcc/arm-none-eabi/10.3.1/../../../../arm-none-eabi/lib/thumb/v7e-m+fp/hard\libg.a(lib_a-mlock.o)
                0x0800ba5c                __malloc_lock
 .text.__malloc_unlock
                0x0800ba68        0xc g:/embedded_config/10 2021.10/bin/../lib/gcc/arm-none-eabi/10.3.1/../../../../arm-none-eabi/lib/thumb/v7e-m+fp/hard\libg.a(lib_a-mlock.o)
                0x0800ba68                __malloc_unlock
 .text._sbrk_r  0x0800ba74       0x24 g:/embedded_config/10 2021.10/bin/../lib/gcc/arm-none-eabi/10.3.1/../../../../arm-none-eabi/lib/thumb/v7e-m+fp/hard\libg.a(lib_a-sbrkr.o)
                0x0800ba74                _sbrk_r
 .text.raise    0x0800ba98       0x5c g:/embedded_config/10 2021.10/bin/../lib/gcc/arm-none-eabi/10.3.1/../../../../arm-none-eabi/lib/thumb/v7e-m+fp/hard\libg.a(lib_a-signal.o)
                0x0800ba98                raise
 .text._kill_r  0x0800baf4       0x2c g:/embedded_config/10 2021.10/bin/../lib/gcc/arm-none-eabi/10.3.1/../../../../arm-none-eabi/lib/thumb/v7e-m+fp/hard\libg.a(lib_a-signalr.o)
                0x0800baf4                _kill_r
 .text._getpid_r
                0x0800bb20        0x4 g:/embedded_config/10 2021.10/bin/../lib/gcc/arm-none-eabi/10.3.1/../../../../arm-none-eabi/lib/thumb/v7e-m+fp/hard\libg.a(lib_a-signalr.o)
                0x0800bb20                _getpid_r
 .text.__register_exitproc
                0x0800bb24       0x8c g:/embedded_config/10 2021.10/bin/../lib/gcc/arm-none-eabi/10.3.1/../../../../arm-none-eabi/lib/thumb/v7e-m+fp/hard\libg.a(lib_a-__atexit.o)
                0x0800bb24                __register_exitproc
 .text.startup.register_fini
                0x0800bbb0       0x14 g:/embedded_config/10 2021.10/bin/../lib/gcc/arm-none-eabi/10.3.1/../../../../arm-none-eabi/lib/thumb/v7e-m+fp/hard\libg.a(lib_a-__call_atexit.o)
 .text.atexit   0x0800bbc4        0xc g:/embedded_config/10 2021.10/bin/../lib/gcc/arm-none-eabi/10.3.1/../../../../arm-none-eabi/lib/thumb/v7e-m+fp/hard\libg.a(lib_a-atexit.o)
                0x0800bbc4                atexit
 .text.__libc_fini_array
                0x0800bbd0       0x2c g:/embedded_config/10 2021.10/bin/../lib/gcc/arm-none-eabi/10.3.1/../../../../arm-none-eabi/lib/thumb/v7e-m+fp/hard\libg.a(lib_a-fini.o)
                0x0800bbd0                __libc_fini_array
 .text._malloc_trim_r
                0x0800bbfc       0xa0 g:/embedded_config/10 2021.10/bin/../lib/gcc/arm-none-eabi/10.3.1/../../../../arm-none-eabi/lib/thumb/v7e-m+fp/hard\libg.a(lib_a-freer.o)
                0x0800bbfc                _malloc_trim_r
 .text._free_r  0x0800bc9c      0x20c g:/embedded_config/10 2021.10/bin/../lib/gcc/arm-none-eabi/10.3.1/../../../../arm-none-eabi/lib/thumb/v7e-m+fp/hard\libg.a(lib_a-freer.o)
                0x0800bc9c                _free_r
 .text.__retarget_lock_acquire_recursive
                0x0800bea8        0x4 g:/embedded_config/10 2021.10/bin/../lib/gcc/arm-none-eabi/10.3.1/../../../../arm-none-eabi/lib/thumb/v7e-m+fp/hard\libg.a(lib_a-lock.o)
                0x0800bea8                __retarget_lock_acquire_recursive
 .text.__retarget_lock_release_recursive
                0x0800beac        0x4 g:/embedded_config/10 2021.10/bin/../lib/gcc/arm-none-eabi/10.3.1/../../../../arm-none-eabi/lib/thumb/v7e-m+fp/hard\libg.a(lib_a-lock.o)
                0x0800beac                __retarget_lock_release_recursive
 *(.glue_7)
 .glue_7        0x0800beb0        0x0 linker stubs
 *(.glue_7t)
 .glue_7t       0x0800beb0        0x0 linker stubs
 *(.eh_frame)
 .eh_frame      0x0800beb0        0x0 g:/embedded_config/10 2021.10/bin/../lib/gcc/arm-none-eabi/10.3.1/thumb/v7e-m+fp/hard/crtbegin.o
 *(.init)
 .init          0x0800beb0        0x4 g:/embedded_config/10 2021.10/bin/../lib/gcc/arm-none-eabi/10.3.1/thumb/v7e-m+fp/hard/crti.o
                0x0800beb0                _init
 .init          0x0800beb4        0x8 g:/embedded_config/10 2021.10/bin/../lib/gcc/arm-none-eabi/10.3.1/thumb/v7e-m+fp/hard/crtn.o
 *(.fini)
 .fini          0x0800bebc        0x4 g:/embedded_config/10 2021.10/bin/../lib/gcc/arm-none-eabi/10.3.1/thumb/v7e-m+fp/hard/crti.o
                0x0800bebc                _fini
 .fini          0x0800bec0        0x8 g:/embedded_config/10 2021.10/bin/../lib/gcc/arm-none-eabi/10.3.1/thumb/v7e-m+fp/hard/crtn.o
                0x0800bec8                . = ALIGN (0x4)
                0x0800bec8                _etext = .

.vfp11_veneer   0x0800bec8        0x0
 .vfp11_veneer  0x0800bec8        0x0 linker stubs

.v4_bx          0x0800bec8        0x0
 .v4_bx         0x0800bec8        0x0 linker stubs

.iplt           0x0800bec8        0x0
 .iplt          0x0800bec8        0x0 g:/embedded_config/10 2021.10/bin/../lib/gcc/arm-none-eabi/10.3.1/thumb/v7e-m+fp/hard/crtbegin.o

.ramfunc        0x0800bec8      0xa5c
 .ramfunc       0x0800bec8      0x6e4 CMakeFiles/DRIVE_CMAKE.elf.dir/Foc/core/Src/foc_ctrl.cpp.obj
                0x0800bec8                HfiVolt
                0x0800bf2c                HfiCurrent
                0x0800c04c                FocVolt
                0x0800c0c8                FocIFVolt(float, float)
                0x0800c150                FocCurrent
                0x0800c1f4                FocHandle()
 .ramfunc       0x0800c5ac       0xec CMakeFiles/DRIVE_CMAKE.elf.dir/Foc/core/Src/foc_math.cpp.obj
                0x0800c5ac                SinCosVal
                0x0800c5d8                Clarke
                0x0800c5fc                Park
                0x0800c630                InvPark
                0x0800c664                InvClarke
 .ramfunc       0x0800c698       0xa8 CMakeFiles/DRIVE_CMAKE.elf.dir/Foc/encoder/Src/as5047p.c.obj
                0x0800c698                ParityBitCalculate
                0x0800c6a8                SpiReadWriteOneByte
                0x0800c6f8                As5047pRead
 .ramfunc       0x0800c740      0x1e4 CMakeFiles/DRIVE_CMAKE.elf.dir/Foc/utils/Src/pid.cpp.obj
                0x0800c740                PIController::Calculate(float)
                0x0800c7b8                PositionalPid::Calculate(float)
                0x0800c894                IncrementalPid::Calculate(float)

.rodata         0x0800c924     0x148c
                0x0800c924                . = ALIGN (0x4)
 *(.rodata)
 *(.rodata*)
 .rodata.AHBPrescTable
                0x0800c924       0x10 CMakeFiles/DRIVE_CMAKE.elf.dir/Core/Src/system_stm32g4xx.c.obj
                0x0800c924                AHBPrescTable
 .rodata.DLCtoBytes
                0x0800c934       0x10 CMakeFiles/DRIVE_CMAKE.elf.dir/Drivers/STM32G4xx_HAL_Driver/Src/stm32g4xx_hal_fdcan.c.obj
 .rodata._ZTS18InlineCurrentSense
                0x0800c944       0x15 CMakeFiles/DRIVE_CMAKE.elf.dir/Foc/core/Src/analog_sense.cpp.obj
                0x0800c944                typeinfo name for InlineCurrentSense
 *fill*         0x0800c959        0x3 
 .rodata._ZTI18InlineCurrentSense
                0x0800c95c        0xc CMakeFiles/DRIVE_CMAKE.elf.dir/Foc/core/Src/analog_sense.cpp.obj
                0x0800c95c                typeinfo for InlineCurrentSense
 .rodata._ZTV18InlineCurrentSense
                0x0800c968        0xc CMakeFiles/DRIVE_CMAKE.elf.dir/Foc/core/Src/analog_sense.cpp.obj
                0x0800c968                vtable for InlineCurrentSense
 .rodata._ZTI14PhaseSenseBase
                0x0800c974        0x8 CMakeFiles/DRIVE_CMAKE.elf.dir/Foc/core/Src/analog_sense.cpp.obj
                0x0800c974                typeinfo for PhaseSenseBase
 .rodata._ZTS14PhaseSenseBase
                0x0800c97c       0x11 CMakeFiles/DRIVE_CMAKE.elf.dir/Foc/core/Src/analog_sense.cpp.obj
                0x0800c97c                typeinfo name for PhaseSenseBase
 *fill*         0x0800c98d        0x3 
 .rodata._ZTS12PIController
                0x0800c990        0xf CMakeFiles/DRIVE_CMAKE.elf.dir/Foc/core/Src/foc_ctrl.cpp.obj
                0x0800c990                typeinfo name for PIController
 *fill*         0x0800c99f        0x1 
 .rodata._ZTI12PIController
                0x0800c9a0        0x8 CMakeFiles/DRIVE_CMAKE.elf.dir/Foc/core/Src/foc_ctrl.cpp.obj
                0x0800c9a0                typeinfo for PIController
 .rodata._ZTS13AngleProvider
                0x0800c9a8       0x10 CMakeFiles/DRIVE_CMAKE.elf.dir/Foc/core/Src/foc_ctrl.cpp.obj
                0x0800c9a8                typeinfo name for AngleProvider
 .rodata._ZTI13AngleProvider
                0x0800c9b8        0x8 CMakeFiles/DRIVE_CMAKE.elf.dir/Foc/core/Src/foc_ctrl.cpp.obj
                0x0800c9b8                typeinfo for AngleProvider
 .rodata._ZTS11EncoderBase
                0x0800c9c0        0xe CMakeFiles/DRIVE_CMAKE.elf.dir/Foc/core/Src/foc_ctrl.cpp.obj
                0x0800c9c0                typeinfo name for EncoderBase
 *fill*         0x0800c9ce        0x2 
 .rodata._ZTI11EncoderBase
                0x0800c9d0        0xc CMakeFiles/DRIVE_CMAKE.elf.dir/Foc/core/Src/foc_ctrl.cpp.obj
                0x0800c9d0                typeinfo for EncoderBase
 .rodata._ZTS10AbiEncoder
                0x0800c9dc        0xd CMakeFiles/DRIVE_CMAKE.elf.dir/Foc/core/Src/foc_ctrl.cpp.obj
                0x0800c9dc                typeinfo name for AbiEncoder
 *fill*         0x0800c9e9        0x3 
 .rodata._ZTI10AbiEncoder
                0x0800c9ec        0xc CMakeFiles/DRIVE_CMAKE.elf.dir/Foc/core/Src/foc_ctrl.cpp.obj
                0x0800c9ec                typeinfo for AbiEncoder
 .rodata._ZTS13As5407Encoder
                0x0800c9f8       0x10 CMakeFiles/DRIVE_CMAKE.elf.dir/Foc/core/Src/foc_ctrl.cpp.obj
                0x0800c9f8                typeinfo name for As5407Encoder
 .rodata._ZTI13As5407Encoder
                0x0800ca08        0xc CMakeFiles/DRIVE_CMAKE.elf.dir/Foc/core/Src/foc_ctrl.cpp.obj
                0x0800ca08                typeinfo for As5407Encoder
 .rodata._ZTS15NonFluxObserver
                0x0800ca14       0x12 CMakeFiles/DRIVE_CMAKE.elf.dir/Foc/core/Src/foc_ctrl.cpp.obj
                0x0800ca14                typeinfo name for NonFluxObserver
 *fill*         0x0800ca26        0x2 
 .rodata._ZTI15NonFluxObserver
                0x0800ca28       0x20 CMakeFiles/DRIVE_CMAKE.elf.dir/Foc/core/Src/foc_ctrl.cpp.obj
                0x0800ca28                typeinfo for NonFluxObserver