Archive member included to satisfy reference by file (symbol)

g:/embedded_config/10 2021.10/bin/../lib/gcc/arm-none-eabi/10.3.1/../../../../arm-none-eabi/lib/thumb/v7e-m+fp/hard\libstdc++.a(atexit_arm.o)
                              CMakeFiles/DRIVE_CMAKE.elf.dir/Foc/core/Src/foc_ctrl.cpp.obj (__aeabi_atexit)
g:/embedded_config/10 2021.10/bin/../lib/gcc/arm-none-eabi/10.3.1/../../../../arm-none-eabi/lib/thumb/v7e-m+fp/hard\libstdc++.a(class_type_info.o)
                              CMakeFiles/DRIVE_CMAKE.elf.dir/Foc/core/Src/current_sense.cpp.obj (vtable for __cxxabiv1::__class_type_info)
g:/embedded_config/10 2021.10/bin/../lib/gcc/arm-none-eabi/10.3.1/../../../../arm-none-eabi/lib/thumb/v7e-m+fp/hard\libstdc++.a(del_ops.o)
                              CMakeFiles/DRIVE_CMAKE.elf.dir/Foc/core/Src/foc_ctrl.cpp.obj (operator delete(void*, unsigned int))
g:/embedded_config/10 2021.10/bin/../lib/gcc/arm-none-eabi/10.3.1/../../../../arm-none-eabi/lib/thumb/v7e-m+fp/hard\libstdc++.a(si_class_type_info.o)
                              CMakeFiles/DRIVE_CMAKE.elf.dir/Foc/core/Src/current_sense.cpp.obj (vtable for __cxxabiv1::__si_class_type_info)
g:/embedded_config/10 2021.10/bin/../lib/gcc/arm-none-eabi/10.3.1/../../../../arm-none-eabi/lib/thumb/v7e-m+fp/hard\libstdc++.a(tinfo.o)
                              g:/embedded_config/10 2021.10/bin/../lib/gcc/arm-none-eabi/10.3.1/../../../../arm-none-eabi/lib/thumb/v7e-m+fp/hard\libstdc++.a(class_type_info.o) (std::type_info::~type_info())
g:/embedded_config/10 2021.10/bin/../lib/gcc/arm-none-eabi/10.3.1/../../../../arm-none-eabi/lib/thumb/v7e-m+fp/hard\libstdc++.a(vmi_class_type_info.o)
                              CMakeFiles/DRIVE_CMAKE.elf.dir/Foc/core/Src/foc_ctrl.cpp.obj (vtable for __cxxabiv1::__vmi_class_type_info)
g:/embedded_config/10 2021.10/bin/../lib/gcc/arm-none-eabi/10.3.1/../../../../arm-none-eabi/lib/thumb/v7e-m+fp/hard\libstdc++.a(del_op.o)
                              g:/embedded_config/10 2021.10/bin/../lib/gcc/arm-none-eabi/10.3.1/../../../../arm-none-eabi/lib/thumb/v7e-m+fp/hard\libstdc++.a(del_ops.o) (operator delete(void*))
g:/embedded_config/10 2021.10/bin/../lib/gcc/arm-none-eabi/10.3.1/../../../../arm-none-eabi/lib/thumb/v7e-m+fp/hard\libm.a(lib_a-sf_fmax.o)
                              CMakeFiles/DRIVE_CMAKE.elf.dir/Foc/utils/Src/util.c.obj (fmaxf)
g:/embedded_config/10 2021.10/bin/../lib/gcc/arm-none-eabi/10.3.1/../../../../arm-none-eabi/lib/thumb/v7e-m+fp/hard\libm.a(lib_a-sf_fmin.o)
                              CMakeFiles/DRIVE_CMAKE.elf.dir/Foc/utils/Src/util.c.obj (fminf)
g:/embedded_config/10 2021.10/bin/../lib/gcc/arm-none-eabi/10.3.1/../../../../arm-none-eabi/lib/thumb/v7e-m+fp/hard\libm.a(lib_a-sf_fpclassify.o)
                              g:/embedded_config/10 2021.10/bin/../lib/gcc/arm-none-eabi/10.3.1/../../../../arm-none-eabi/lib/thumb/v7e-m+fp/hard\libm.a(lib_a-sf_fmax.o) (__fpclassifyf)
g:/embedded_config/10 2021.10/bin/../lib/gcc/arm-none-eabi/10.3.1/../../../../arm-none-eabi/lib/thumb/v7e-m+fp/hard\libm.a(lib_a-wf_exp.o)
                              CMakeFiles/DRIVE_CMAKE.elf.dir/Foc/core/Src/foc_math.cpp.obj (expf)
g:/embedded_config/10 2021.10/bin/../lib/gcc/arm-none-eabi/10.3.1/../../../../arm-none-eabi/lib/thumb/v7e-m+fp/hard\libm.a(lib_a-wf_fmod.o)
                              CMakeFiles/DRIVE_CMAKE.elf.dir/Foc/encoder/Src/calibration.c.obj (fmodf)
g:/embedded_config/10 2021.10/bin/../lib/gcc/arm-none-eabi/10.3.1/../../../../arm-none-eabi/lib/thumb/v7e-m+fp/hard\libm.a(lib_a-ef_exp.o)
                              g:/embedded_config/10 2021.10/bin/../lib/gcc/arm-none-eabi/10.3.1/../../../../arm-none-eabi/lib/thumb/v7e-m+fp/hard\libm.a(lib_a-wf_exp.o) (__ieee754_expf)
g:/embedded_config/10 2021.10/bin/../lib/gcc/arm-none-eabi/10.3.1/../../../../arm-none-eabi/lib/thumb/v7e-m+fp/hard\libm.a(lib_a-ef_fmod.o)
                              g:/embedded_config/10 2021.10/bin/../lib/gcc/arm-none-eabi/10.3.1/../../../../arm-none-eabi/lib/thumb/v7e-m+fp/hard\libm.a(lib_a-wf_fmod.o) (__ieee754_fmodf)
g:/embedded_config/10 2021.10/bin/../lib/gcc/arm-none-eabi/10.3.1/../../../../arm-none-eabi/lib/thumb/v7e-m+fp/hard\libm.a(lib_a-math_errf.o)
                              g:/embedded_config/10 2021.10/bin/../lib/gcc/arm-none-eabi/10.3.1/../../../../arm-none-eabi/lib/thumb/v7e-m+fp/hard\libm.a(lib_a-ef_exp.o) (__math_uflowf)
g:/embedded_config/10 2021.10/bin/../lib/gcc/arm-none-eabi/10.3.1/../../../../arm-none-eabi/lib/thumb/v7e-m+fp/hard\libm.a(lib_a-sf_finite.o)
                              g:/embedded_config/10 2021.10/bin/../lib/gcc/arm-none-eabi/10.3.1/../../../../arm-none-eabi/lib/thumb/v7e-m+fp/hard\libm.a(lib_a-wf_exp.o) (finitef)
g:/embedded_config/10 2021.10/bin/../lib/gcc/arm-none-eabi/10.3.1/thumb/v7e-m+fp/hard\libgcc.a(_arm_addsubdf3.o)
                              CMakeFiles/DRIVE_CMAKE.elf.dir/Foc/encoder/Src/calibration.c.obj (__aeabi_dsub)
[...]
Memory Configuration

Name             Origin             Length             Attributes
RAM              0x20000000         0x00020000         xrw
FLASH            0x08000000         0x00020000         xr
*default*        0x00000000         0xffffffff

Linker script and memory map

LOAD g:/embedded_config/10 2021.10/bin/../lib/gcc/arm-none-eabi/10.3.1/thumb/v7e-m+fp/hard/crti.o
LOAD g:/embedded_config/10 2021.10/bin/../lib/gcc/arm-none-eabi/10.3.1/thumb/v7e-m+fp/hard/crtbegin.o
LOAD g:/embedded_config/10 2021.10/bin/../lib/gcc/arm-none-eabi/10.3.1/../../../../arm-none-eabi/lib/thumb/v7e-m+fp/hard/crt0.o
LOAD CMakeFiles/DRIVE_CMAKE.elf.dir/BSP/Src/drive_can.c.obj
LOAD CMakeFiles/DRIVE_CMAKE.elf.dir/BSP/Src/drive_iic.c.obj
LOAD CMakeFiles/DRIVE_CMAKE.elf.dir/BSP/Src/drive_tim.c.obj
LOAD CMakeFiles/DRIVE_CMAKE.elf.dir/Core/Src/adc.c.obj
LOAD CMakeFiles/DRIVE_CMAKE.elf.dir/Core/Src/fdcan.c.obj
LOAD CMakeFiles/DRIVE_CMAKE.elf.dir/Core/Src/gpio.c.obj
LOAD CMakeFiles/DRIVE_CMAKE.elf.dir/Core/Src/i2c.c.obj
LOAD CMakeFiles/DRIVE_CMAKE.elf.dir/Core/Src/main.cpp.obj
LOAD CMakeFiles/DRIVE_CMAKE.elf.dir/Core/Src/spi.c.obj
LOAD CMakeFiles/DRIVE_CMAKE.elf.dir/Core/Src/stm32g4xx_hal_msp.c.obj
LOAD CMakeFiles/DRIVE_CMAKE.elf.dir/Core/Src/stm32g4xx_it.c.obj
LOAD CMakeFiles/DRIVE_CMAKE.elf.dir/Core/Src/syscalls.c.obj
LOAD CMakeFiles/DRIVE_CMAKE.elf.dir/Core/Src/sysmem.c.obj
LOAD CMakeFiles/DRIVE_CMAKE.elf.dir/Core/Src/system_stm32g4xx.c.obj
LOAD CMakeFiles/DRIVE_CMAKE.elf.dir/Core/Src/tim.c.obj
LOAD CMakeFiles/DRIVE_CMAKE.elf.dir/Core/Startup/startup_stm32g474rbtx.s.obj
LOAD CMakeFiles/DRIVE_CMAKE.elf.dir/Drivers/STM32G4xx_HAL_Driver/Src/stm32g4xx_hal.c.obj
LOAD CMakeFiles/DRIVE_CMAKE.elf.dir/Drivers/STM32G4xx_HAL_Driver/Src/stm32g4xx_hal_adc.c.obj
LOAD CMakeFiles/DRIVE_CMAKE.elf.dir/Drivers/STM32G4xx_HAL_Driver/Src/stm32g4xx_hal_adc_ex.c.obj
LOAD CMakeFiles/DRIVE_CMAKE.elf.dir/Drivers/STM32G4xx_HAL_Driver/Src/stm32g4xx_hal_cortex.c.obj
LOAD CMakeFiles/DRIVE_CMAKE.elf.dir/Drivers/STM32G4xx_HAL_Driver/Src/stm32g4xx_hal_dma.c.obj
LOAD CMakeFiles/DRIVE_CMAKE.elf.dir/Drivers/STM32G4xx_HAL_Driver/Src/stm32g4xx_hal_dma_ex.c.obj
LOAD CMakeFiles/DRIVE_CMAKE.elf.dir/Drivers/STM32G4xx_HAL_Driver/Src/stm32g4xx_hal_exti.c.obj
LOAD CMakeFiles/DRIVE_CMAKE.elf.dir/Drivers/STM32G4xx_HAL_Driver/Src/stm32g4xx_hal_fdcan.c.obj
LOAD CMakeFiles/DRIVE_CMAKE.elf.dir/Drivers/STM32G4xx_HAL_Driver/Src/stm32g4xx_hal_flash.c.obj
LOAD CMakeFiles/DRIVE_CMAKE.elf.dir/Drivers/STM32G4xx_HAL_Driver/Src/stm32g4xx_hal_flash_ex.c.obj
LOAD CMakeFiles/DRIVE_CMAKE.elf.dir/Drivers/STM32G4xx_HAL_Driver/Src/stm32g4xx_hal_flash_ramfunc.c.obj
LOAD CMakeFiles/DRIVE_CMAKE.elf.dir/Drivers/STM32G4xx_HAL_Driver/Src/stm32g4xx_hal_gpio.c.obj
LOAD CMakeFiles/DRIVE_CMAKE.elf.dir/Drivers/STM32G4xx_HAL_Driver/Src/stm32g4xx_hal_i2c.c.obj
LOAD CMakeFiles/DRIVE_CMAKE.elf.dir/Drivers/STM32G4xx_HAL_Driver/Src/stm32g4xx_hal_i2c_ex.c.obj
LOAD CMakeFiles/DRIVE_CMAKE.elf.dir/Drivers/STM32G4xx_HAL_Driver/Src/stm32g4xx_hal_pcd.c.obj
LOAD CMakeFiles/DRIVE_CMAKE.elf.dir/Drivers/STM32G4xx_HAL_Driver/Src/stm32g4xx_hal_pcd_ex.c.obj
LOAD CMakeFiles/DRIVE_CMAKE.elf.dir/Drivers/STM32G4xx_HAL_Driver/Src/stm32g4xx_hal_pwr.c.obj
LOAD CMakeFiles/DRIVE_CMAKE.elf.dir/Drivers/STM32G4xx_HAL_Driver/Src/stm32g4xx_hal_pwr_ex.c.obj
LOAD CMakeFiles/DRIVE_CMAKE.elf.dir/Drivers/STM32G4xx_HAL_Driver/Src/stm32g4xx_hal_rcc.c.obj
LOAD CMakeFiles/DRIVE_CMAKE.elf.dir/Drivers/STM32G4xx_HAL_Driver/Src/stm32g4xx_hal_rcc_ex.c.obj
LOAD CMakeFiles/DRIVE_CMAKE.elf.dir/Drivers/STM32G4xx_HAL_Driver/Src/stm32g4xx_hal_spi.c.obj
LOAD CMakeFiles/DRIVE_CMAKE.elf.dir/Drivers/STM32G4xx_HAL_Driver/Src/stm32g4xx_hal_spi_ex.c.obj
LOAD CMakeFiles/DRIVE_CMAKE.elf.dir/Drivers/STM32G4xx_HAL_Driver/Src/stm32g4xx_hal_tim.c.obj
LOAD CMakeFiles/DRIVE_CMAKE.elf.dir/Drivers/STM32G4xx_HAL_Driver/Src/stm32g4xx_hal_tim_ex.c.obj
LOAD CMakeFiles/DRIVE_CMAKE.elf.dir/Drivers/STM32G4xx_HAL_Driver/Src/stm32g4xx_ll_adc.c.obj
LOAD CMakeFiles/DRIVE_CMAKE.elf.dir/Drivers/STM32G4xx_HAL_Driver/Src/stm32g4xx_ll_usb.c.obj
LOAD CMakeFiles/DRIVE_CMAKE.elf.dir/Foc/core/Src/current_sense.cpp.obj
LOAD CMakeFiles/DRIVE_CMAKE.elf.dir/Foc/core/Src/foc_cfg.cpp.obj
LOAD CMakeFiles/DRIVE_CMAKE.elf.dir/Foc/core/Src/foc_ctrl.cpp.obj
LOAD CMakeFiles/DRIVE_CMAKE.elf.dir/Foc/core/Src/foc_identify.c.obj
LOAD CMakeFiles/DRIVE_CMAKE.elf.dir/Foc/core/Src/foc_math.cpp.obj
LOAD CMakeFiles/DRIVE_CMAKE.elf.dir/Foc/encoder/Src/as5047p.c.obj
LOAD CMakeFiles/DRIVE_CMAKE.elf.dir/Foc/encoder/Src/calibration.c.obj
LOAD CMakeFiles/DRIVE_CMAKE.elf.dir/Foc/encoder/Src/encoder.cpp.obj
LOAD CMakeFiles/DRIVE_CMAKE.elf.dir/Foc/encoder/Src/encoder_proc.c.obj
LOAD CMakeFiles/DRIVE_CMAKE.elf.dir/Foc/utils/Src/filters.cpp.obj
LOAD CMakeFiles/DRIVE_CMAKE.elf.dir/Foc/utils/Src/pid.c.obj
LOAD CMakeFiles/DRIVE_CMAKE.elf.dir/Foc/utils/Src/util.c.obj
LOAD CMakeFiles/DRIVE_CMAKE.elf.dir/Foc/utils/Src/vofa.c.obj
LOAD CMakeFiles/DRIVE_CMAKE.elf.dir/Middlewares/ST/STM32_USB_Device_Library/Class/CDC/Src/usbd_cdc.c.obj
LOAD CMakeFiles/DRIVE_CMAKE.elf.dir/Middlewares/ST/STM32_USB_Device_Library/Core/Src/usbd_core.c.obj
LOAD CMakeFiles/DRIVE_CMAKE.elf.dir/Middlewares/ST/STM32_USB_Device_Library/Core/Src/usbd_ctlreq.c.obj
LOAD CMakeFiles/DRIVE_CMAKE.elf.dir/Middlewares/ST/STM32_USB_Device_Library/Core/Src/usbd_ioreq.c.obj
LOAD CMakeFiles/DRIVE_CMAKE.elf.dir/Mine/Src/McuDevicePort.c.obj
LOAD CMakeFiles/DRIVE_CMAKE.elf.dir/Mine/Src/key.c.obj
LOAD CMakeFiles/DRIVE_CMAKE.elf.dir/Mine/Src/oled_iic_cfg.c.obj
LOAD CMakeFiles/DRIVE_CMAKE.elf.dir/Mine/Src/oled_iic_show.c.obj
LOAD CMakeFiles/DRIVE_CMAKE.elf.dir/USB_Device/App/usb_device.c.obj
LOAD CMakeFiles/DRIVE_CMAKE.elf.dir/USB_Device/App/usbd_cdc_if.c.obj
LOAD CMakeFiles/DRIVE_CMAKE.elf.dir/USB_Device/App/usbd_desc.c.obj
LOAD CMakeFiles/DRIVE_CMAKE.elf.dir/USB_Device/Target/usbd_conf.c.obj
LOAD g:/embedded_config/10 2021.10/bin/../lib/gcc/arm-none-eabi/10.3.1/../../../../arm-none-eabi/lib/thumb/v7e-m+fp/hard\libstdc++.a
LOAD g:/embedded_config/10 2021.10/bin/../lib/gcc/arm-none-eabi/10.3.1/../../../../arm-none-eabi/lib/thumb/v7e-m+fp/hard\libm.a
START GROUP
LOAD g:/embedded_config/10 2021.10/bin/../lib/gcc/arm-none-eabi/10.3.1/thumb/v7e-m+fp/hard\libgcc.a
LOAD g:/embedded_config/10 2021.10/bin/../lib/gcc/arm-none-eabi/10.3.1/../../../../arm-none-eabi/lib/thumb/v7e-m+fp/hard\libg.a
LOAD g:/embedded_config/10 2021.10/bin/../lib/gcc/arm-none-eabi/10.3.1/../../../../arm-none-eabi/lib/thumb/v7e-m+fp/hard\libc.a
END GROUP
LOAD g:/embedded_config/10 2021.10/bin/../lib/gcc/arm-none-eabi/10.3.1/thumb/v7e-m+fp/hard/crtend.o
LOAD g:/embedded_config/10 2021.10/bin/../lib/gcc/arm-none-eabi/10.3.1/thumb/v7e-m+fp/hard/crtn.o
                0x20020000                _estack = (ORIGIN (RAM) + LENGTH (RAM))
                0x00000200                _Min_Heap_Size = 0x200
                0x00000400                _Min_Stack_Size = 0x400

.isr_vector     0x08000000      0x1d8
                0x08000000                . = ALIGN (0x4)
 *(.isr_vector)
 .isr_vector    0x08000000      0x1d8 CMakeFiles/DRIVE_CMAKE.elf.dir/Core/Startup/startup_stm32g474rbtx.s.obj
                0x08000000                g_pfnVectors
                0x080001d8                . = ALIGN (0x4)

.text           0x080001e0     0xc7c0
                0x080001e0                . = ALIGN (0x4)
 *(.text)
 .text          0x080001e0       0x40 g:/embedded_config/10 2021.10/bin/../lib/gcc/arm-none-eabi/10.3.1/thumb/v7e-m+fp/hard/crtbegin.o
 .text          0x08000220      0x378 g:/embedded_config/10 2021.10/bin/../lib/gcc/arm-none-eabi/10.3.1/thumb/v7e-m+fp/hard\libgcc.a(_arm_addsubdf3.o)
                0x08000220                __aeabi_drsub
                0x08000228                __aeabi_dsub
                0x08000228                __subdf3
                0x0800022c                __aeabi_dadd
                0x0800022c                __adddf3
                0x080004a4                __floatunsidf
                0x080004a4                __aeabi_ui2d
                0x080004c4                __floatsidf
                0x080004c4                __aeabi_i2d
                0x080004e8                __aeabi_f2d
                0x080004e8                __extendsfdf2
                0x0800052c                __floatundidf
                0x0800052c                __aeabi_ul2d
                0x0800053c                __floatdidf
                0x0800053c                __aeabi_l2d
 .text          0x08000598       0xa0 g:/embedded_config/10 2021.10/bin/../lib/gcc/arm-none-eabi/10.3.1/thumb/v7e-m+fp/hard\libgcc.a(_arm_truncdfsf2.o)
                0x08000598                __truncdfsf2
                0x08000598                __aeabi_d2f
 .text          0x08000638      0x9d8 g:/embedded_config/10 2021.10/bin/../lib/gcc/arm-none-eabi/10.3.1/thumb/v7e-m+fp/hard\libgcc.a(unwind-arm.o)
                0x080008e0                _Unwind_GetCFA
                0x080008e4                __gnu_Unwind_RaiseException
                0x0800094c                __gnu_Unwind_ForcedUnwind
                0x0800095c                __gnu_Unwind_Resume
                0x080009a0                __gnu_Unwind_Resume_or_Rethrow
                0x080009b0                _Unwind_Complete
                0x080009b4                _Unwind_DeleteException
                0x080009c0                _Unwind_VRS_Get
                0x08000a0c                _Unwind_VRS_Set
                0x08000a54                __gnu_Unwind_Backtrace
                0x08000d80                __aeabi_unwind_cpp_pr0
                0x08000d84                __aeabi_unwind_cpp_pr1
                0x08000d88                __aeabi_unwind_cpp_pr2
                0x08000d8c                _Unwind_VRS_Pop
 .text          0x08001010      0x1ac g:/embedded_config/10 2021.10/bin/../lib/gcc/arm-none-eabi/10.3.1/thumb/v7e-m+fp/hard\libgcc.a(libunwind.o)
                0x08001010                __restore_core_regs
                0x08001010                restore_core_regs
                0x08001028                __gnu_Unwind_Restore_VFP
                0x08001030                __gnu_Unwind_Save_VFP
                0x08001038                __gnu_Unwind_Restore_VFP_D
                0x08001040                __gnu_Unwind_Save_VFP_D
                0x08001048                __gnu_Unwind_Restore_VFP_D_16_to_31
                0x08001050                __gnu_Unwind_Save_VFP_D_16_to_31
                0x08001058                __gnu_Unwind_Restore_WMMXD
                0x0800109c                __gnu_Unwind_Save_WMMXD
                0x080010e0                __gnu_Unwind_Restore_WMMXC
                0x080010f4                __gnu_Unwind_Save_WMMXC
                0x08001108                ___Unwind_RaiseException
                0x08001108                _Unwind_RaiseException
                0x0800112c                _Unwind_Resume
                0x0800112c                ___Unwind_Resume
                0x08001150                _Unwind_Resume_or_Rethrow
                0x08001150                ___Unwind_Resume_or_Rethrow
                0x08001174                _Unwind_ForcedUnwind
                0x08001174                ___Unwind_ForcedUnwind
                0x08001198                ___Unwind_Backtrace
                0x08001198                _Unwind_Backtrace
 .text          0x080011bc      0x350 g:/embedded_config/10 2021.10/bin/../lib/gcc/arm-none-eabi/10.3.1/thumb/v7e-m+fp/hard\libgcc.a(pr-support.o)
                0x08001214                __gnu_unwind_execute
                0x080014c0                __gnu_unwind_frame
                0x080014ec                _Unwind_GetRegionStart
                0x080014f8                _Unwind_GetLanguageSpecificData
 .text          0x0800150c      0x134 g:/embedded_config/10 2021.10/bin/../lib/gcc/arm-none-eabi/10.3.1/../../../../arm-none-eabi/lib/thumb/v7e-m+fp/hard\libg.a(lib_a-memcpy.o)
                0x0800150c                memcpy
 .text          0x08001640      0x2dc g:/embedded_config/10 2021.10/bin/../lib/gcc/arm-none-eabi/10.3.1/../../../../arm-none-eabi/lib/thumb/v7e-m+fp/hard\libg.a(lib_a-strcmp.o)
                0x08001648                strcmp
 *(.text*)
 .text.CAN_Filter_Init
                0x0800191c       0x48 CMakeFiles/DRIVE_CMAKE.elf.dir/BSP/Src/drive_can.c.obj
                0x0800191c                CAN_Filter_Init
 .text.CAN_Init
                0x08001964       0x84 CMakeFiles/DRIVE_CMAKE.elf.dir/BSP/Src/drive_can.c.obj
                0x08001964                CAN_Init
 .text.HAL_FDCAN_RxFifo0Callback
                0x080019e8       0x64 CMakeFiles/DRIVE_CMAKE.elf.dir/BSP/Src/drive_can.c.obj
                0x080019e8                HAL_FDCAN_RxFifo0Callback
 .text.HAL_FDCAN_RxFifo1Callback
                0x08001a4c       0x64 CMakeFiles/DRIVE_CMAKE.elf.dir/BSP/Src/drive_can.c.obj
                0x08001a4c                HAL_FDCAN_RxFifo1Callback
 .text.MX_ADC1_Init
                0x08001ab0       0xf4 CMakeFiles/DRIVE_CMAKE.elf.dir/Core/Src/adc.c.obj
                0x08001ab0                MX_ADC1_Init
 .text.MX_ADC2_Init
                0x08001ba4       0xb8 CMakeFiles/DRIVE_CMAKE.elf.dir/Core/Src/adc.c.obj
                0x08001ba4                MX_ADC2_Init
 .text.HAL_ADC_MspInit
                0x08001c5c      0x114 CMakeFiles/DRIVE_CMAKE.elf.dir/Core/Src/adc.c.obj
                0x08001c5c                HAL_ADC_MspInit
 .text.MX_FDCAN2_Init
                0x08001d70       0x4c CMakeFiles/DRIVE_CMAKE.elf.dir/Core/Src/fdcan.c.obj
                0x08001d70                MX_FDCAN2_Init
 .text.HAL_FDCAN_MspInit
                0x08001dbc       0xa4 CMakeFiles/DRIVE_CMAKE.elf.dir/Core/Src/fdcan.c.obj
                0x08001dbc                HAL_FDCAN_MspInit
 .text.MX_GPIO_Init
                0x08001e60       0xbc CMakeFiles/DRIVE_CMAKE.elf.dir/Core/Src/gpio.c.obj
                0x08001e60                MX_GPIO_Init
 .text.MX_I2C1_Init
                0x08001f1c       0x70 CMakeFiles/DRIVE_CMAKE.elf.dir/Core/Src/i2c.c.obj
                0x08001f1c                MX_I2C1_Init
 .text.HAL_I2C_MspInit
                0x08001f8c       0xb4 CMakeFiles/DRIVE_CMAKE.elf.dir/Core/Src/i2c.c.obj
                0x08001f8c                HAL_I2C_MspInit
 .text.SystemClock_Config
                0x08002040       0x74 CMakeFiles/DRIVE_CMAKE.elf.dir/Core/Src/main.cpp.obj
                0x08002040                SystemClock_Config
 .text.startup.main
                0x080020b4       0x8c CMakeFiles/DRIVE_CMAKE.elf.dir/Core/Src/main.cpp.obj
                0x080020b4                main
 .text.Error_Handler
                0x08002140        0x4 CMakeFiles/DRIVE_CMAKE.elf.dir/Core/Src/main.cpp.obj
                0x08002140                Error_Handler
 .text.MX_SPI1_Init
                0x08002144       0x50 CMakeFiles/DRIVE_CMAKE.elf.dir/Core/Src/spi.c.obj
                0x08002144                MX_SPI1_Init
 .text.HAL_SPI_MspInit
                0x08002194       0x68 CMakeFiles/DRIVE_CMAKE.elf.dir/Core/Src/spi.c.obj
                0x08002194                HAL_SPI_MspInit
 .text.HAL_MspInit
                0x080021fc       0x34 CMakeFiles/DRIVE_CMAKE.elf.dir/Core/Src/stm32g4xx_hal_msp.c.obj
                0x080021fc                HAL_MspInit
 .text.NMI_Handler
                0x08002230        0x8 CMakeFiles/DRIVE_CMAKE.elf.dir/Core/Src/stm32g4xx_it.c.obj
                0x08002230                NMI_Handler
 .text.HardFault_Handler
                0x08002238        0x4 CMakeFiles/DRIVE_CMAKE.elf.dir/Core/Src/stm32g4xx_it.c.obj
                0x08002238                HardFault_Handler
 .text.MemManage_Handler
                0x0800223c        0x4 CMakeFiles/DRIVE_CMAKE.elf.dir/Core/Src/stm32g4xx_it.c.obj
                0x0800223c                MemManage_Handler
 .text.BusFault_Handler
                0x08002240        0x4 CMakeFiles/DRIVE_CMAKE.elf.dir/Core/Src/stm32g4xx_it.c.obj
                0x08002240                BusFault_Handler
 .text.UsageFault_Handler
                0x08002244        0x4 CMakeFiles/DRIVE_CMAKE.elf.dir/Core/Src/stm32g4xx_it.c.obj
                0x08002244                UsageFault_Handler
 .text.SVC_Handler
                0x08002248        0x4 CMakeFiles/DRIVE_CMAKE.elf.dir/Core/Src/stm32g4xx_it.c.obj
                0x08002248                SVC_Handler
 .text.DebugMon_Handler
                0x0800224c        0x4 CMakeFiles/DRIVE_CMAKE.elf.dir/Core/Src/stm32g4xx_it.c.obj
                0x0800224c                DebugMon_Handler
 .text.PendSV_Handler
                0x08002250        0x4 CMakeFiles/DRIVE_CMAKE.elf.dir/Core/Src/stm32g4xx_it.c.obj
                0x08002250                PendSV_Handler
 .text.SysTick_Handler
                0x08002254        0x4 CMakeFiles/DRIVE_CMAKE.elf.dir/Core/Src/stm32g4xx_it.c.obj
                0x08002254                SysTick_Handler
 .text.ADC1_2_IRQHandler
                0x08002258       0x1c CMakeFiles/DRIVE_CMAKE.elf.dir/Core/Src/stm32g4xx_it.c.obj
                0x08002258                ADC1_2_IRQHandler
 .text.USB_LP_IRQHandler
                0x08002274        0xc CMakeFiles/DRIVE_CMAKE.elf.dir/Core/Src/stm32g4xx_it.c.obj
                0x08002274                USB_LP_IRQHandler
 .text.TIM1_UP_TIM16_IRQHandler
                0x08002280       0x20 CMakeFiles/DRIVE_CMAKE.elf.dir/Core/Src/stm32g4xx_it.c.obj
                0x08002280                TIM1_UP_TIM16_IRQHandler
 .text.TIM2_IRQHandler
                0x080022a0       0x14 CMakeFiles/DRIVE_CMAKE.elf.dir/Core/Src/stm32g4xx_it.c.obj
                0x080022a0                TIM2_IRQHandler
 .text.TIM8_UP_IRQHandler
                0x080022b4        0xc CMakeFiles/DRIVE_CMAKE.elf.dir/Core/Src/stm32g4xx_it.c.obj
                0x080022b4                TIM8_UP_IRQHandler
 .text.FDCAN2_IT0_IRQHandler
                0x080022c0        0xc CMakeFiles/DRIVE_CMAKE.elf.dir/Core/Src/stm32g4xx_it.c.obj
                0x080022c0                FDCAN2_IT0_IRQHandler
 .text._getpid  0x080022cc        0x4 CMakeFiles/DRIVE_CMAKE.elf.dir/Core/Src/syscalls.c.obj
                0x080022cc                _getpid
 .text._kill    0x080022d0       0x10 CMakeFiles/DRIVE_CMAKE.elf.dir/Core/Src/syscalls.c.obj
                0x080022d0                _kill
 .text._exit    0x080022e0        0xc CMakeFiles/DRIVE_CMAKE.elf.dir/Core/Src/syscalls.c.obj
                0x080022e0                _exit
 .text._sbrk    0x080022ec       0x44 CMakeFiles/DRIVE_CMAKE.elf.dir/Core/Src/sysmem.c.obj
                0x080022ec                _sbrk
 .text.SystemInit
                0x08002330       0x14 CMakeFiles/DRIVE_CMAKE.elf.dir/Core/Src/system_stm32g4xx.c.obj
                0x08002330                SystemInit
 .text.MX_TIM1_Init
                0x08002344       0x6c CMakeFiles/DRIVE_CMAKE.elf.dir/Core/Src/tim.c.obj
                0x08002344                MX_TIM1_Init
 .text.MX_TIM2_Init
                0x080023b0       0x70 CMakeFiles/DRIVE_CMAKE.elf.dir/Core/Src/tim.c.obj
                0x080023b0                MX_TIM2_Init
 .text.MX_TIM16_Init
                0x08002420       0x34 CMakeFiles/DRIVE_CMAKE.elf.dir/Core/Src/tim.c.obj
                0x08002420                MX_TIM16_Init
 .text.HAL_TIM_Encoder_MspInit
                0x08002454       0x74 CMakeFiles/DRIVE_CMAKE.elf.dir/Core/Src/tim.c.obj
                0x08002454                HAL_TIM_Encoder_MspInit
 .text.HAL_TIM_Base_MspInit
                0x080024c8       0x78 CMakeFiles/DRIVE_CMAKE.elf.dir/Core/Src/tim.c.obj
                0x080024c8                HAL_TIM_Base_MspInit
 .text.HAL_TIM_PWM_MspInit
                0x08002540       0x40 CMakeFiles/DRIVE_CMAKE.elf.dir/Core/Src/tim.c.obj
                0x08002540                HAL_TIM_PWM_MspInit
 .text.HAL_TIM_MspPostInit
                0x08002580       0x5c CMakeFiles/DRIVE_CMAKE.elf.dir/Core/Src/tim.c.obj
                0x08002580                HAL_TIM_MspPostInit
 .text.MX_TIM8_Init
                0x080025dc      0x14c CMakeFiles/DRIVE_CMAKE.elf.dir/Core/Src/tim.c.obj
                0x080025dc                MX_TIM8_Init
 .text.Reset_Handler
                0x08002728       0x50 CMakeFiles/DRIVE_CMAKE.elf.dir/Core/Startup/startup_stm32g474rbtx.s.obj
                0x08002728                Reset_Handler
 .text.Default_Handler
                0x08002778        0x2 CMakeFiles/DRIVE_CMAKE.elf.dir/Core/Startup/startup_stm32g474rbtx.s.obj
                0x08002778                RTC_Alarm_IRQHandler
                0x08002778                EXTI2_IRQHandler
                0x08002778                TIM8_TRG_COM_IRQHandler
                0x08002778                TIM8_CC_IRQHandler
                0x08002778                HRTIM1_Master_IRQHandler
                0x08002778                SPI4_IRQHandler
                0x08002778                FDCAN3_IT0_IRQHandler
                0x08002778                TIM1_CC_IRQHandler
                0x08002778                HRTIM1_FLT_IRQHandler
                0x08002778                HRTIM1_TIMF_IRQHandler
                0x08002778                USB_HP_IRQHandler
                0x08002778                CORDIC_IRQHandler
                0x08002778                HRTIM1_TIMD_IRQHandler
                0x08002778                DMA2_Channel8_IRQHandler
                0x08002778                EXTI3_IRQHandler
                0x08002778                I2C3_ER_IRQHandler
                0x08002778                EXTI0_IRQHandler
                0x08002778                I2C2_EV_IRQHandler
                0x08002778                FPU_IRQHandler
                0x08002778                FDCAN1_IT1_IRQHandler
                0x08002778                HRTIM1_TIME_IRQHandler
                0x08002778                SPI1_IRQHandler
                0x08002778                TIM6_DAC_IRQHandler
                0x08002778                HRTIM1_TIMC_IRQHandler
                0x08002778                DMA2_Channel2_IRQHandler
                0x08002778                DMA1_Channel4_IRQHandler
                0x08002778                TIM20_TRG_COM_IRQHandler
                0x08002778                USART3_IRQHandler
                0x08002778                DMA1_Channel7_IRQHandler
                0x08002778                UART5_IRQHandler
                0x08002778                ADC3_IRQHandler
                0x08002778                TIM4_IRQHandler
                0x08002778                DMA2_Channel1_IRQHandler
                0x08002778                QUADSPI_IRQHandler
                0x08002778                I2C1_EV_IRQHandler
                0x08002778                DMA1_Channel6_IRQHandler
                0x08002778                UART4_IRQHandler
                0x08002778                DMA2_Channel4_IRQHandler
                0x08002778                TIM3_IRQHandler
                0x08002778                RCC_IRQHandler
                0x08002778                TIM20_UP_IRQHandler
                0x08002778                DMA1_Channel1_IRQHandler
                0x08002778                Default_Handler
                0x08002778                DMA2_Channel7_IRQHandler
                0x08002778                RTC_TAMP_LSECSS_IRQHandler
                0x08002778                FMAC_IRQHandler
                0x08002778                EXTI15_10_IRQHandler
                0x08002778                DMA1_Channel8_IRQHandler
                0x08002778                HRTIM1_TIMA_IRQHandler
                0x08002778                TIM7_DAC_IRQHandler
                0x08002778                FDCAN3_IT1_IRQHandler
                0x08002778                TIM5_IRQHandler
                0x08002778                UCPD1_IRQHandler
                0x08002778                I2C3_EV_IRQHandler
                0x08002778                EXTI9_5_IRQHandler
                0x08002778                RTC_WKUP_IRQHandler
                0x08002778                PVD_PVM_IRQHandler
                0x08002778                SPI2_IRQHandler
                0x08002778                ADC5_IRQHandler
                0x08002778                DMA2_Channel5_IRQHandler
                0x08002778                CRS_IRQHandler
                0x08002778                DMA1_Channel5_IRQHandler
                0x08002778                EXTI4_IRQHandler
                0x08002778                RNG_IRQHandler
                0x08002778                HRTIM1_TIMB_IRQHandler
                0x08002778                TIM1_TRG_COM_TIM17_IRQHandler
                0x08002778                FDCAN2_IT1_IRQHandler
                0x08002778                DMA1_Channel3_IRQHandler
                0x08002778                ADC4_IRQHandler
                0x08002778                WWDG_IRQHandler
                0x08002778                I2C4_EV_IRQHandler
                0x08002778                LPUART1_IRQHandler
                0x08002778                DMA2_Channel6_IRQHandler
                0x08002778                FDCAN1_IT0_IRQHandler
                0x08002778                COMP7_IRQHandler
                0x08002778                COMP1_2_3_IRQHandler
                0x08002778                EXTI1_IRQHandler
                0x08002778                USART2_IRQHandler
                0x08002778                COMP4_5_6_IRQHandler
                0x08002778                TIM20_BRK_IRQHandler
                0x08002778                I2C2_ER_IRQHandler
                0x08002778                DMA1_Channel2_IRQHandler
                0x08002778                TIM8_BRK_IRQHandler
                0x08002778                FLASH_IRQHandler
                0x08002778                TIM20_CC_IRQHandler
                0x08002778                USART1_IRQHandler
                0x08002778                SPI3_IRQHandler
                0x08002778                I2C1_ER_IRQHandler
                0x08002778                FMC_IRQHandler
                0x08002778                LPTIM1_IRQHandler
                0x08002778                DMAMUX_OVR_IRQHandler
                0x08002778                I2C4_ER_IRQHandler
                0x08002778                USBWakeUp_IRQHandler
                0x08002778                SAI1_IRQHandler
                0x08002778                DMA2_Channel3_IRQHandler
                0x08002778                TIM1_BRK_TIM15_IRQHandler
 *fill*         0x0800277a        0x2 
 .text.HAL_InitTick
                0x0800277c       0x4c CMakeFiles/DRIVE_CMAKE.elf.dir/Drivers/STM32G4xx_HAL_Driver/Src/stm32g4xx_hal.c.obj
                0x0800277c                HAL_InitTick
 .text.HAL_Init
                0x080027c8       0x20 CMakeFiles/DRIVE_CMAKE.elf.dir/Drivers/STM32G4xx_HAL_Driver/Src/stm32g4xx_hal.c.obj
                0x080027c8                HAL_Init
 .text.HAL_IncTick
                0x080027e8       0x18 CMakeFiles/DRIVE_CMAKE.elf.dir/Drivers/STM32G4xx_HAL_Driver/Src/stm32g4xx_hal.c.obj
                0x080027e8                HAL_IncTick
 .text.HAL_GetTick
                0x08002800        0xc CMakeFiles/DRIVE_CMAKE.elf.dir/Drivers/STM32G4xx_HAL_Driver/Src/stm32g4xx_hal.c.obj
                0x08002800                HAL_GetTick
 .text.HAL_Delay
                0x0800280c       0x24 CMakeFiles/DRIVE_CMAKE.elf.dir/Drivers/STM32G4xx_HAL_Driver/Src/stm32g4xx_hal.c.obj
                0x0800280c                HAL_Delay
 .text.HAL_ADC_Init
                0x08002830      0x24c CMakeFiles/DRIVE_CMAKE.elf.dir/Drivers/STM32G4xx_HAL_Driver/Src/stm32g4xx_hal_adc.c.obj
                0x08002830                HAL_ADC_Init
 .text.HAL_ADC_ConvCpltCallback
                0x08002a7c        0x4 CMakeFiles/DRIVE_CMAKE.elf.dir/Drivers/STM32G4xx_HAL_Driver/Src/stm32g4xx_hal_adc.c.obj
                0x08002a7c                HAL_ADC_ConvCpltCallback
 .text.HAL_ADC_LevelOutOfWindowCallback
                0x08002a80        0x4 CMakeFiles/DRIVE_CMAKE.elf.dir/Drivers/STM32G4xx_HAL_Driver/Src/stm32g4xx_hal_adc.c.obj
                0x08002a80                HAL_ADC_LevelOutOfWindowCallback
 .text.HAL_ADC_ErrorCallback
                0x08002a84        0x4 CMakeFiles/DRIVE_CMAKE.elf.dir/Drivers/STM32G4xx_HAL_Driver/Src/stm32g4xx_hal_adc.c.obj
                0x08002a84                HAL_ADC_ErrorCallback
 .text.HAL_ADC_IRQHandler
                0x08002a88      0x2b4 CMakeFiles/DRIVE_CMAKE.elf.dir/Drivers/STM32G4xx_HAL_Driver/Src/stm32g4xx_hal_adc.c.obj
                0x08002a88                HAL_ADC_IRQHandler
 .text.ADC_Enable
                0x08002d3c       0xe0 CMakeFiles/DRIVE_CMAKE.elf.dir/Drivers/STM32G4xx_HAL_Driver/Src/stm32g4xx_hal_adc.c.obj
                0x08002d3c                ADC_Enable
 .text.ADC_Disable
                0x08002e1c       0x74 CMakeFiles/DRIVE_CMAKE.elf.dir/Drivers/STM32G4xx_HAL_Driver/Src/stm32g4xx_hal_adc.c.obj
                0x08002e1c                ADC_Disable
 .text.HAL_ADCEx_Calibration_Start
                0x08002e90       0x9c CMakeFiles/DRIVE_CMAKE.elf.dir/Drivers/STM32G4xx_HAL_Driver/Src/stm32g4xx_hal_adc_ex.c.obj
                0x08002e90                HAL_ADCEx_Calibration_Start
 .text.HAL_ADCEx_InjectedStart
                0x08002f2c       0xfc CMakeFiles/DRIVE_CMAKE.elf.dir/Drivers/STM32G4xx_HAL_Driver/Src/stm32g4xx_hal_adc_ex.c.obj
                0x08002f2c                HAL_ADCEx_InjectedStart
 .text.HAL_ADCEx_InjectedStart_IT
                0x08003028      0x130 CMakeFiles/DRIVE_CMAKE.elf.dir/Drivers/STM32G4xx_HAL_Driver/Src/stm32g4xx_hal_adc_ex.c.obj
                0x08003028                HAL_ADCEx_InjectedStart_IT
 .text.HAL_ADCEx_InjectedQueueOverflowCallback
                0x08003158        0x4 CMakeFiles/DRIVE_CMAKE.elf.dir/Drivers/STM32G4xx_HAL_Driver/Src/stm32g4xx_hal_adc_ex.c.obj
                0x08003158                HAL_ADCEx_InjectedQueueOverflowCallback
 .text.HAL_ADCEx_LevelOutOfWindow2Callback
                0x0800315c        0x4 CMakeFiles/DRIVE_CMAKE.elf.dir/Drivers/STM32G4xx_HAL_Driver/Src/stm32g4xx_hal_adc_ex.c.obj
                0x0800315c                HAL_ADCEx_LevelOutOfWindow2Callback
 .text.HAL_ADCEx_LevelOutOfWindow3Callback
                0x08003160        0x4 CMakeFiles/DRIVE_CMAKE.elf.dir/Drivers/STM32G4xx_HAL_Driver/Src/stm32g4xx_hal_adc_ex.c.obj
                0x08003160                HAL_ADCEx_LevelOutOfWindow3Callback
 .text.HAL_ADCEx_EndOfSamplingCallback
                0x08003164        0x4 CMakeFiles/DRIVE_CMAKE.elf.dir/Drivers/STM32G4xx_HAL_Driver/Src/stm32g4xx_hal_adc_ex.c.obj
                0x08003164                HAL_ADCEx_EndOfSamplingCallback
 .text.HAL_ADCEx_InjectedConfigChannel
                0x08003168      0x65c CMakeFiles/DRIVE_CMAKE.elf.dir/Drivers/STM32G4xx_HAL_Driver/Src/stm32g4xx_hal_adc_ex.c.obj
                0x08003168                HAL_ADCEx_InjectedConfigChannel
 .text.HAL_ADCEx_MultiModeConfigChannel
                0x080037c4      0x164 CMakeFiles/DRIVE_CMAKE.elf.dir/Drivers/STM32G4xx_HAL_Driver/Src/stm32g4xx_hal_adc_ex.c.obj
                0x080037c4                HAL_ADCEx_MultiModeConfigChannel
 .text.HAL_NVIC_SetPriorityGrouping
                0x08003928       0x24 CMakeFiles/DRIVE_CMAKE.elf.dir/Drivers/STM32G4xx_HAL_Driver/Src/stm32g4xx_hal_cortex.c.obj
                0x08003928                HAL_NVIC_SetPriorityGrouping
 .text.HAL_NVIC_SetPriority
                0x0800394c       0x7c CMakeFiles/DRIVE_CMAKE.elf.dir/Drivers/STM32G4xx_HAL_Driver/Src/stm32g4xx_hal_cortex.c.obj
                0x0800394c                HAL_NVIC_SetPriority
 .text.HAL_NVIC_EnableIRQ
                0x080039c8       0x1c CMakeFiles/DRIVE_CMAKE.elf.dir/Drivers/STM32G4xx_HAL_Driver/Src/stm32g4xx_hal_cortex.c.obj
                0x080039c8                HAL_NVIC_EnableIRQ
 .text.HAL_SYSTICK_Config
                0x080039e4       0x34 CMakeFiles/DRIVE_CMAKE.elf.dir/Drivers/STM32G4xx_HAL_Driver/Src/stm32g4xx_hal_cortex.c.obj
                0x080039e4                HAL_SYSTICK_Config
 .text.HAL_FDCAN_Init
                0x08003a18      0x274 CMakeFiles/DRIVE_CMAKE.elf.dir/Drivers/STM32G4xx_HAL_Driver/Src/stm32g4xx_hal_fdcan.c.obj
                0x08003a18                HAL_FDCAN_Init
 .text.HAL_FDCAN_ConfigFilter
                0x08003c8c       0x64 CMakeFiles/DRIVE_CMAKE.elf.dir/Drivers/STM32G4xx_HAL_Driver/Src/stm32g4xx_hal_fdcan.c.obj
                0x08003c8c                HAL_FDCAN_ConfigFilter
 .text.HAL_FDCAN_Start
                0x08003cf0       0x30 CMakeFiles/DRIVE_CMAKE.elf.dir/Drivers/STM32G4xx_HAL_Driver/Src/stm32g4xx_hal_fdcan.c.obj
                0x08003cf0                HAL_FDCAN_Start
 .text.HAL_FDCAN_GetRxMessage
                0x08003d20      0x144 CMakeFiles/DRIVE_CMAKE.elf.dir/Drivers/STM32G4xx_HAL_Driver/Src/stm32g4xx_hal_fdcan.c.obj
                0x08003d20                HAL_FDCAN_GetRxMessage
 .text.HAL_FDCAN_ActivateNotification
                0x08003e64       0xe8 CMakeFiles/DRIVE_CMAKE.elf.dir/Drivers/STM32G4xx_HAL_Driver/Src/stm32g4xx_hal_fdcan.c.obj
                0x08003e64                HAL_FDCAN_ActivateNotification
 .text.HAL_FDCAN_TxEventFifoCallback
                0x08003f4c        0x4 CMakeFiles/DRIVE_CMAKE.elf.dir/Drivers/STM32G4xx_HAL_Driver/Src/stm32g4xx_hal_fdcan.c.obj
                0x08003f4c                HAL_FDCAN_TxEventFifoCallback
 .text.HAL_FDCAN_TxFifoEmptyCallback
                0x08003f50        0x4 CMakeFiles/DRIVE_CMAKE.elf.dir/Drivers/STM32G4xx_HAL_Driver/Src/stm32g4xx_hal_fdcan.c.obj
                0x08003f50                HAL_FDCAN_TxFifoEmptyCallback
 .text.HAL_FDCAN_TxBufferCompleteCallback
                0x08003f54        0x4 CMakeFiles/DRIVE_CMAKE.elf.dir/Drivers/STM32G4xx_HAL_Driver/Src/stm32g4xx_hal_fdcan.c.obj
                0x08003f54                HAL_FDCAN_TxBufferCompleteCallback
 .text.HAL_FDCAN_TxBufferAbortCallback
                0x08003f58        0x4 CMakeFiles/DRIVE_CMAKE.elf.dir/Drivers/STM32G4xx_HAL_Driver/Src/stm32g4xx_hal_fdcan.c.obj
                0x08003f58                HAL_FDCAN_TxBufferAbortCallback
 .text.HAL_FDCAN_TimestampWraparoundCallback
                0x08003f5c        0x4 CMakeFiles/DRIVE_CMAKE.elf.dir/Drivers/STM32G4xx_HAL_Driver/Src/stm32g4xx_hal_fdcan.c.obj
                0x08003f5c                HAL_FDCAN_TimestampWraparoundCallback
 .text.HAL_FDCAN_TimeoutOccurredCallback
                0x08003f60        0x4 CMakeFiles/DRIVE_CMAKE.elf.dir/Drivers/STM32G4xx_HAL_Driver/Src/stm32g4xx_hal_fdcan.c.obj
                0x08003f60                HAL_FDCAN_TimeoutOccurredCallback
 .text.HAL_FDCAN_HighPriorityMessageCallback
                0x08003f64        0x4 CMakeFiles/DRIVE_CMAKE.elf.dir/Drivers/STM32G4xx_HAL_Driver/Src/stm32g4xx_hal_fdcan.c.obj
                0x08003f64                HAL_FDCAN_HighPriorityMessageCallback
 .text.HAL_FDCAN_ErrorCallback
                0x08003f68        0x4 CMakeFiles/DRIVE_CMAKE.elf.dir/Drivers/STM32G4xx_HAL_Driver/Src/stm32g4xx_hal_fdcan.c.obj
                0x08003f68                HAL_FDCAN_ErrorCallback
 .text.HAL_FDCAN_ErrorStatusCallback
                0x08003f6c        0x4 CMakeFiles/DRIVE_CMAKE.elf.dir/Drivers/STM32G4xx_HAL_Driver/Src/stm32g4xx_hal_fdcan.c.obj
                0x08003f6c                HAL_FDCAN_ErrorStatusCallback
 .text.HAL_FDCAN_IRQHandler
                0x08003f70      0x188 CMakeFiles/DRIVE_CMAKE.elf.dir/Drivers/STM32G4xx_HAL_Driver/Src/stm32g4xx_hal_fdcan.c.obj
                0x08003f70                HAL_FDCAN_IRQHandler
 .text.HAL_GPIO_Init
                0x080040f8      0x1f0 CMakeFiles/DRIVE_CMAKE.elf.dir/Drivers/STM32G4xx_HAL_Driver/Src/stm32g4xx_hal_gpio.c.obj
                0x080040f8                HAL_GPIO_Init
 .text.HAL_GPIO_ReadPin
                0x080042e8        0xc CMakeFiles/DRIVE_CMAKE.elf.dir/Drivers/STM32G4xx_HAL_Driver/Src/stm32g4xx_hal_gpio.c.obj
                0x080042e8                HAL_GPIO_ReadPin
 .text.HAL_GPIO_WritePin
                0x080042f4        0xc CMakeFiles/DRIVE_CMAKE.elf.dir/Drivers/STM32G4xx_HAL_Driver/Src/stm32g4xx_hal_gpio.c.obj
                0x080042f4                HAL_GPIO_WritePin
 .text.I2C_IsErrorOccurred
                0x08004300      0x110 CMakeFiles/DRIVE_CMAKE.elf.dir/Drivers/STM32G4xx_HAL_Driver/Src/stm32g4xx_hal_i2c.c.obj
 .text.I2C_WaitOnTXISFlagUntilTimeout
                0x08004410       0x5c CMakeFiles/DRIVE_CMAKE.elf.dir/Drivers/STM32G4xx_HAL_Driver/Src/stm32g4xx_hal_i2c.c.obj
 .text.I2C_WaitOnFlagUntilTimeout
                0x0800446c       0x80 CMakeFiles/DRIVE_CMAKE.elf.dir/Drivers/STM32G4xx_HAL_Driver/Src/stm32g4xx_hal_i2c.c.obj
 .text.I2C_WaitOnSTOPFlagUntilTimeout
                0x080044ec       0x60 CMakeFiles/DRIVE_CMAKE.elf.dir/Drivers/STM32G4xx_HAL_Driver/Src/stm32g4xx_hal_i2c.c.obj
 .text.HAL_I2C_Init
                0x0800454c       0xb4 CMakeFiles/DRIVE_CMAKE.elf.dir/Drivers/STM32G4xx_HAL_Driver/Src/stm32g4xx_hal_i2c.c.obj
                0x0800454c                HAL_I2C_Init
 .text.HAL_I2C_Mem_Write
                0x08004600      0x200 CMakeFiles/DRIVE_CMAKE.elf.dir/Drivers/STM32G4xx_HAL_Driver/Src/stm32g4xx_hal_i2c.c.obj
                0x08004600                HAL_I2C_Mem_Write
 .text.HAL_I2CEx_ConfigAnalogFilter
                0x08004800       0x54 CMakeFiles/DRIVE_CMAKE.elf.dir/Drivers/STM32G4xx_HAL_Driver/Src/stm32g4xx_hal_i2c_ex.c.obj
                0x08004800                HAL_I2CEx_ConfigAnalogFilter
 .text.HAL_I2CEx_ConfigDigitalFilter
                0x08004854       0x58 CMakeFiles/DRIVE_CMAKE.elf.dir/Drivers/STM32G4xx_HAL_Driver/Src/stm32g4xx_hal_i2c_ex.c.obj
                0x08004854                HAL_I2CEx_ConfigDigitalFilter
 .text.HAL_PCD_Init
                0x080048ac       0xa8 CMakeFiles/DRIVE_CMAKE.elf.dir/Drivers/STM32G4xx_HAL_Driver/Src/stm32g4xx_hal_pcd.c.obj
                0x080048ac                HAL_PCD_Init
 .text.HAL_PCD_Start
                0x08004954       0x2c CMakeFiles/DRIVE_CMAKE.elf.dir/Drivers/STM32G4xx_HAL_Driver/Src/stm32g4xx_hal_pcd.c.obj
                0x08004954                HAL_PCD_Start
 .text.HAL_PCD_IRQHandler
                0x08004980      0xb18 CMakeFiles/DRIVE_CMAKE.elf.dir/Drivers/STM32G4xx_HAL_Driver/Src/stm32g4xx_hal_pcd.c.obj
                0x08004980                HAL_PCD_IRQHandler
 .text.HAL_PCD_SetAddress
                0x08005498       0x28 CMakeFiles/DRIVE_CMAKE.elf.dir/Drivers/STM32G4xx_HAL_Driver/Src/stm32g4xx_hal_pcd.c.obj
                0x08005498                HAL_PCD_SetAddress
 .text.HAL_PCD_EP_Open
                0x080054c0       0x70 CMakeFiles/DRIVE_CMAKE.elf.dir/Drivers/STM32G4xx_HAL_Driver/Src/stm32g4xx_hal_pcd.c.obj
                0x080054c0                HAL_PCD_EP_Open
 .text.HAL_PCD_EP_Close
                0x08005530       0x5c CMakeFiles/DRIVE_CMAKE.elf.dir/Drivers/STM32G4xx_HAL_Driver/Src/stm32g4xx_hal_pcd.c.obj
                0x08005530                HAL_PCD_EP_Close
 .text.HAL_PCD_EP_Receive
                0x0800558c       0x34 CMakeFiles/DRIVE_CMAKE.elf.dir/Drivers/STM32G4xx_HAL_Driver/Src/stm32g4xx_hal_pcd.c.obj
                0x0800558c                HAL_PCD_EP_Receive
 .text.HAL_PCD_EP_GetRxCount
                0x080055c0       0x14 CMakeFiles/DRIVE_CMAKE.elf.dir/Drivers/STM32G4xx_HAL_Driver/Src/stm32g4xx_hal_pcd.c.obj
                0x080055c0                HAL_PCD_EP_GetRxCount
 .text.HAL_PCD_EP_Transmit
                0x080055d4       0x3c CMakeFiles/DRIVE_CMAKE.elf.dir/Drivers/STM32G4xx_HAL_Driver/Src/stm32g4xx_hal_pcd.c.obj
                0x080055d4                HAL_PCD_EP_Transmit
 .text.HAL_PCD_EP_SetStall
                0x08005610       0x74 CMakeFiles/DRIVE_CMAKE.elf.dir/Drivers/STM32G4xx_HAL_Driver/Src/stm32g4xx_hal_pcd.c.obj
                0x08005610                HAL_PCD_EP_SetStall
 .text.HAL_PCD_EP_ClrStall
                0x08005684       0x70 CMakeFiles/DRIVE_CMAKE.elf.dir/Drivers/STM32G4xx_HAL_Driver/Src/stm32g4xx_hal_pcd.c.obj
                0x08005684                HAL_PCD_EP_ClrStall
 .text.HAL_PCDEx_PMAConfig
                0x080056f4       0x38 CMakeFiles/DRIVE_CMAKE.elf.dir/Drivers/STM32G4xx_HAL_Driver/Src/stm32g4xx_hal_pcd_ex.c.obj
                0x080056f4                HAL_PCDEx_PMAConfig
 .text.HAL_PCDEx_ActivateLPM
                0x0800572c       0x34 CMakeFiles/DRIVE_CMAKE.elf.dir/Drivers/STM32G4xx_HAL_Driver/Src/stm32g4xx_hal_pcd_ex.c.obj
                0x0800572c                HAL_PCDEx_ActivateLPM
 .text.HAL_PWREx_ControlVoltageScaling
                0x08005760       0xfc CMakeFiles/DRIVE_CMAKE.elf.dir/Drivers/STM32G4xx_HAL_Driver/Src/stm32g4xx_hal_pwr_ex.c.obj
                0x08005760                HAL_PWREx_ControlVoltageScaling
 .text.HAL_PWREx_DisableUCPDDeadBattery
                0x0800585c       0x10 CMakeFiles/DRIVE_CMAKE.elf.dir/Drivers/STM32G4xx_HAL_Driver/Src/stm32g4xx_hal_pwr_ex.c.obj
                0x0800585c                HAL_PWREx_DisableUCPDDeadBattery
 .text.HAL_RCC_OscConfig
                0x0800586c      0x498 CMakeFiles/DRIVE_CMAKE.elf.dir/Drivers/STM32G4xx_HAL_Driver/Src/stm32g4xx_hal_rcc.c.obj
                0x0800586c                HAL_RCC_OscConfig
 .text.HAL_RCC_GetSysClockFreq
                0x08005d04       0x70 CMakeFiles/DRIVE_CMAKE.elf.dir/Drivers/STM32G4xx_HAL_Driver/Src/stm32g4xx_hal_rcc.c.obj
                0x08005d04                HAL_RCC_GetSysClockFreq
 .text.HAL_RCC_ClockConfig
                0x08005d74      0x224 CMakeFiles/DRIVE_CMAKE.elf.dir/Drivers/STM32G4xx_HAL_Driver/Src/stm32g4xx_hal_rcc.c.obj
                0x08005d74                HAL_RCC_ClockConfig
 .text.HAL_RCC_EnableCSS
                0x08005f98       0x10 CMakeFiles/DRIVE_CMAKE.elf.dir/Drivers/STM32G4xx_HAL_Driver/Src/stm32g4xx_hal_rcc.c.obj
                0x08005f98                HAL_RCC_EnableCSS
 .text.HAL_RCC_CSSCallback
                0x08005fa8        0x4 CMakeFiles/DRIVE_CMAKE.elf.dir/Drivers/STM32G4xx_HAL_Driver/Src/stm32g4xx_hal_rcc.c.obj
                0x08005fa8                HAL_RCC_CSSCallback
 .text.HAL_RCC_NMI_IRQHandler
                0x08005fac       0x1c CMakeFiles/DRIVE_CMAKE.elf.dir/Drivers/STM32G4xx_HAL_Driver/Src/stm32g4xx_hal_rcc.c.obj
                0x08005fac                HAL_RCC_NMI_IRQHandler
 .text.HAL_RCCEx_PeriphCLKConfig
                0x08005fc8      0x310 CMakeFiles/DRIVE_CMAKE.elf.dir/Drivers/STM32G4xx_HAL_Driver/Src/stm32g4xx_hal_rcc_ex.c.obj
                0x08005fc8                HAL_RCCEx_PeriphCLKConfig
 .text.SPI_WaitFifoStateUntilTimeout.constprop.0
                0x080062d8       0xe8 CMakeFiles/DRIVE_CMAKE.elf.dir/Drivers/STM32G4xx_HAL_Driver/Src/stm32g4xx_hal_spi.c.obj
 .text.SPI_WaitFlagStateUntilTimeout.constprop.0
                0x080063c0       0xb0 CMakeFiles/DRIVE_CMAKE.elf.dir/Drivers/STM32G4xx_HAL_Driver/Src/stm32g4xx_hal_spi.c.obj
 .text.SPI_EndRxTxTransaction
                0x08006470       0x40 CMakeFiles/DRIVE_CMAKE.elf.dir/Drivers/STM32G4xx_HAL_Driver/Src/stm32g4xx_hal_spi.c.obj
 .text.HAL_SPI_Init
                0x080064b0       0xfc CMakeFiles/DRIVE_CMAKE.elf.dir/Drivers/STM32G4xx_HAL_Driver/Src/stm32g4xx_hal_spi.c.obj
                0x080064b0                HAL_SPI_Init
 .text.HAL_SPI_TransmitReceive
                0x080065ac      0x2ac CMakeFiles/DRIVE_CMAKE.elf.dir/Drivers/STM32G4xx_HAL_Driver/Src/stm32g4xx_hal_spi.c.obj
                0x080065ac                HAL_SPI_TransmitReceive
 .text.TIM_OC1_SetConfig
                0x08006858       0x80 CMakeFiles/DRIVE_CMAKE.elf.dir/Drivers/STM32G4xx_HAL_Driver/Src/stm32g4xx_hal_tim.c.obj
 .text.TIM_OC3_SetConfig
                0x080068d8       0xa0 CMakeFiles/DRIVE_CMAKE.elf.dir/Drivers/STM32G4xx_HAL_Driver/Src/stm32g4xx_hal_tim.c.obj
 .text.TIM_OC4_SetConfig
                0x08006978       0xa4 CMakeFiles/DRIVE_CMAKE.elf.dir/Drivers/STM32G4xx_HAL_Driver/Src/stm32g4xx_hal_tim.c.obj
 .text.TIM_OC5_SetConfig
                0x08006a1c       0x70 CMakeFiles/DRIVE_CMAKE.elf.dir/Drivers/STM32G4xx_HAL_Driver/Src/stm32g4xx_hal_tim.c.obj
 .text.TIM_OC6_SetConfig
                0x08006a8c       0x74 CMakeFiles/DRIVE_CMAKE.elf.dir/Drivers/STM32G4xx_HAL_Driver/Src/stm32g4xx_hal_tim.c.obj
 .text.HAL_TIM_Base_Start_IT
                0x08006b00       0x84 CMakeFiles/DRIVE_CMAKE.elf.dir/Drivers/STM32G4xx_HAL_Driver/Src/stm32g4xx_hal_tim.c.obj
                0x08006b00                HAL_TIM_Base_Start_IT
 .text.HAL_TIM_OC_Start
                0x08006b84      0x13c CMakeFiles/DRIVE_CMAKE.elf.dir/Drivers/STM32G4xx_HAL_Driver/Src/stm32g4xx_hal_tim.c.obj
                0x08006b84                HAL_TIM_OC_Start
 .text.HAL_TIM_OC_Stop
                0x08006cc0       0xd8 CMakeFiles/DRIVE_CMAKE.elf.dir/Drivers/STM32G4xx_HAL_Driver/Src/stm32g4xx_hal_tim.c.obj
                0x08006cc0                HAL_TIM_OC_Stop
 .text.HAL_TIM_PWM_Start
                0x08006d98        0x4 CMakeFiles/DRIVE_CMAKE.elf.dir/Drivers/STM32G4xx_HAL_Driver/Src/stm32g4xx_hal_tim.c.obj
                0x08006d98                HAL_TIM_PWM_Start
 .text.HAL_TIM_PWM_Stop
                0x08006d9c        0x4 CMakeFiles/DRIVE_CMAKE.elf.dir/Drivers/STM32G4xx_HAL_Driver/Src/stm32g4xx_hal_tim.c.obj
                0x08006d9c                HAL_TIM_PWM_Stop
 .text.HAL_TIM_Encoder_Start
                0x08006da0       0xc4 CMakeFiles/DRIVE_CMAKE.elf.dir/Drivers/STM32G4xx_HAL_Driver/Src/stm32g4xx_hal_tim.c.obj
                0x08006da0                HAL_TIM_Encoder_Start
 .text.HAL_TIM_ConfigClockSource
                0x08006e64      0x1c8 CMakeFiles/DRIVE_CMAKE.elf.dir/Drivers/STM32G4xx_HAL_Driver/Src/stm32g4xx_hal_tim.c.obj
                0x08006e64                HAL_TIM_ConfigClockSource
 .text.HAL_TIM_PeriodElapsedCallback
                0x0800702c        0x4 CMakeFiles/DRIVE_CMAKE.elf.dir/Drivers/STM32G4xx_HAL_Driver/Src/stm32g4xx_hal_tim.c.obj
                0x0800702c                HAL_TIM_PeriodElapsedCallback
 .text.HAL_TIM_OC_DelayElapsedCallback
                0x08007030        0x4 CMakeFiles/DRIVE_CMAKE.elf.dir/Drivers/STM32G4xx_HAL_Driver/Src/stm32g4xx_hal_tim.c.obj
                0x08007030                HAL_TIM_OC_DelayElapsedCallback
 .text.HAL_TIM_IC_CaptureCallback
                0x08007034        0x4 CMakeFiles/DRIVE_CMAKE.elf.dir/Drivers/STM32G4xx_HAL_Driver/Src/stm32g4xx_hal_tim.c.obj
                0x08007034                HAL_TIM_IC_CaptureCallback
 .text.HAL_TIM_PWM_PulseFinishedCallback
                0x08007038        0x4 CMakeFiles/DRIVE_CMAKE.elf.dir/Drivers/STM32G4xx_HAL_Driver/Src/stm32g4xx_hal_tim.c.obj
                0x08007038                HAL_TIM_PWM_PulseFinishedCallback
 .text.HAL_TIM_TriggerCallback
                0x0800703c        0x4 CMakeFiles/DRIVE_CMAKE.elf.dir/Drivers/STM32G4xx_HAL_Driver/Src/stm32g4xx_hal_tim.c.obj
                0x0800703c                HAL_TIM_TriggerCallback
 .text.HAL_TIM_IRQHandler
                0x08007040      0x1c4 CMakeFiles/DRIVE_CMAKE.elf.dir/Drivers/STM32G4xx_HAL_Driver/Src/stm32g4xx_hal_tim.c.obj
                0x08007040                HAL_TIM_IRQHandler
 .text.TIM_Base_SetConfig
                0x08007204       0xfc CMakeFiles/DRIVE_CMAKE.elf.dir/Drivers/STM32G4xx_HAL_Driver/Src/stm32g4xx_hal_tim.c.obj
                0x08007204                TIM_Base_SetConfig
 .text.HAL_TIM_Base_Init
                0x08007300       0x64 CMakeFiles/DRIVE_CMAKE.elf.dir/Drivers/STM32G4xx_HAL_Driver/Src/stm32g4xx_hal_tim.c.obj
                0x08007300                HAL_TIM_Base_Init
 .text.HAL_TIM_PWM_Init
                0x08007364       0x64 CMakeFiles/DRIVE_CMAKE.elf.dir/Drivers/STM32G4xx_HAL_Driver/Src/stm32g4xx_hal_tim.c.obj
                0x08007364                HAL_TIM_PWM_Init
 .text.HAL_TIM_Encoder_Init
                0x080073c8       0xb0 CMakeFiles/DRIVE_CMAKE.elf.dir/Drivers/STM32G4xx_HAL_Driver/Src/stm32g4xx_hal_tim.c.obj
                0x080073c8                HAL_TIM_Encoder_Init
 .text.TIM_OC2_SetConfig
                0x08007478       0xa4 CMakeFiles/DRIVE_CMAKE.elf.dir/Drivers/STM32G4xx_HAL_Driver/Src/stm32g4xx_hal_tim.c.obj
                0x08007478                TIM_OC2_SetConfig
 .text.HAL_TIM_PWM_ConfigChannel
                0x0800751c      0x120 CMakeFiles/DRIVE_CMAKE.elf.dir/Drivers/STM32G4xx_HAL_Driver/Src/stm32g4xx_hal_tim.c.obj
                0x0800751c                HAL_TIM_PWM_ConfigChannel
 .text.HAL_TIMEx_OCN_Start
                0x0800763c       0xd8 CMakeFiles/DRIVE_CMAKE.elf.dir/Drivers/STM32G4xx_HAL_Driver/Src/stm32g4xx_hal_tim_ex.c.obj
                0x0800763c                HAL_TIMEx_OCN_Start
 .text.HAL_TIMEx_OCN_Stop
                0x08007714       0x8c CMakeFiles/DRIVE_CMAKE.elf.dir/Drivers/STM32G4xx_HAL_Driver/Src/stm32g4xx_hal_tim_ex.c.obj
                0x08007714                HAL_TIMEx_OCN_Stop
 .text.HAL_TIMEx_PWMN_Start
                0x080077a0        0x4 CMakeFiles/DRIVE_CMAKE.elf.dir/Drivers/STM32G4xx_HAL_Driver/Src/stm32g4xx_hal_tim_ex.c.obj
                0x080077a0                HAL_TIMEx_PWMN_Start
 .text.HAL_TIMEx_PWMN_Stop
                0x080077a4        0x4 CMakeFiles/DRIVE_CMAKE.elf.dir/Drivers/STM32G4xx_HAL_Driver/Src/stm32g4xx_hal_tim_ex.c.obj
                0x080077a4                HAL_TIMEx_PWMN_Stop
 .text.HAL_TIMEx_MasterConfigSynchronization
                0x080077a8       0xb8 CMakeFiles/DRIVE_CMAKE.elf.dir/Drivers/STM32G4xx_HAL_Driver/Src/stm32g4xx_hal_tim_ex.c.obj
                0x080077a8                HAL_TIMEx_MasterConfigSynchronization
 .text.HAL_TIMEx_ConfigBreakDeadTime
                0x08007860       0xa4 CMakeFiles/DRIVE_CMAKE.elf.dir/Drivers/STM32G4xx_HAL_Driver/Src/stm32g4xx_hal_tim_ex.c.obj
                0x08007860                HAL_TIMEx_ConfigBreakDeadTime
 .text.HAL_TIMEx_CommutCallback
                0x08007904        0x4 CMakeFiles/DRIVE_CMAKE.elf.dir/Drivers/STM32G4xx_HAL_Driver/Src/stm32g4xx_hal_tim_ex.c.obj
                0x08007904                HAL_TIMEx_CommutCallback
 .text.HAL_TIMEx_BreakCallback
                0x08007908        0x4 CMakeFiles/DRIVE_CMAKE.elf.dir/Drivers/STM32G4xx_HAL_Driver/Src/stm32g4xx_hal_tim_ex.c.obj
                0x08007908                HAL_TIMEx_BreakCallback
 .text.HAL_TIMEx_Break2Callback
                0x0800790c        0x4 CMakeFiles/DRIVE_CMAKE.elf.dir/Drivers/STM32G4xx_HAL_Driver/Src/stm32g4xx_hal_tim_ex.c.obj
                0x0800790c                HAL_TIMEx_Break2Callback
 .text.HAL_TIMEx_EncoderIndexCallback
                0x08007910        0x4 CMakeFiles/DRIVE_CMAKE.elf.dir/Drivers/STM32G4xx_HAL_Driver/Src/stm32g4xx_hal_tim_ex.c.obj
                0x08007910                HAL_TIMEx_EncoderIndexCallback
 .text.HAL_TIMEx_DirectionChangeCallback
                0x08007914        0x4 CMakeFiles/DRIVE_CMAKE.elf.dir/Drivers/STM32G4xx_HAL_Driver/Src/stm32g4xx_hal_tim_ex.c.obj
                0x08007914                HAL_TIMEx_DirectionChangeCallback
 .text.HAL_TIMEx_IndexErrorCallback
                0x08007918        0x4 CMakeFiles/DRIVE_CMAKE.elf.dir/Drivers/STM32G4xx_HAL_Driver/Src/stm32g4xx_hal_tim_ex.c.obj
                0x08007918                HAL_TIMEx_IndexErrorCallback
 .text.HAL_TIMEx_TransitionErrorCallback
                0x0800791c        0x4 CMakeFiles/DRIVE_CMAKE.elf.dir/Drivers/STM32G4xx_HAL_Driver/Src/stm32g4xx_hal_tim_ex.c.obj
                0x0800791c                HAL_TIMEx_TransitionErrorCallback
 .text.USB_EnableGlobalInt
                0x08007920       0x14 CMakeFiles/DRIVE_CMAKE.elf.dir/Drivers/STM32G4xx_HAL_Driver/Src/stm32g4xx_ll_usb.c.obj
                0x08007920                USB_EnableGlobalInt
 .text.USB_DisableGlobalInt
                0x08007934       0x14 CMakeFiles/DRIVE_CMAKE.elf.dir/Drivers/STM32G4xx_HAL_Driver/Src/stm32g4xx_ll_usb.c.obj
                0x08007934                USB_DisableGlobalInt
 .text.USB_DevInit
                0x08007948       0x28 CMakeFiles/DRIVE_CMAKE.elf.dir/Drivers/STM32G4xx_HAL_Driver/Src/stm32g4xx_ll_usb.c.obj
                0x08007948                USB_DevInit
 .text.USB_ActivateEndpoint
                0x08007970      0x38c CMakeFiles/DRIVE_CMAKE.elf.dir/Drivers/STM32G4xx_HAL_Driver/Src/stm32g4xx_ll_usb.c.obj
                0x08007970                USB_ActivateEndpoint
 .text.USB_DeactivateEndpoint
                0x08007cfc      0x1c0 CMakeFiles/DRIVE_CMAKE.elf.dir/Drivers/STM32G4xx_HAL_Driver/Src/stm32g4xx_ll_usb.c.obj
                0x08007cfc                USB_DeactivateEndpoint
 .text.USB_EPStartXfer
                0x08007ebc      0x5cc CMakeFiles/DRIVE_CMAKE.elf.dir/Drivers/STM32G4xx_HAL_Driver/Src/stm32g4xx_ll_usb.c.obj
                0x08007ebc                USB_EPStartXfer
 .text.USB_EPSetStall
                0x08008488       0x50 CMakeFiles/DRIVE_CMAKE.elf.dir/Drivers/STM32G4xx_HAL_Driver/Src/stm32g4xx_ll_usb.c.obj
                0x08008488                USB_EPSetStall
 .text.USB_EPClearStall
                0x080084d8       0xa0 CMakeFiles/DRIVE_CMAKE.elf.dir/Drivers/STM32G4xx_HAL_Driver/Src/stm32g4xx_ll_usb.c.obj
                0x080084d8                USB_EPClearStall
 .text.USB_SetDevAddress
                0x08008578        0xc CMakeFiles/DRIVE_CMAKE.elf.dir/Drivers/STM32G4xx_HAL_Driver/Src/stm32g4xx_ll_usb.c.obj
                0x08008578                USB_SetDevAddress
 .text.USB_DevConnect
                0x08008584       0x18 CMakeFiles/DRIVE_CMAKE.elf.dir/Drivers/STM32G4xx_HAL_Driver/Src/stm32g4xx_ll_usb.c.obj
                0x08008584                USB_DevConnect
 .text.USB_ReadInterrupts
                0x0800859c        0x8 CMakeFiles/DRIVE_CMAKE.elf.dir/Drivers/STM32G4xx_HAL_Driver/Src/stm32g4xx_ll_usb.c.obj
                0x0800859c                USB_ReadInterrupts
 .text.USB_WritePMA
                0x080085a4       0x20 CMakeFiles/DRIVE_CMAKE.elf.dir/Drivers/STM32G4xx_HAL_Driver/Src/stm32g4xx_ll_usb.c.obj
                0x080085a4                USB_WritePMA
 .text.USB_ReadPMA
                0x080085c4       0x54 CMakeFiles/DRIVE_CMAKE.elf.dir/Drivers/STM32G4xx_HAL_Driver/Src/stm32g4xx_ll_usb.c.obj
                0x080085c4                USB_ReadPMA
 .text._ZN14PhaseSenseBase15OffsetCalibrateEv
                0x08008618       0xa0 CMakeFiles/DRIVE_CMAKE.elf.dir/Foc/core/Src/current_sense.cpp.obj
                0x08008618                PhaseSenseBase::OffsetCalibrate()
 .text._ZN18InlineCurrentSenseC2ERKN14PhaseSenseBase11SenseConfigE
                0x080086b8       0x64 CMakeFiles/DRIVE_CMAKE.elf.dir/Foc/core/Src/current_sense.cpp.obj
                0x080086b8                InlineCurrentSense::InlineCurrentSense(PhaseSenseBase::SenseConfig const&)
                0x080086b8                InlineCurrentSense::InlineCurrentSense(PhaseSenseBase::SenseConfig const&)
 .text._ZN18InlineCurrentSense6UpdateEv
                0x0800871c       0x68 CMakeFiles/DRIVE_CMAKE.elf.dir/Foc/core/Src/current_sense.cpp.obj
                0x0800871c                InlineCurrentSense::Update()
 .text._Z12MotorPidInitv
                0x08008784      0x1f4 CMakeFiles/DRIVE_CMAKE.elf.dir/Foc/core/Src/foc_cfg.cpp.obj
                0x08008784                MotorPidInit()
 .text.MotorParaInit
                0x08008978       0x30 CMakeFiles/DRIVE_CMAKE.elf.dir/Foc/core/Src/foc_cfg.cpp.obj
                0x08008978                MotorParaInit
 .text.CurrentSampInit
                0x080089a8       0x54 CMakeFiles/DRIVE_CMAKE.elf.dir/Foc/core/Src/foc_cfg.cpp.obj
                0x080089a8                CurrentSampInit
 .text.FocPwmStart
                0x080089fc       0x9c CMakeFiles/DRIVE_CMAKE.elf.dir/Foc/core/Src/foc_cfg.cpp.obj
                0x080089fc                FocPwmStart
 .text.MotorCtrlReset
                0x08008a98       0x14 CMakeFiles/DRIVE_CMAKE.elf.dir/Foc/core/Src/foc_cfg.cpp.obj
                0x08008a98                MotorCtrlReset
 .text._ZN11EncoderBase17ElectAngleWritingEf
                0x08008aac        0x8 CMakeFiles/DRIVE_CMAKE.elf.dir/Foc/core/Src/foc_ctrl.cpp.obj
                0x08008aac                EncoderBase::ElectAngleWriting(float)
 .text._ZN15NonFluxObserverD2Ev
                0x08008ab4        0x4 CMakeFiles/DRIVE_CMAKE.elf.dir/Foc/core/Src/foc_ctrl.cpp.obj
                0x08008ab4                NonFluxObserver::~NonFluxObserver()
                0x08008ab4                NonFluxObserver::~NonFluxObserver()
 .text._ZN13As5407EncoderD2Ev
                0x08008ab8        0x4 CMakeFiles/DRIVE_CMAKE.elf.dir/Foc/core/Src/foc_ctrl.cpp.obj
                0x08008ab8                As5407Encoder::~As5407Encoder()
                0x08008ab8                As5407Encoder::~As5407Encoder()
 .text._ZN10AbiEncoderD2Ev
                0x08008abc        0x4 CMakeFiles/DRIVE_CMAKE.elf.dir/Foc/core/Src/foc_ctrl.cpp.obj
                0x08008abc                AbiEncoder::~AbiEncoder()
                0x08008abc                AbiEncoder::~AbiEncoder()
 .text._ZN15NonFluxObserverD0Ev
                0x08008ac0       0x10 CMakeFiles/DRIVE_CMAKE.elf.dir/Foc/core/Src/foc_ctrl.cpp.obj
                0x08008ac0                NonFluxObserver::~NonFluxObserver()
 .text._ZN13As5407EncoderD0Ev
                0x08008ad0       0x10 CMakeFiles/DRIVE_CMAKE.elf.dir/Foc/core/Src/foc_ctrl.cpp.obj
                0x08008ad0                As5407Encoder::~As5407Encoder()
 .text._ZN10AbiEncoderD0Ev
                0x08008ae0       0x10 CMakeFiles/DRIVE_CMAKE.elf.dir/Foc/core/Src/foc_ctrl.cpp.obj
                0x08008ae0                AbiEncoder::~AbiEncoder()
 .text._ZN5Svpwm12GetSvpwmDutyE11Vector2Df_t
                0x08008af0      0x454 CMakeFiles/DRIVE_CMAKE.elf.dir/Foc/core/Src/foc_ctrl.cpp.obj
                0x08008af0                Svpwm::GetSvpwmDuty(Vector2Df_t)
 .text._ZN9AppConfigC2Ev
                0x08008f44       0xb8 CMakeFiles/DRIVE_CMAKE.elf.dir/Foc/core/Src/foc_ctrl.cpp.obj
                0x08008f44                AppConfig::AppConfig()
                0x08008f44                AppConfig::AppConfig()
 .text._Z15EncoderDataCalcP10enc_para_tP10MotorCfg_t
                0x08008ffc       0xfc CMakeFiles/DRIVE_CMAKE.elf.dir/Foc/core/Src/foc_ctrl.cpp.obj
                0x08008ffc                EncoderDataCalc(enc_para_t*, MotorCfg_t*)
 .text._Z9MotorCtrlP11MotorCtrl_tP11foc_param_t
                0x080090f8      0x460 CMakeFiles/DRIVE_CMAKE.elf.dir/Foc/core/Src/foc_ctrl.cpp.obj
                0x080090f8                MotorCtrl(MotorCtrl_t*, foc_param_t*)
 .text.startup._GLOBAL__sub_I_app_config
                0x08009558      0x21c CMakeFiles/DRIVE_CMAKE.elf.dir/Foc/core/Src/foc_ctrl.cpp.obj
 .text.HAL_ADCEx_InjectedConvCpltCallback
                0x08009774       0x6c CMakeFiles/DRIVE_CMAKE.elf.dir/Foc/core/Src/foc_ctrl.cpp.obj
                0x08009774                HAL_ADCEx_InjectedConvCpltCallback
 .text.SmoParamInit
                0x080097e0       0x98 CMakeFiles/DRIVE_CMAKE.elf.dir/Foc/core/Src/foc_math.cpp.obj
                0x080097e0                SmoParamInit
 .text.HfiInjectSign
                0x08009878       0x28 CMakeFiles/DRIVE_CMAKE.elf.dir/Foc/core/Src/foc_math.cpp.obj
                0x08009878                HfiInjectSign
 .text.HfiPllAngle
                0x080098a0      0x100 CMakeFiles/DRIVE_CMAKE.elf.dir/Foc/core/Src/foc_math.cpp.obj
                0x080098a0                HfiPllAngle
 .text.HfiAngleCalc
                0x080099a0       0x84 CMakeFiles/DRIVE_CMAKE.elf.dir/Foc/core/Src/foc_math.cpp.obj
                0x080099a0                HfiAngleCalc
 .text.IdqToIdqF
                0x08009a24       0x54 CMakeFiles/DRIVE_CMAKE.elf.dir/Foc/core/Src/foc_math.cpp.obj
                0x08009a24                IdqToIdqF
 .text.HfiNsIdentify
                0x08009a78      0x168 CMakeFiles/DRIVE_CMAKE.elf.dir/Foc/core/Src/foc_math.cpp.obj
                0x08009a78                HfiNsIdentify
 .text._Z12FluxPllAngleP5pll_tf
                0x08009be0       0xbc CMakeFiles/DRIVE_CMAKE.elf.dir/Foc/core/Src/foc_math.cpp.obj
                0x08009be0                FluxPllAngle(pll_t*, float)
 .text.non_flux_observer
                0x08009c9c      0x134 CMakeFiles/DRIVE_CMAKE.elf.dir/Foc/core/Src/foc_math.cpp.obj
                0x08009c9c                non_flux_observer
 .text.startup._GLOBAL__sub_I_lpf_hfi
                0x08009dd0       0x14 CMakeFiles/DRIVE_CMAKE.elf.dir/Foc/core/Src/foc_math.cpp.obj
 .text._ZN11EncoderBase15EncoderDataProcEt
                0x08009de4      0x118 CMakeFiles/DRIVE_CMAKE.elf.dir/Foc/encoder/Src/encoder.cpp.obj
                0x08009de4                EncoderBase::EncoderDataProc(unsigned short)
 .text.EncoderInit
                0x08009efc       0x48 CMakeFiles/DRIVE_CMAKE.elf.dir/Foc/encoder/Src/encoder_proc.c.obj
                0x08009efc                EncoderInit
 .text.AbsLimit
                0x08009f44       0x24 CMakeFiles/DRIVE_CMAKE.elf.dir/Foc/utils/Src/pid.c.obj
                0x08009f44                AbsLimit
 .text.IncreatParallePidCtrl
                0x08009f68      0x128 CMakeFiles/DRIVE_CMAKE.elf.dir/Foc/utils/Src/pid.c.obj
                0x08009f68                IncreatParallePidCtrl
 .text.ParallelPidCtrl
                0x0800a090       0xf8 CMakeFiles/DRIVE_CMAKE.elf.dir/Foc/utils/Src/pid.c.obj
                0x0800a090                ParallelPidCtrl
 .text.SerialPidCtrl
                0x0800a188       0xe8 CMakeFiles/DRIVE_CMAKE.elf.dir/Foc/utils/Src/pid.c.obj
                0x0800a188                SerialPidCtrl
 .text.sin_f32  0x0800a270       0x98 CMakeFiles/DRIVE_CMAKE.elf.dir/Foc/utils/Src/util.c.obj
                0x0800a270                sin_f32
 .text.cos_f32  0x0800a308       0x9c CMakeFiles/DRIVE_CMAKE.elf.dir/Foc/utils/Src/util.c.obj
                0x0800a308                cos_f32
 .text.USBD_CDC_EP0_RxReady
                0x0800a3a4       0x30 CMakeFiles/DRIVE_CMAKE.elf.dir/Middlewares/ST/STM32_USB_Device_Library/Class/CDC/Src/usbd_cdc.c.obj
 .text.USBD_CDC_GetFSCfgDesc
                0x0800a3d4        0xc CMakeFiles/DRIVE_CMAKE.elf.dir/Middlewares/ST/STM32_USB_Device_Library/Class/CDC/Src/usbd_cdc.c.obj
 .text.USBD_CDC_GetHSCfgDesc
                0x0800a3e0        0xc CMakeFiles/DRIVE_CMAKE.elf.dir/Middlewares/ST/STM32_USB_Device_Library/Class/CDC/Src/usbd_cdc.c.obj
 .text.USBD_CDC_GetOtherSpeedCfgDesc
                0x0800a3ec        0xc CMakeFiles/DRIVE_CMAKE.elf.dir/Middlewares/ST/STM32_USB_Device_Library/Class/CDC/Src/usbd_cdc.c.obj
 .text.USBD_CDC_GetDeviceQualifierDescriptor
                0x0800a3f8        0xc CMakeFiles/DRIVE_CMAKE.elf.dir/Middlewares/ST/STM32_USB_Device_Library/Class/CDC/Src/usbd_cdc.c.obj
                0x0800a3f8                USBD_CDC_GetDeviceQualifierDescriptor
 .text.USBD_CDC_DataOut
                0x0800a404       0x2c CMakeFiles/DRIVE_CMAKE.elf.dir/Middlewares/ST/STM32_USB_Device_Library/Class/CDC/Src/usbd_cdc.c.obj
 .text.USBD_CDC_DataIn
                0x0800a430       0x64 CMakeFiles/DRIVE_CMAKE.elf.dir/Middlewares/ST/STM32_USB_Device_Library/Class/CDC/Src/usbd_cdc.c.obj
 .text.USBD_CDC_Setup
                0x0800a494      0x10c CMakeFiles/DRIVE_CMAKE.elf.dir/Middlewares/ST/STM32_USB_Device_Library/Class/CDC/Src/usbd_cdc.c.obj
 .text.USBD_CDC_DeInit
                0x0800a5a0       0x44 CMakeFiles/DRIVE_CMAKE.elf.dir/Middlewares/ST/STM32_USB_Device_Library/Class/CDC/Src/usbd_cdc.c.obj
 .text.USBD_CDC_Init
                0x0800a5e4       0xb8 CMakeFiles/DRIVE_CMAKE.elf.dir/Middlewares/ST/STM32_USB_Device_Library/Class/CDC/Src/usbd_cdc.c.obj
 .text.USBD_CDC_RegisterInterface
                0x0800a69c       0x10 CMakeFiles/DRIVE_CMAKE.elf.dir/Middlewares/ST/STM32_USB_Device_Library/Class/CDC/Src/usbd_cdc.c.obj
                0x0800a69c                USBD_CDC_RegisterInterface
 .text.USBD_CDC_SetTxBuffer
                0x0800a6ac       0x18 CMakeFiles/DRIVE_CMAKE.elf.dir/Middlewares/ST/STM32_USB_Device_Library/Class/CDC/Src/usbd_cdc.c.obj
                0x0800a6ac                USBD_CDC_SetTxBuffer
 .text.USBD_CDC_SetRxBuffer
                0x0800a6c4       0x14 CMakeFiles/DRIVE_CMAKE.elf.dir/Middlewares/ST/STM32_USB_Device_Library/Class/CDC/Src/usbd_cdc.c.obj
                0x0800a6c4                USBD_CDC_SetRxBuffer
 .text.USBD_CDC_ReceivePacket
                0x0800a6d8       0x34 CMakeFiles/DRIVE_CMAKE.elf.dir/Middlewares/ST/STM32_USB_Device_Library/Class/CDC/Src/usbd_cdc.c.obj
                0x0800a6d8                USBD_CDC_ReceivePacket
 .text.USBD_Init
                0x0800a70c       0x28 CMakeFiles/DRIVE_CMAKE.elf.dir/Middlewares/ST/STM32_USB_Device_Library/Core/Src/usbd_core.c.obj
                0x0800a70c                USBD_Init
 .text.USBD_RegisterClass
                0x0800a734       0x34 CMakeFiles/DRIVE_CMAKE.elf.dir/Middlewares/ST/STM32_USB_Device_Library/Core/Src/usbd_core.c.obj
                0x0800a734                USBD_RegisterClass
 .text.USBD_Start
                0x0800a768        0x4 CMakeFiles/DRIVE_CMAKE.elf.dir/Middlewares/ST/STM32_USB_Device_Library/Core/Src/usbd_core.c.obj
                0x0800a768                USBD_Start
 .text.USBD_SetClassConfig
                0x0800a76c       0x10 CMakeFiles/DRIVE_CMAKE.elf.dir/Middlewares/ST/STM32_USB_Device_Library/Core/Src/usbd_core.c.obj
                0x0800a76c                USBD_SetClassConfig
 .text.USBD_ClrClassConfig
                0x0800a77c       0x10 CMakeFiles/DRIVE_CMAKE.elf.dir/Middlewares/ST/STM32_USB_Device_Library/Core/Src/usbd_core.c.obj
                0x0800a77c                USBD_ClrClassConfig
 .text.USBD_LL_SetupStage
                0x0800a78c       0x60 CMakeFiles/DRIVE_CMAKE.elf.dir/Middlewares/ST/STM32_USB_Device_Library/Core/Src/usbd_core.c.obj
                0x0800a78c                USBD_LL_SetupStage
 .text.USBD_LL_DataOutStage
                0x0800a7ec       0x68 CMakeFiles/DRIVE_CMAKE.elf.dir/Middlewares/ST/STM32_USB_Device_Library/Core/Src/usbd_core.c.obj
                0x0800a7ec                USBD_LL_DataOutStage
 .text.USBD_LL_DataInStage
                0x0800a854       0xac CMakeFiles/DRIVE_CMAKE.elf.dir/Middlewares/ST/STM32_USB_Device_Library/Core/Src/usbd_core.c.obj
                0x0800a854                USBD_LL_DataInStage
 .text.USBD_LL_Reset
                0x0800a900       0x58 CMakeFiles/DRIVE_CMAKE.elf.dir/Middlewares/ST/STM32_USB_Device_Library/Core/Src/usbd_core.c.obj
                0x0800a900                USBD_LL_Reset
 .text.USBD_LL_SetSpeed
                0x0800a958        0x8 CMakeFiles/DRIVE_CMAKE.elf.dir/Middlewares/ST/STM32_USB_Device_Library/Core/Src/usbd_core.c.obj
                0x0800a958                USBD_LL_SetSpeed
 .text.USBD_LL_Suspend
                0x0800a960       0x18 CMakeFiles/DRIVE_CMAKE.elf.dir/Middlewares/ST/STM32_USB_Device_Library/Core/Src/usbd_core.c.obj
                0x0800a960                USBD_LL_Suspend
 .text.USBD_LL_Resume
                0x0800a978       0x18 CMakeFiles/DRIVE_CMAKE.elf.dir/Middlewares/ST/STM32_USB_Device_Library/Core/Src/usbd_core.c.obj
                0x0800a978                USBD_LL_Resume
 .text.USBD_LL_SOF
                0x0800a990       0x28 CMakeFiles/DRIVE_CMAKE.elf.dir/Middlewares/ST/STM32_USB_Device_Library/Core/Src/usbd_core.c.obj
                0x0800a990                USBD_LL_SOF
 .text.USBD_StdDevReq
                0x0800a9b8      0x350 CMakeFiles/DRIVE_CMAKE.elf.dir/Middlewares/ST/STM32_USB_Device_Library/Core/Src/usbd_ctlreq.c.obj
                0x0800a9b8                USBD_StdDevReq
 .text.USBD_StdItfReq
                0x0800ad08       0x60 CMakeFiles/DRIVE_CMAKE.elf.dir/Middlewares/ST/STM32_USB_Device_Library/Core/Src/usbd_ctlreq.c.obj
                0x0800ad08                USBD_StdItfReq
 .text.USBD_StdEPReq
                0x0800ad68      0x134 CMakeFiles/DRIVE_CMAKE.elf.dir/Middlewares/ST/STM32_USB_Device_Library/Core/Src/usbd_ctlreq.c.obj
                0x0800ad68                USBD_StdEPReq
 .text.USBD_ParseSetupRequest
                0x0800ae9c       0x18 CMakeFiles/DRIVE_CMAKE.elf.dir/Middlewares/ST/STM32_USB_Device_Library/Core/Src/usbd_ctlreq.c.obj
                0x0800ae9c                USBD_ParseSetupRequest
 .text.USBD_CtlError
                0x0800aeb4       0x18 CMakeFiles/DRIVE_CMAKE.elf.dir/Middlewares/ST/STM32_USB_Device_Library/Core/Src/usbd_ctlreq.c.obj
                0x0800aeb4                USBD_CtlError
 .text.USBD_GetString
                0x0800aecc       0x54 CMakeFiles/DRIVE_CMAKE.elf.dir/Middlewares/ST/STM32_USB_Device_Library/Core/Src/usbd_ctlreq.c.obj
                0x0800aecc                USBD_GetString
 .text.USBD_CtlSendData
                0x0800af20       0x1c CMakeFiles/DRIVE_CMAKE.elf.dir/Middlewares/ST/STM32_USB_Device_Library/Core/Src/usbd_ioreq.c.obj
                0x0800af20                USBD_CtlSendData
 .text.USBD_CtlContinueSendData
                0x0800af3c       0x10 CMakeFiles/DRIVE_CMAKE.elf.dir/Middlewares/ST/STM32_USB_Device_Library/Core/Src/usbd_ioreq.c.obj
                0x0800af3c                USBD_CtlContinueSendData
 .text.USBD_CtlPrepareRx
                0x0800af4c       0x1c CMakeFiles/DRIVE_CMAKE.elf.dir/Middlewares/ST/STM32_USB_Device_Library/Core/Src/usbd_ioreq.c.obj
                0x0800af4c                USBD_CtlPrepareRx
 .text.USBD_CtlContinueRx
                0x0800af68       0x10 CMakeFiles/DRIVE_CMAKE.elf.dir/Middlewares/ST/STM32_USB_Device_Library/Core/Src/usbd_ioreq.c.obj
                0x0800af68                USBD_CtlContinueRx
 .text.USBD_CtlSendStatus
                0x0800af78       0x18 CMakeFiles/DRIVE_CMAKE.elf.dir/Middlewares/ST/STM32_USB_Device_Library/Core/Src/usbd_ioreq.c.obj
                0x0800af78                USBD_CtlSendStatus
 .text.USBD_CtlReceiveStatus
                0x0800af90       0x18 CMakeFiles/DRIVE_CMAKE.elf.dir/Middlewares/ST/STM32_USB_Device_Library/Core/Src/usbd_ioreq.c.obj
                0x0800af90                USBD_CtlReceiveStatus
 .text.CAN1_RxCallBack
                0x0800afa8       0x64 CMakeFiles/DRIVE_CMAKE.elf.dir/Mine/Src/McuDevicePort.c.obj
                0x0800afa8                CAN1_RxCallBack
 .text.CanResourceInit
                0x0800b00c       0x3c CMakeFiles/DRIVE_CMAKE.elf.dir/Mine/Src/McuDevicePort.c.obj
                0x0800b00c                CanResourceInit
 .text.KEY_FifoScan
                0x0800b048       0x64 CMakeFiles/DRIVE_CMAKE.elf.dir/Mine/Src/key.c.obj
                0x0800b048                KEY_FifoScan
 .text.KEY_ProcessHandle
                0x0800b0ac       0x1c CMakeFiles/DRIVE_CMAKE.elf.dir/Mine/Src/key.c.obj
                0x0800b0ac                KEY_ProcessHandle
 .text.OLED_CLS
                0x0800b0c8       0x98 CMakeFiles/DRIVE_CMAKE.elf.dir/Mine/Src/oled_iic_cfg.c.obj
                0x0800b0c8                OLED_CLS
 .text.OLED_Init
                0x0800b160      0x2c0 CMakeFiles/DRIVE_CMAKE.elf.dir/Mine/Src/oled_iic_cfg.c.obj
                0x0800b160                OLED_Init
 .text.MX_USB_Device_Init
                0x0800b420       0x74 CMakeFiles/DRIVE_CMAKE.elf.dir/USB_Device/App/usb_device.c.obj
                0x0800b420                MX_USB_Device_Init
 .text.CDC_DeInit_FS
                0x0800b494        0x4 CMakeFiles/DRIVE_CMAKE.elf.dir/USB_Device/App/usbd_cdc_if.c.obj
 .text.CDC_Control_FS
                0x0800b498        0x4 CMakeFiles/DRIVE_CMAKE.elf.dir/USB_Device/App/usbd_cdc_if.c.obj
 .text.CDC_TransmitCplt_FS
                0x0800b49c        0x4 CMakeFiles/DRIVE_CMAKE.elf.dir/USB_Device/App/usbd_cdc_if.c.obj
 .text.CDC_Receive_FS
                0x0800b4a0       0x1c CMakeFiles/DRIVE_CMAKE.elf.dir/USB_Device/App/usbd_cdc_if.c.obj
 .text.CDC_Init_FS
                0x0800b4bc       0x28 CMakeFiles/DRIVE_CMAKE.elf.dir/USB_Device/App/usbd_cdc_if.c.obj
 .text.USBD_CDC_DeviceDescriptor
                0x0800b4e4        0xc CMakeFiles/DRIVE_CMAKE.elf.dir/USB_Device/App/usbd_desc.c.obj
                0x0800b4e4                USBD_CDC_DeviceDescriptor
 .text.USBD_CDC_LangIDStrDescriptor
                0x0800b4f0        0xc CMakeFiles/DRIVE_CMAKE.elf.dir/USB_Device/App/usbd_desc.c.obj
                0x0800b4f0                USBD_CDC_LangIDStrDescriptor
 .text.USBD_CDC_ManufacturerStrDescriptor
                0x0800b4fc       0x1c CMakeFiles/DRIVE_CMAKE.elf.dir/USB_Device/App/usbd_desc.c.obj
                0x0800b4fc                USBD_CDC_ManufacturerStrDescriptor
 .text.USBD_CDC_ProductStrDescriptor
                0x0800b518       0x1c CMakeFiles/DRIVE_CMAKE.elf.dir/USB_Device/App/usbd_desc.c.obj
                0x0800b518                USBD_CDC_ProductStrDescriptor
 .text.USBD_CDC_ConfigStrDescriptor
                0x0800b534       0x1c CMakeFiles/DRIVE_CMAKE.elf.dir/USB_Device/App/usbd_desc.c.obj
                0x0800b534                USBD_CDC_ConfigStrDescriptor
 .text.USBD_CDC_InterfaceStrDescriptor
                0x0800b550       0x1c CMakeFiles/DRIVE_CMAKE.elf.dir/USB_Device/App/usbd_desc.c.obj
                0x0800b550                USBD_CDC_InterfaceStrDescriptor
 .text.USBD_CDC_SerialStrDescriptor
                0x0800b56c       0x8c CMakeFiles/DRIVE_CMAKE.elf.dir/USB_Device/App/usbd_desc.c.obj
                0x0800b56c                USBD_CDC_SerialStrDescriptor
 .text.HAL_PCD_MspInit
                0x0800b5f8       0x60 CMakeFiles/DRIVE_CMAKE.elf.dir/USB_Device/Target/usbd_conf.c.obj
                0x0800b5f8                HAL_PCD_MspInit
 .text.HAL_PCD_SetupStageCallback
                0x0800b658        0xc CMakeFiles/DRIVE_CMAKE.elf.dir/USB_Device/Target/usbd_conf.c.obj
                0x0800b658                HAL_PCD_SetupStageCallback
 .text.HAL_PCD_DataOutStageCallback
                0x0800b664       0x14 CMakeFiles/DRIVE_CMAKE.elf.dir/USB_Device/Target/usbd_conf.c.obj
                0x0800b664                HAL_PCD_DataOutStageCallback
 .text.HAL_PCD_DataInStageCallback
                0x0800b678       0x14 CMakeFiles/DRIVE_CMAKE.elf.dir/USB_Device/Target/usbd_conf.c.obj
                0x0800b678                HAL_PCD_DataInStageCallback
 .text.HAL_PCD_SOFCallback
                0x0800b68c        0x8 CMakeFiles/DRIVE_CMAKE.elf.dir/USB_Device/Target/usbd_conf.c.obj
                0x0800b68c                HAL_PCD_SOFCallback
 .text.HAL_PCD_ResetCallback
                0x0800b694       0x24 CMakeFiles/DRIVE_CMAKE.elf.dir/USB_Device/Target/usbd_conf.c.obj
                0x0800b694                HAL_PCD_ResetCallback
 .text.HAL_PCD_SuspendCallback
                0x0800b6b8       0x20 CMakeFiles/DRIVE_CMAKE.elf.dir/USB_Device/Target/usbd_conf.c.obj
                0x0800b6b8                HAL_PCD_SuspendCallback
 .text.HAL_PCD_ResumeCallback
                0x0800b6d8       0x34 CMakeFiles/DRIVE_CMAKE.elf.dir/USB_Device/Target/usbd_conf.c.obj
                0x0800b6d8                HAL_PCD_ResumeCallback
 .text.USBD_LL_Init
                0x0800b70c       0x84 CMakeFiles/DRIVE_CMAKE.elf.dir/USB_Device/Target/usbd_conf.c.obj
                0x0800b70c                USBD_LL_Init
 .text.USBD_LL_Start
                0x0800b790       0x1c CMakeFiles/DRIVE_CMAKE.elf.dir/USB_Device/Target/usbd_conf.c.obj
                0x0800b790                USBD_LL_Start
 .text.USBD_LL_OpenEP
                0x0800b7ac       0x20 CMakeFiles/DRIVE_CMAKE.elf.dir/USB_Device/Target/usbd_conf.c.obj
                0x0800b7ac                USBD_LL_OpenEP
 .text.USBD_LL_CloseEP
                0x0800b7cc       0x1c CMakeFiles/DRIVE_CMAKE.elf.dir/USB_Device/Target/usbd_conf.c.obj
                0x0800b7cc                USBD_LL_CloseEP
 .text.USBD_LL_StallEP
                0x0800b7e8       0x1c CMakeFiles/DRIVE_CMAKE.elf.dir/USB_Device/Target/usbd_conf.c.obj
                0x0800b7e8                USBD_LL_StallEP
 .text.USBD_LL_ClearStallEP
                0x0800b804       0x1c CMakeFiles/DRIVE_CMAKE.elf.dir/USB_Device/Target/usbd_conf.c.obj
                0x0800b804                USBD_LL_ClearStallEP
 .text.USBD_LL_IsStallEP
                0x0800b820       0x28 CMakeFiles/DRIVE_CMAKE.elf.dir/USB_Device/Target/usbd_conf.c.obj
                0x0800b820                USBD_LL_IsStallEP
 .text.USBD_LL_SetUSBAddress
                0x0800b848       0x1c CMakeFiles/DRIVE_CMAKE.elf.dir/USB_Device/Target/usbd_conf.c.obj
                0x0800b848                USBD_LL_SetUSBAddress
 .text.USBD_LL_Transmit
                0x0800b864       0x1c CMakeFiles/DRIVE_CMAKE.elf.dir/USB_Device/Target/usbd_conf.c.obj
                0x0800b864                USBD_LL_Transmit
 .text.USBD_LL_PrepareReceive
                0x0800b880       0x1c CMakeFiles/DRIVE_CMAKE.elf.dir/USB_Device/Target/usbd_conf.c.obj
                0x0800b880                USBD_LL_PrepareReceive
 .text.USBD_LL_GetRxDataSize
                0x0800b89c        0x8 CMakeFiles/DRIVE_CMAKE.elf.dir/USB_Device/Target/usbd_conf.c.obj
                0x0800b89c                USBD_LL_GetRxDataSize
 .text.HAL_PCDEx_LPM_Callback
                0x0800b8a4       0x50 CMakeFiles/DRIVE_CMAKE.elf.dir/USB_Device/Target/usbd_conf.c.obj
                0x0800b8a4                HAL_PCDEx_LPM_Callback
 .text.USBD_static_malloc
                0x0800b8f4        0x8 CMakeFiles/DRIVE_CMAKE.elf.dir/USB_Device/Target/usbd_conf.c.obj
                0x0800b8f4                USBD_static_malloc
 .text.USBD_static_free
                0x0800b8fc        0x4 CMakeFiles/DRIVE_CMAKE.elf.dir/USB_Device/Target/usbd_conf.c.obj
                0x0800b8fc                USBD_static_free
 .text.__aeabi_atexit
                0x0800b900        0xc g:/embedded_config/10 2021.10/bin/../lib/gcc/arm-none-eabi/10.3.1/../../../../arm-none-eabi/lib/thumb/v7e-m+fp/hard\libstdc++.a(atexit_arm.o)
                0x0800b900                __aeabi_atexit
 .text._ZNK10__cxxabiv117__class_type_info11__do_upcastEPKS0_PPv
                0x0800b90c       0x34 g:/embedded_config/10 2021.10/bin/../lib/gcc/arm-none-eabi/10.3.1/../../../../arm-none-eabi/lib/thumb/v7e-m+fp/hard\libstdc++.a(class_type_info.o)
                0x0800b90c                __cxxabiv1::__class_type_info::__do_upcast(__cxxabiv1::__class_type_info const*, void**) const
 .text._ZNK10__cxxabiv117__class_type_info20__do_find_public_srcEiPKvPKS0_S2_
                0x0800b940        0xc g:/embedded_config/10 2021.10/bin/../lib/gcc/arm-none-eabi/10.3.1/../../../../arm-none-eabi/lib/thumb/v7e-m+fp/hard\libstdc++.a(class_type_info.o)
                0x0800b940                __cxxabiv1::__class_type_info::__do_find_public_src(int, void const*, __cxxabiv1::__class_type_info const*, void const*) const
 .text._ZN10__cxxabiv117__class_type_infoD2Ev
                0x0800b94c       0x14 g:/embedded_config/10 2021.10/bin/../lib/gcc/arm-none-eabi/10.3.1/../../../../arm-none-eabi/lib/thumb/v7e-m+fp/hard\libstdc++.a(class_type_info.o)
                0x0800b94c                __cxxabiv1::__class_type_info::~__class_type_info()
                0x0800b94c                __cxxabiv1::__class_type_info::~__class_type_info()
 .text._ZN10__cxxabiv117__class_type_infoD0Ev
                0x0800b960       0x1c g:/embedded_config/10 2021.10/bin/../lib/gcc/arm-none-eabi/10.3.1/../../../../arm-none-eabi/lib/thumb/v7e-m+fp/hard\libstdc++.a(class_type_info.o)
                0x0800b960                __cxxabiv1::__class_type_info::~__class_type_info()
 .text._ZNK10__cxxabiv117__class_type_info12__do_dyncastEiNS0_10__sub_kindEPKS0_PKvS3_S5_RNS0_16__dyncast_resultE
                0x0800b97c       0x44 g:/embedded_config/10 2021.10/bin/../lib/gcc/arm-none-eabi/10.3.1/../../../../arm-none-eabi/lib/thumb/v7e-m+fp/hard\libstdc++.a(class_type_info.o)
                0x0800b97c                __cxxabiv1::__class_type_info::__do_dyncast(int, __cxxabiv1::__class_type_info::__sub_kind, __cxxabiv1::__class_type_info const*, void const*, __cxxabiv1::__class_type_info const*, void const*, __cxxabiv1::__class_type_info::__dyncast_result&) const
 .text._ZNK10__cxxabiv117__class_type_info11__do_upcastEPKS0_PKvRNS0_15__upcast_resultE
                0x0800b9c0       0x1c g:/embedded_config/10 2021.10/bin/../lib/gcc/arm-none-eabi/10.3.1/../../../../arm-none-eabi/lib/thumb/v7e-m+fp/hard\libstdc++.a(class_type_info.o)
                0x0800b9c0                __cxxabiv1::__class_type_info::__do_upcast(__cxxabiv1::__class_type_info const*, void const*, __cxxabiv1::__class_type_info::__upcast_result&) const
 .text._ZNK10__cxxabiv117__class_type_info10__do_catchEPKSt9type_infoPPvj
                0x0800b9dc       0x2c g:/embedded_config/10 2021.10/bin/../lib/gcc/arm-none-eabi/10.3.1/../../../../arm-none-eabi/lib/thumb/v7e-m+fp/hard\libstdc++.a(class_type_info.o)
                0x0800b9dc                __cxxabiv1::__class_type_info::__do_catch(std::type_info const*, void**, unsigned int) const
 .text._ZdlPvj  0x0800ba08        0x4 g:/embedded_config/10 2021.10/bin/../lib/gcc/arm-none-eabi/10.3.1/../../../../arm-none-eabi/lib/thumb/v7e-m+fp/hard\libstdc++.a(del_ops.o)
                0x0800ba08                operator delete(void*, unsigned int)
 .text._ZN10__cxxabiv120__si_class_type_infoD2Ev
                0x0800ba0c       0x14 g:/embedded_config/10 2021.10/bin/../lib/gcc/arm-none-eabi/10.3.1/../../../../arm-none-eabi/lib/thumb/v7e-m+fp/hard\libstdc++.a(si_class_type_info.o)
                0x0800ba0c                __cxxabiv1::__si_class_type_info::~__si_class_type_info()
                0x0800ba0c                __cxxabiv1::__si_class_type_info::~__si_class_type_info()
 .text._ZN10__cxxabiv120__si_class_type_infoD0Ev
                0x0800ba20       0x1c g:/embedded_config/10 2021.10/bin/../lib/gcc/arm-none-eabi/10.3.1/../../../../arm-none-eabi/lib/thumb/v7e-m+fp/hard\libstdc++.a(si_class_type_info.o)
                0x0800ba20                __cxxabiv1::__si_class_type_info::~__si_class_type_info()
 .text._ZNK10__cxxabiv120__si_class_type_info20__do_find_public_srcEiPKvPKNS_17__class_type_infoES2_
                0x0800ba3c       0x3c g:/embedded_config/10 2021.10/bin/../lib/gcc/arm-none-eabi/10.3.1/../../../../arm-none-eabi/lib/thumb/v7e-m+fp/hard\libstdc++.a(si_class_type_info.o)
                0x0800ba3c                __cxxabiv1::__si_class_type_info::__do_find_public_src(int, void const*, __cxxabiv1::__class_type_info const*, void const*) const
 .text._ZNK10__cxxabiv120__si_class_type_info12__do_dyncastEiNS_17__class_type_info10__sub_kindEPKS1_PKvS4_S6_RNS1_16__dyncast_resultE
                0x0800ba78       0x80 g:/embedded_config/10 2021.10/bin/../lib/gcc/arm-none-eabi/10.3.1/../../../../arm-none-eabi/lib/thumb/v7e-m+fp/hard\libstdc++.a(si_class_type_info.o)
                0x0800ba78                __cxxabiv1::__si_class_type_info::__do_dyncast(int, __cxxabiv1::__class_type_info::__sub_kind, __cxxabiv1::__class_type_info const*, void const*, __cxxabiv1::__class_type_info const*, void const*, __cxxabiv1::__class_type_info::__dyncast_result&) const
 .text._ZNK10__cxxabiv120__si_class_type_info11__do_upcastEPKNS_17__class_type_infoEPKvRNS1_15__upcast_resultE
                0x0800baf8       0x2c g:/embedded_config/10 2021.10/bin/../lib/gcc/arm-none-eabi/10.3.1/../../../../arm-none-eabi/lib/thumb/v7e-m+fp/hard\libstdc++.a(si_class_type_info.o)
                0x0800baf8                __cxxabiv1::__si_class_type_info::__do_upcast(__cxxabiv1::__class_type_info const*, void const*, __cxxabiv1::__class_type_info::__upcast_result&) const
 .text._ZNSt9type_infoD2Ev
                0x0800bb24        0x4 g:/embedded_config/10 2021.10/bin/../lib/gcc/arm-none-eabi/10.3.1/../../../../arm-none-eabi/lib/thumb/v7e-m+fp/hard\libstdc++.a(tinfo.o)
                0x0800bb24                std::type_info::~type_info()
                0x0800bb24                std::type_info::~type_info()
 .text._ZNKSt9type_info14__is_pointer_pEv
                0x0800bb28        0x4 g:/embedded_config/10 2021.10/bin/../lib/gcc/arm-none-eabi/10.3.1/../../../../arm-none-eabi/lib/thumb/v7e-m+fp/hard\libstdc++.a(tinfo.o)
                0x0800bb28                std::type_info::__is_pointer_p() const
                0x0800bb28                std::type_info::__is_function_p() const
 .text._ZNKSt9type_infoeqERKS_
                0x0800bb2c       0x2c g:/embedded_config/10 2021.10/bin/../lib/gcc/arm-none-eabi/10.3.1/../../../../arm-none-eabi/lib/thumb/v7e-m+fp/hard\libstdc++.a(tinfo.o)
                0x0800bb2c                std::type_info::operator==(std::type_info const&) const
 .text._ZN10__cxxabiv121__vmi_class_type_infoD2Ev
                0x0800bb58       0x14 g:/embedded_config/10 2021.10/bin/../lib/gcc/arm-none-eabi/10.3.1/../../../../arm-none-eabi/lib/thumb/v7e-m+fp/hard\libstdc++.a(vmi_class_type_info.o)
                0x0800bb58                __cxxabiv1::__vmi_class_type_info::~__vmi_class_type_info()
                0x0800bb58                __cxxabiv1::__vmi_class_type_info::~__vmi_class_type_info()
 .text._ZN10__cxxabiv121__vmi_class_type_infoD0Ev
                0x0800bb6c       0x1c g:/embedded_config/10 2021.10/bin/../lib/gcc/arm-none-eabi/10.3.1/../../../../arm-none-eabi/lib/thumb/v7e-m+fp/hard\libstdc++.a(vmi_class_type_info.o)
                0x0800bb6c                __cxxabiv1::__vmi_class_type_info::~__vmi_class_type_info()
 .text._ZNK10__cxxabiv121__vmi_class_type_info20__do_find_public_srcEiPKvPKNS_17__class_type_infoES2_
                0x0800bb88       0x88 g:/embedded_config/10 2021.10/bin/../lib/gcc/arm-none-eabi/10.3.1/../../../../arm-none-eabi/lib/thumb/v7e-m+fp/hard\libstdc++.a(vmi_class_type_info.o)
                0x0800bb88                __cxxabiv1::__vmi_class_type_info::__do_find_public_src(int, void const*, __cxxabiv1::__class_type_info const*, void const*) const
 .text._ZNK10__cxxabiv121__vmi_class_type_info12__do_dyncastEiNS_17__class_type_info10__sub_kindEPKS1_PKvS4_S6_RNS1_16__dyncast_resultE
                0x0800bc10      0x3d0 g:/embedded_config/10 2021.10/bin/../lib/gcc/arm-none-eabi/10.3.1/../../../../arm-none-eabi/lib/thumb/v7e-m+fp/hard\libstdc++.a(vmi_class_type_info.o)
                0x0800bc10                __cxxabiv1::__vmi_class_type_info::__do_dyncast(int, __cxxabiv1::__class_type_info::__sub_kind, __cxxabiv1::__class_type_info const*, void const*, __cxxabiv1::__class_type_info const*, void const*, __cxxabiv1::__class_type_info::__dyncast_result&) const
 .text._ZNK10__cxxabiv121__vmi_class_type_info11__do_upcastEPKNS_17__class_type_infoEPKvRNS1_15__upcast_resultE
                0x0800bfe0      0x160 g:/embedded_config/10 2021.10/bin/../lib/gcc/arm-none-eabi/10.3.1/../../../../arm-none-eabi/lib/thumb/v7e-m+fp/hard\libstdc++.a(vmi_class_type_info.o)
                0x0800bfe0                __cxxabiv1::__vmi_class_type_info::__do_upcast(__cxxabiv1::__class_type_info const*, void const*, __cxxabiv1::__class_type_info::__upcast_result&) const
 .text._ZdlPv   0x0800c140        0x4 g:/embedded_config/10 2021.10/bin/../lib/gcc/arm-none-eabi/10.3.1/../../../../arm-none-eabi/lib/thumb/v7e-m+fp/hard\libstdc++.a(del_op.o)
                0x0800c140                operator delete(void*)
 .text.expf     0x0800c144       0x78 g:/embedded_config/10 2021.10/bin/../lib/gcc/arm-none-eabi/10.3.1/../../../../arm-none-eabi/lib/thumb/v7e-m+fp/hard\libm.a(lib_a-wf_exp.o)
                0x0800c144                expf
 .text.__ieee754_expf
                0x0800c1bc      0x1e8 g:/embedded_config/10 2021.10/bin/../lib/gcc/arm-none-eabi/10.3.1/../../../../arm-none-eabi/lib/thumb/v7e-m+fp/hard\libm.a(lib_a-ef_exp.o)
                0x0800c1bc                __ieee754_expf
 .text.with_errnof
                0x0800c3a4       0x18 g:/embedded_config/10 2021.10/bin/../lib/gcc/arm-none-eabi/10.3.1/../../../../arm-none-eabi/lib/thumb/v7e-m+fp/hard\libm.a(lib_a-math_errf.o)
 .text.xflowf   0x0800c3bc       0x20 g:/embedded_config/10 2021.10/bin/../lib/gcc/arm-none-eabi/10.3.1/../../../../arm-none-eabi/lib/thumb/v7e-m+fp/hard\libm.a(lib_a-math_errf.o)
 .text.__math_uflowf
                0x0800c3dc        0xc g:/embedded_config/10 2021.10/bin/../lib/gcc/arm-none-eabi/10.3.1/../../../../arm-none-eabi/lib/thumb/v7e-m+fp/hard\libm.a(lib_a-math_errf.o)
                0x0800c3dc                __math_uflowf
 .text.__math_oflowf
                0x0800c3e8        0xc g:/embedded_config/10 2021.10/bin/../lib/gcc/arm-none-eabi/10.3.1/../../../../arm-none-eabi/lib/thumb/v7e-m+fp/hard\libm.a(lib_a-math_errf.o)
                0x0800c3e8                __math_oflowf
 .text.finitef  0x0800c3f4       0x1c g:/embedded_config/10 2021.10/bin/../lib/gcc/arm-none-eabi/10.3.1/../../../../arm-none-eabi/lib/thumb/v7e-m+fp/hard\libm.a(lib_a-sf_finite.o)
                0x0800c3f4                finitef
 .text.abort    0x0800c410       0x10 g:/embedded_config/10 2021.10/bin/../lib/gcc/arm-none-eabi/10.3.1/../../../../arm-none-eabi/lib/thumb/v7e-m+fp/hard\libg.a(lib_a-abort.o)
                0x0800c410                abort
 .text.__cxa_atexit
                0x0800c420        0xc g:/embedded_config/10 2021.10/bin/../lib/gcc/arm-none-eabi/10.3.1/../../../../arm-none-eabi/lib/thumb/v7e-m+fp/hard\libg.a(lib_a-cxa_atexit.o)
                0x0800c420                __cxa_atexit
 .text.__errno  0x0800c42c        0xc g:/embedded_config/10 2021.10/bin/../lib/gcc/arm-none-eabi/10.3.1/../../../../arm-none-eabi/lib/thumb/v7e-m+fp/hard\libg.a(lib_a-errno.o)
                0x0800c42c                __errno
 .text.__libc_init_array
                0x0800c438       0x48 g:/embedded_config/10 2021.10/bin/../lib/gcc/arm-none-eabi/10.3.1/../../../../arm-none-eabi/lib/thumb/v7e-m+fp/hard\libg.a(lib_a-init.o)
                0x0800c438                __libc_init_array
 .text.free     0x0800c480       0x10 g:/embedded_config/10 2021.10/bin/../lib/gcc/arm-none-eabi/10.3.1/../../../../arm-none-eabi/lib/thumb/v7e-m+fp/hard\libg.a(lib_a-malloc.o)
                0x0800c480                free
 .text.memset   0x0800c490       0xa4 g:/embedded_config/10 2021.10/bin/../lib/gcc/arm-none-eabi/10.3.1/../../../../arm-none-eabi/lib/thumb/v7e-m+fp/hard\libg.a(lib_a-memset.o)
                0x0800c490                memset
 .text.__malloc_lock
                0x0800c534        0xc g:/embedded_config/10 2021.10/bin/../lib/gcc/arm-none-eabi/10.3.1/../../../../arm-none-eabi/lib/thumb/v7e-m+fp/hard\libg.a(lib_a-mlock.o)
                0x0800c534                __malloc_lock
 .text.__malloc_unlock
                0x0800c540        0xc g:/embedded_config/10 2021.10/bin/../lib/gcc/arm-none-eabi/10.3.1/../../../../arm-none-eabi/lib/thumb/v7e-m+fp/hard\libg.a(lib_a-mlock.o)
                0x0800c540                __malloc_unlock
 .text._sbrk_r  0x0800c54c       0x24 g:/embedded_config/10 2021.10/bin/../lib/gcc/arm-none-eabi/10.3.1/../../../../arm-none-eabi/lib/thumb/v7e-m+fp/hard\libg.a(lib_a-sbrkr.o)
                0x0800c54c                _sbrk_r
 .text.raise    0x0800c570       0x5c g:/embedded_config/10 2021.10/bin/../lib/gcc/arm-none-eabi/10.3.1/../../../../arm-none-eabi/lib/thumb/v7e-m+fp/hard\libg.a(lib_a-signal.o)
                0x0800c570                raise
 .text._kill_r  0x0800c5cc       0x2c g:/embedded_config/10 2021.10/bin/../lib/gcc/arm-none-eabi/10.3.1/../../../../arm-none-eabi/lib/thumb/v7e-m+fp/hard\libg.a(lib_a-signalr.o)
                0x0800c5cc                _kill_r
 .text._getpid_r
                0x0800c5f8        0x4 g:/embedded_config/10 2021.10/bin/../lib/gcc/arm-none-eabi/10.3.1/../../../../arm-none-eabi/lib/thumb/v7e-m+fp/hard\libg.a(lib_a-signalr.o)
                0x0800c5f8                _getpid_r
 .text.__register_exitproc
                0x0800c5fc       0x8c g:/embedded_config/10 2021.10/bin/../lib/gcc/arm-none-eabi/10.3.1/../../../../arm-none-eabi/lib/thumb/v7e-m+fp/hard\libg.a(lib_a-__atexit.o)
                0x0800c5fc                __register_exitproc
 .text.startup.register_fini
                0x0800c688       0x14 g:/embedded_config/10 2021.10/bin/../lib/gcc/arm-none-eabi/10.3.1/../../../../arm-none-eabi/lib/thumb/v7e-m+fp/hard\libg.a(lib_a-__call_atexit.o)
 .text.atexit   0x0800c69c        0xc g:/embedded_config/10 2021.10/bin/../lib/gcc/arm-none-eabi/10.3.1/../../../../arm-none-eabi/lib/thumb/v7e-m+fp/hard\libg.a(lib_a-atexit.o)
                0x0800c69c                atexit
 .text.__libc_fini_array
                0x0800c6a8       0x2c g:/embedded_config/10 2021.10/bin/../lib/gcc/arm-none-eabi/10.3.1/../../../../arm-none-eabi/lib/thumb/v7e-m+fp/hard\libg.a(lib_a-fini.o)
                0x0800c6a8                __libc_fini_array
 .text._malloc_trim_r
                0x0800c6d4       0xa0 g:/embedded_config/10 2021.10/bin/../lib/gcc/arm-none-eabi/10.3.1/../../../../arm-none-eabi/lib/thumb/v7e-m+fp/hard\libg.a(lib_a-freer.o)
                0x0800c6d4                _malloc_trim_r
 .text._free_r  0x0800c774      0x20c g:/embedded_config/10 2021.10/bin/../lib/gcc/arm-none-eabi/10.3.1/../../../../arm-none-eabi/lib/thumb/v7e-m+fp/hard\libg.a(lib_a-freer.o)
                0x0800c774                _free_r
 .text.__retarget_lock_acquire_recursive
                0x0800c980        0x4 g:/embedded_config/10 2021.10/bin/../lib/gcc/arm-none-eabi/10.3.1/../../../../arm-none-eabi/lib/thumb/v7e-m+fp/hard\libg.a(lib_a-lock.o)
                0x0800c980                __retarget_lock_acquire_recursive
 .text.__retarget_lock_release_recursive
                0x0800c984        0x4 g:/embedded_config/10 2021.10/bin/../lib/gcc/arm-none-eabi/10.3.1/../../../../arm-none-eabi/lib/thumb/v7e-m+fp/hard\libg.a(lib_a-lock.o)
                0x0800c984                __retarget_lock_release_recursive
 *(.glue_7)
 .glue_7        0x0800c988        0x0 linker stubs
 *(.glue_7t)
 .glue_7t       0x0800c988        0x0 linker stubs
 *(.eh_frame)
 .eh_frame      0x0800c988        0x0 g:/embedded_config/10 2021.10/bin/../lib/gcc/arm-none-eabi/10.3.1/thumb/v7e-m+fp/hard/crtbegin.o
 *(.init)
 .init          0x0800c988        0x4 g:/embedded_config/10 2021.10/bin/../lib/gcc/arm-none-eabi/10.3.1/thumb/v7e-m+fp/hard/crti.o
                0x0800c988                _init
 .init          0x0800c98c        0x8 g:/embedded_config/10 2021.10/bin/../lib/gcc/arm-none-eabi/10.3.1/thumb/v7e-m+fp/hard/crtn.o
 *(.fini)
 .fini          0x0800c994        0x4 g:/embedded_config/10 2021.10/bin/../lib/gcc/arm-none-eabi/10.3.1/thumb/v7e-m+fp/hard/crti.o
                0x0800c994                _fini
 .fini          0x0800c998        0x8 g:/embedded_config/10 2021.10/bin/../lib/gcc/arm-none-eabi/10.3.1/thumb/v7e-m+fp/hard/crtn.o
                0x0800c9a0                . = ALIGN (0x4)
                0x0800c9a0                _etext = .

.vfp11_veneer   0x0800c9a0        0x0
 .vfp11_veneer  0x0800c9a0        0x0 linker stubs

.v4_bx          0x0800c9a0        0x0
 .v4_bx         0x0800c9a0        0x0 linker stubs

.iplt           0x0800c9a0        0x0
 .iplt          0x0800c9a0        0x0 g:/embedded_config/10 2021.10/bin/../lib/gcc/arm-none-eabi/10.3.1/thumb/v7e-m+fp/hard/crtbegin.o

.ramfunc        0x0800c9a0      0x7f0
 .ramfunc       0x0800c9a0      0x480 CMakeFiles/DRIVE_CMAKE.elf.dir/Foc/core/Src/foc_ctrl.cpp.obj
                0x0800c9a0                HfiVolt
                0x0800ca14                HfiCurrent
                0x0800cac4                FocVolt
                0x0800cb28                FocIFVolt(float, float)